=== npm publish scheduled run 2026-06-02T22:00:13+05:00 ===
Using npm config: /Users/aftabahmadkhan/.npmrc
mr-aftab-ahmad-khan
Pending: 104 · This run: 20 (limit 20)

npm auth OK (mr-aftab-ahmad-khan)
npm auth OK (mr-aftab-ahmad-khan)

> adminforgex@0.1.0 build
> tsup

CLI Building entry: {"index":"src/index.ts"}
CLI Using tsconfig: tsconfig.json
CLI tsup v8.5.1
CLI Using tsup config: /Users/aftabahmadkhan/Github/Personal/NPM/mern/adminforge/tsup.config.ts
CLI Target: node18
CLI Cleaning output folder
ESM Build start
CJS Build start
CJS dist/index.cjs     1.41 KB
CJS dist/index.cjs.map 1.23 KB
CJS ⚡️ Build success in 7ms
ESM dist/index.js     352.00 B
ESM dist/index.js.map 1.17 KB
ESM ⚡️ Build success in 7ms
DTS Build start
DTS ⚡️ Build success in 750ms
DTS dist/index.d.ts  1022.00 B
DTS dist/index.d.cts 1022.00 B

> aggra@0.1.0 build
> tsup

CLI Building entry: {"index":"src/index.ts"}
CLI Using tsconfig: tsconfig.json
CLI tsup v8.5.1
CLI Using tsup config: /Users/aftabahmadkhan/Github/Personal/NPM/mern/aggra/tsup.config.ts
CLI Target: node18
CLI Cleaning output folder
ESM Build start
CJS Build start
CJS dist/index.cjs     2.28 KB
CJS dist/index.cjs.map 2.97 KB
CJS ⚡️ Build success in 8ms
ESM dist/index.js     1.24 KB
ESM dist/index.js.map 2.92 KB
ESM ⚡️ Build success in 8ms
DTS Build start
DTS ⚡️ Build success in 546ms
DTS dist/index.d.ts  963.00 B
DTS dist/index.d.cts 963.00 B

> apiblocks@0.1.0 build
> tsup

CLI Building entry: {"index":"src/index.ts"}
CLI Using tsconfig: tsconfig.json
CLI tsup v8.5.1
CLI Using tsup config: /Users/aftabahmadkhan/Github/Personal/NPM/mern/apiblocks/tsup.config.ts
CLI Target: node18
CLI Cleaning output folder
ESM Build start
CJS Build start
ESM dist/index.js     1.70 KB
ESM dist/index.js.map 3.96 KB
ESM ⚡️ Build success in 8ms
CJS dist/index.cjs     2.86 KB
CJS dist/index.cjs.map 4.02 KB
CJS ⚡️ Build success in 9ms
DTS Build start
DTS ⚡️ Build success in 536ms
DTS dist/index.d.ts  1.29 KB
DTS dist/index.d.cts 1.29 KB

> apilifecycle@0.1.0 build
> tsup

CLI Building entry: {"index":"src/index.ts"}
CLI Using tsconfig: tsconfig.json
CLI tsup v8.5.1
CLI Using tsup config: /Users/aftabahmadkhan/Github/Personal/NPM/mern/apilifecycle/tsup.config.ts
CLI Target: node18
CLI Cleaning output folder
ESM Build start
CJS Build start
ESM dist/index.js     519.00 B
ESM dist/index.js.map 980.00 B
ESM ⚡️ Build success in 7ms
CJS dist/index.cjs     1.57 KB
CJS dist/index.cjs.map 1.00 KB
CJS ⚡️ Build success in 7ms
DTS Build start
DTS ⚡️ Build success in 523ms
DTS dist/index.d.ts  366.00 B
DTS dist/index.d.cts 366.00 B

> archsense@0.1.3 build
> tsup

CLI Building entry: {"index":"src/index.ts","cli":"src/cli.ts"}
CLI Using tsconfig: tsconfig.json
CLI tsup v8.5.1
CLI Using tsup config: /Users/aftabahmadkhan/Github/Personal/NPM/mern/archsense/tsup.config.ts
CLI Target: node18
CLI Cleaning output folder
ESM Build start
CJS Build start
ESM dist/cli.js                2.92 KB
ESM dist/index.js              638.00 B
ESM dist/chunk-3D2XUDUI.js     15.82 KB
ESM dist/cli.js.map            5.87 KB
ESM dist/index.js.map          71.00 B
ESM dist/chunk-3D2XUDUI.js.map 29.79 KB
ESM ⚡️ Build success in 14ms
CJS dist/index.cjs     18.59 KB
CJS dist/cli.cjs       20.39 KB
CJS dist/index.cjs.map 30.59 KB
CJS dist/cli.cjs.map   35.78 KB
CJS ⚡️ Build success in 14ms
DTS Build start
DTS ⚡️ Build success in 1012ms
DTS dist/cli.d.ts    20.00 B
DTS dist/index.d.ts  2.97 KB
DTS dist/cli.d.cts   20.00 B
DTS dist/index.d.cts 2.97 KB

> backendforge@0.1.0 build
> tsup

CLI Building entry: {"index":"src/index.ts","cli":"src/cli.ts"}
CLI Using tsconfig: tsconfig.json
CLI tsup v8.5.1
CLI Using tsup config: /Users/aftabahmadkhan/Github/Personal/NPM/mern/backendforge/tsup.config.ts
CLI Target: node18
CLI Cleaning output folder
ESM Build start
CJS Build start
CJS dist/index.cjs     2.92 KB
CJS dist/cli.cjs       3.08 KB
CJS dist/index.cjs.map 2.47 KB
CJS dist/cli.cjs.map   3.48 KB
CJS ⚡️ Build success in 9ms
ESM dist/index.js              118.00 B
ESM dist/chunk-CGYPKMSG.js     1.22 KB
ESM dist/cli.js                594.00 B
ESM dist/index.js.map          71.00 B
ESM dist/chunk-CGYPKMSG.js.map 2.41 KB
ESM dist/cli.js.map            1.08 KB
ESM ⚡️ Build success in 9ms
DTS Build start
DTS ⚡️ Build success in 526ms
DTS dist/index.d.ts  305.00 B
DTS dist/index.d.cts 305.00 B

> cacheflow@0.1.0 build
> tsup

CLI Building entry: {"index":"src/index.ts"}
CLI Using tsconfig: tsconfig.json
CLI tsup v8.5.1
CLI Using tsup config: /Users/aftabahmadkhan/Github/Personal/NPM/mern/cacheflow/tsup.config.ts
CLI Target: node18
CLI Cleaning output folder
ESM Build start
CJS Build start
CJS dist/index.cjs     2.13 KB
CJS dist/index.cjs.map 2.20 KB
CJS ⚡️ Build success in 7ms
ESM dist/index.js     1.12 KB
ESM dist/index.js.map 2.15 KB
ESM ⚡️ Build success in 8ms
DTS Build start
DTS ⚡️ Build success in 521ms
DTS dist/index.d.ts  557.00 B
DTS dist/index.d.cts 557.00 B

> cacheforgex@0.1.0 build
> tsup

CLI Building entry: {"index":"src/index.ts"}
CLI Using tsconfig: tsconfig.json
CLI tsup v8.5.1
CLI Using tsup config: /Users/aftabahmadkhan/Github/Personal/NPM/mern/cacheforge/tsup.config.ts
CLI Target: node18
CLI Cleaning output folder
ESM Build start
CJS Build start
CJS dist/index.cjs     1.55 KB
CJS dist/index.cjs.map 1.18 KB
CJS ⚡️ Build success in 7ms
ESM dist/index.js     551.00 B
ESM dist/index.js.map 1.13 KB
ESM ⚡️ Build success in 7ms
DTS Build start
DTS ⚡️ Build success in 534ms
DTS dist/index.d.ts  365.00 B
DTS dist/index.d.cts 365.00 B

> cachemesh@0.1.0 build
> tsup

CLI Building entry: {"index":"src/index.ts"}
CLI Using tsconfig: tsconfig.json
CLI tsup v8.5.1
CLI Using tsup config: /Users/aftabahmadkhan/Github/Personal/NPM/mern/cachemesh/tsup.config.ts
CLI Target: node18
CLI Cleaning output folder
ESM Build start
CJS Build start
ESM dist/index.js     1.66 KB
ESM dist/index.js.map 3.98 KB
ESM ⚡️ Build success in 7ms
CJS dist/index.cjs     2.68 KB
CJS dist/index.cjs.map 4.03 KB
CJS ⚡️ Build success in 7ms
DTS Build start
DTS ⚡️ Build success in 566ms
DTS dist/index.d.ts  1.28 KB
DTS dist/index.d.cts 1.28 KB

> codemorph@0.1.0 build
> tsup

CLI Building entry: {"index":"src/index.ts","cli":"src/cli.ts"}
CLI Using tsconfig: tsconfig.json
CLI tsup v8.5.1
CLI Using tsup config: /Users/aftabahmadkhan/Github/Personal/NPM/mern/codemorph/tsup.config.ts
CLI Target: node18
CLI Cleaning output folder
ESM Build start
CJS Build start
ESM dist/index.js              178.00 B
ESM dist/chunk-DTLYNWDV.js     1.46 KB
ESM dist/cli.js                808.00 B
ESM dist/index.js.map          71.00 B
ESM dist/chunk-DTLYNWDV.js.map 3.20 KB
ESM dist/cli.js.map            1.48 KB
ESM ⚡️ Build success in 9ms
CJS dist/index.cjs     3.22 KB
CJS dist/cli.cjs       3.53 KB
CJS dist/index.cjs.map 3.26 KB
CJS dist/cli.cjs.map   4.70 KB
CJS ⚡️ Build success in 9ms
DTS Build start
DTS ⚡️ Build success in 552ms
DTS dist/index.d.ts  562.00 B
DTS dist/index.d.cts 562.00 B

> configforgex@0.1.0 build
> tsup

CLI Building entry: {"index":"src/index.ts"}
CLI Using tsconfig: tsconfig.json
CLI tsup v8.5.1
CLI Using tsup config: /Users/aftabahmadkhan/Github/Personal/NPM/mern/configforge/tsup.config.ts
CLI Target: node18
CLI Cleaning output folder
ESM Build start
CJS Build start
ESM dist/index.js     248.00 B
ESM dist/index.js.map 528.00 B
ESM ⚡️ Build success in 7ms
CJS dist/index.cjs     1.27 KB
CJS dist/index.cjs.map 573.00 B
CJS ⚡️ Build success in 7ms
DTS Build start
DTS ⚡️ Build success in 539ms
DTS dist/index.d.ts  190.00 B
DTS dist/index.d.cts 190.00 B

> cronmesh@0.1.0 build
> tsup

CLI Building entry: {"index":"src/index.ts"}
CLI Using tsconfig: tsconfig.json
CLI tsup v8.5.1
CLI Using tsup config: /Users/aftabahmadkhan/Github/Personal/NPM/mern/cronmesh/tsup.config.ts
CLI Target: node18
CLI Cleaning output folder
ESM Build start
CJS Build start
ESM dist/index.js     399.00 B
ESM dist/index.js.map 927.00 B
ESM ⚡️ Build success in 7ms
CJS dist/index.cjs     1.39 KB
CJS dist/index.cjs.map 976.00 B
CJS ⚡️ Build success in 7ms
DTS Build start
DTS ⚡️ Build success in 521ms
DTS dist/index.d.ts  433.00 B
DTS dist/index.d.cts 433.00 B

> ctrlflowx@0.1.0 build
> tsup

CLI Building entry: {"index":"src/index.ts"}
CLI Using tsconfig: tsconfig.json
CLI tsup v8.5.1
CLI Using tsup config: /Users/aftabahmadkhan/Github/Personal/NPM/mern/ctrlflow/tsup.config.ts
CLI Target: node18
CLI Cleaning output folder
ESM Build start
CJS Build start
CJS dist/index.cjs     1.45 KB
CJS dist/index.cjs.map 929.00 B
CJS ⚡️ Build success in 6ms
ESM dist/index.js     427.00 B
ESM dist/index.js.map 879.00 B
ESM ⚡️ Build success in 7ms
DTS Build start
DTS ⚡️ Build success in 525ms
DTS dist/index.d.ts  321.00 B
DTS dist/index.d.cts 321.00 B

> dbflow@0.1.0 build
> tsup

CLI Building entry: {"index":"src/index.ts"}
CLI Using tsconfig: tsconfig.json
CLI tsup v8.5.1
CLI Using tsup config: /Users/aftabahmadkhan/Github/Personal/NPM/mern/dbflow/tsup.config.ts
CLI Target: node18
CLI Cleaning output folder
ESM Build start
CJS Build start
ESM dist/index.js     119.00 B
ESM dist/index.js.map 373.00 B
ESM ⚡️ Build success in 7ms
CJS dist/index.cjs     1.10 KB
CJS dist/index.cjs.map 417.00 B
CJS ⚡️ Build success in 7ms
DTS Build start
DTS ⚡️ Build success in 548ms
DTS dist/index.d.ts  277.00 B
DTS dist/index.d.cts 277.00 B

> dbmesh@0.1.0 build
> tsup

CLI Building entry: {"index":"src/index.ts"}
CLI Using tsconfig: tsconfig.json
CLI tsup v8.5.1
CLI Using tsup config: /Users/aftabahmadkhan/Github/Personal/NPM/mern/dbmesh/tsup.config.ts
CLI Target: node18
CLI Cleaning output folder
ESM Build start
CJS Build start
CJS dist/index.cjs     1.48 KB
CJS dist/index.cjs.map 1.44 KB
CJS ⚡️ Build success in 7ms
ESM dist/index.js     496.00 B
ESM dist/index.js.map 1.39 KB
ESM ⚡️ Build success in 8ms
DTS Build start
DTS ⚡️ Build success in 534ms
DTS dist/index.d.ts  564.00 B
DTS dist/index.d.cts 564.00 B

> deployguard@0.1.0 build
> tsup

CLI Building entry: {"index":"src/index.ts","cli":"src/cli.ts"}
CLI Using tsconfig: tsconfig.json
CLI tsup v8.5.1
CLI Using tsup config: /Users/aftabahmadkhan/Github/Personal/NPM/mern/deployguard/tsup.config.ts
CLI Target: node18
CLI Cleaning output folder
ESM Build start
CJS Build start
ESM dist/chunk-NUQQCINV.js     3.17 KB
ESM dist/cli.js                763.00 B
ESM dist/index.js              322.00 B
ESM dist/index.js.map          71.00 B
ESM dist/cli.js.map            1.45 KB
ESM dist/chunk-NUQQCINV.js.map 5.88 KB
ESM ⚡️ Build success in 11ms
CJS dist/index.cjs     5.09 KB
CJS dist/cli.cjs       5.15 KB
CJS dist/index.cjs.map 5.95 KB
CJS dist/cli.cjs.map   7.33 KB
CJS ⚡️ Build success in 11ms
DTS Build start
DTS ⚡️ Build success in 990ms
DTS dist/cli.d.ts    20.00 B
DTS dist/index.d.ts  697.00 B
DTS dist/cli.d.cts   20.00 B
DTS dist/index.d.cts 697.00 B

> docstack@0.1.0 build
> tsup

CLI Building entry: {"index":"src/index.ts","cli":"src/cli.ts"}
CLI Using tsconfig: tsconfig.json
CLI tsup v8.5.1
CLI Using tsup config: /Users/aftabahmadkhan/Github/Personal/NPM/mern/docstack/tsup.config.ts
CLI Target: node18
CLI Cleaning output folder
ESM Build start
CJS Build start
CJS dist/index.cjs     1.08 KB
CJS dist/cli.cjs       2.00 KB
CJS dist/index.cjs.map 224.00 B
CJS dist/cli.cjs.map   1.28 KB
CJS ⚡️ Build success in 8ms
ESM dist/cli.js       702.00 B
ESM dist/index.js     109.00 B
ESM dist/index.js.map 180.00 B
ESM dist/cli.js.map   1.25 KB
ESM ⚡️ Build success in 9ms
DTS Build start
DTS ⚡️ Build success in 547ms
DTS dist/index.d.ts  73.00 B
DTS dist/index.d.cts 73.00 B

> duoapi@0.1.0 build
> tsup

CLI Building entry: {"index":"src/index.ts"}
CLI Using tsconfig: tsconfig.json
CLI tsup v8.5.1
CLI Using tsup config: /Users/aftabahmadkhan/Github/Personal/NPM/mern/duoapi/tsup.config.ts
CLI Target: node18
CLI Cleaning output folder
ESM Build start
CJS Build start
CJS dist/index.cjs     1.43 KB
CJS dist/index.cjs.map 1.03 KB
CJS ⚡️ Build success in 7ms
ESM dist/index.js     431.00 B
ESM dist/index.js.map 1012.00 B
ESM ⚡️ Build success in 7ms
DTS Build start
DTS ⚡️ Build success in 626ms
DTS dist/index.d.ts  360.00 B
DTS dist/index.d.cts 360.00 B

> envguard@0.1.3 build
> tsup

CLI Building entry: {"index":"src/index.ts","cli":"src/cli.ts"}
CLI Using tsconfig: tsconfig.json
CLI tsup v8.5.1
CLI Using tsup config: /Users/aftabahmadkhan/Github/Personal/NPM/mern/envguard/tsup.config.ts
CLI Target: node18
CLI Cleaning output folder
ESM Build start
CJS Build start
ESM dist/cli.js                2.92 KB
ESM dist/index.js              738.00 B
ESM dist/chunk-GO4IMUE6.js     8.41 KB
ESM dist/cli.js.map            5.69 KB
ESM dist/index.js.map          1.32 KB
ESM dist/chunk-GO4IMUE6.js.map 16.71 KB
ESM ⚡️ Build success in 12ms
CJS dist/cli.cjs       6.92 KB
CJS dist/index.cjs     10.19 KB
CJS dist/cli.cjs.map   18.09 KB
CJS dist/index.cjs.map 18.07 KB
CJS ⚡️ Build success in 12ms
DTS Build start
DTS ⚡️ Build success in 1020ms
DTS dist/cli.d.ts    20.00 B
DTS dist/index.d.ts  3.74 KB
DTS dist/cli.d.cts   20.00 B
DTS dist/index.d.cts 3.74 KB

> eventforge@0.1.0 build
> tsup

CLI Building entry: {"index":"src/index.ts"}
CLI Using tsconfig: tsconfig.json
CLI tsup v8.5.1
CLI Using tsup config: /Users/aftabahmadkhan/Github/Personal/NPM/mern/eventforge/tsup.config.ts
CLI Target: node18
CLI Cleaning output folder
ESM Build start
CJS Build start
ESM dist/index.js     395.00 B
ESM dist/index.js.map 818.00 B
ESM ⚡️ Build success in 7ms
CJS dist/index.cjs     1.40 KB
CJS dist/index.cjs.map 867.00 B
CJS ⚡️ Build success in 7ms
DTS Build start
DTS ⚡️ Build success in 543ms
DTS dist/index.d.ts  289.00 B
DTS dist/index.d.cts 289.00 B

> backendforge@0.1.0 prepublishOnly
> npm run build


> backendforge@0.1.0 build
> tsup

CLI Building entry: {"index":"src/index.ts","cli":"src/cli.ts"}
CLI Using tsconfig: tsconfig.json
CLI tsup v8.5.1
CLI Using tsup config: /Users/aftabahmadkhan/Github/Personal/NPM/mern/backendforge/tsup.config.ts
CLI Target: node18
CLI Cleaning output folder
ESM Build start
CJS Build start
CJS dist/index.cjs     2.92 KB
CJS dist/cli.cjs       3.08 KB
CJS dist/index.cjs.map 2.47 KB
CJS dist/cli.cjs.map   3.48 KB
CJS ⚡️ Build success in 12ms
ESM dist/chunk-CGYPKMSG.js     1.22 KB
ESM dist/index.js              118.00 B
ESM dist/cli.js                594.00 B
ESM dist/chunk-CGYPKMSG.js.map 2.41 KB
ESM dist/index.js.map          71.00 B
ESM dist/cli.js.map            1.08 KB
ESM ⚡️ Build success in 12ms
DTS Build start
DTS ⚡️ Build success in 766ms
DTS dist/index.d.ts  305.00 B
DTS dist/index.d.cts 305.00 B
npm notice
npm notice package: backendforge@0.1.0
npm notice Tarball Contents
npm notice 49B CHANGELOG.md
npm notice 1.1kB LICENSE
npm notice 783B README.md
npm notice 47B backendforge.cjs
npm notice 1.2kB dist/chunk-CGYPKMSG.js
npm notice 2.5kB dist/chunk-CGYPKMSG.js.map
npm notice 3.2kB dist/cli.cjs
npm notice 3.6kB dist/cli.cjs.map
npm notice 594B dist/cli.js
npm notice 1.1kB dist/cli.js.map
npm notice 3.0kB dist/index.cjs
npm notice 2.5kB dist/index.cjs.map
npm notice 305B dist/index.d.cts
npm notice 305B dist/index.d.ts
npm notice 118B dist/index.js
npm notice 71B dist/index.js.map
npm notice 1.6kB package.json
npm notice Tarball Details
npm notice name: backendforge
npm notice version: 0.1.0
npm notice filename: backendforge-0.1.0.tgz
npm notice package size: 5.1 kB
npm notice unpacked size: 22.0 kB
npm notice shasum: c80a5c9fcb56f636921b105043b7e135c8f422db
npm notice integrity: sha512-SoSdTWKXKwU3k[...]4VfDKKcF9mIrA==
npm notice total files: 17
npm notice
npm notice Publishing to https://registry.npmjs.org/ with tag latest and public access
npm error code E403
npm error 403 403 Forbidden - PUT https://registry.npmjs.org/backendforge - Package name too similar to existing package backend-forge; try renaming your package to '@mr-aftab-ahmad-khan/backendforge' and publishing with 'npm publish --access=public' instead
npm error 403 In most cases, you or one of your dependencies are requesting
npm error 403 a package version that is forbidden by your security policy, or
npm error 403 on a server you do not have access to.
npm error A complete log of this run can be found in: /Users/aftabahmadkhan/.npm/_logs/2026-06-02T20_00_42_456Z-debug-0.log

> backendforge@0.1.0 prepublishOnly
> npm run build


> backendforge@0.1.0 build
> tsup

CLI Building entry: {"index":"src/index.ts","cli":"src/cli.ts"}
CLI Using tsconfig: tsconfig.json
CLI tsup v8.5.1
CLI Using tsup config: /Users/aftabahmadkhan/Github/Personal/NPM/mern/backendforge/tsup.config.ts
CLI Target: node18
CLI Cleaning output folder
ESM Build start
CJS Build start
CJS dist/cli.cjs       3.08 KB
CJS dist/index.cjs     2.92 KB
CJS dist/cli.cjs.map   3.48 KB
CJS dist/index.cjs.map 2.47 KB
CJS ⚡️ Build success in 9ms
ESM dist/index.js              118.00 B
ESM dist/cli.js                594.00 B
ESM dist/chunk-CGYPKMSG.js     1.22 KB
ESM dist/index.js.map          71.00 B
ESM dist/cli.js.map            1.08 KB
ESM dist/chunk-CGYPKMSG.js.map 2.41 KB
ESM ⚡️ Build success in 10ms
DTS Build start
DTS ⚡️ Build success in 772ms
DTS dist/index.d.ts  305.00 B
DTS dist/index.d.cts 305.00 B
npm notice
npm notice package: backendforge@0.1.0
npm notice Tarball Contents
npm notice 49B CHANGELOG.md
npm notice 1.1kB LICENSE
npm notice 783B README.md
npm notice 47B backendforge.cjs
npm notice 1.2kB dist/chunk-CGYPKMSG.js
npm notice 2.5kB dist/chunk-CGYPKMSG.js.map
npm notice 3.2kB dist/cli.cjs
npm notice 3.6kB dist/cli.cjs.map
npm notice 594B dist/cli.js
npm notice 1.1kB dist/cli.js.map
npm notice 3.0kB dist/index.cjs
npm notice 2.5kB dist/index.cjs.map
npm notice 305B dist/index.d.cts
npm notice 305B dist/index.d.ts
npm notice 118B dist/index.js
npm notice 71B dist/index.js.map
npm notice 1.6kB package.json
npm notice Tarball Details
npm notice name: backendforge
npm notice version: 0.1.0
npm notice filename: backendforge-0.1.0.tgz
npm notice package size: 5.1 kB
npm notice unpacked size: 22.0 kB
npm notice shasum: c80a5c9fcb56f636921b105043b7e135c8f422db
npm notice integrity: sha512-SoSdTWKXKwU3k[...]4VfDKKcF9mIrA==
npm notice total files: 17
npm notice
npm notice Publishing to https://registry.npmjs.org/ with tag latest and public access
npm error code E403
npm error 403 403 Forbidden - PUT https://registry.npmjs.org/backendforge - Package name too similar to existing package backend-forge; try renaming your package to '@mr-aftab-ahmad-khan/backendforge' and publishing with 'npm publish --access=public' instead
npm error 403 In most cases, you or one of your dependencies are requesting
npm error 403 a package version that is forbidden by your security policy, or
npm error 403 on a server you do not have access to.
npm error A complete log of this run can be found in: /Users/aftabahmadkhan/.npm/_logs/2026-06-02T20_02_20_265Z-debug-0.log

> backendforge@0.1.0 prepublishOnly
> npm run build


> backendforge@0.1.0 build
> tsup

CLI Building entry: {"index":"src/index.ts","cli":"src/cli.ts"}
CLI Using tsconfig: tsconfig.json
CLI tsup v8.5.1
CLI Using tsup config: /Users/aftabahmadkhan/Github/Personal/NPM/mern/backendforge/tsup.config.ts
CLI Target: node18
CLI Cleaning output folder
ESM Build start
CJS Build start
CJS dist/cli.cjs       3.08 KB
CJS dist/index.cjs     2.92 KB
CJS dist/cli.cjs.map   3.48 KB
CJS dist/index.cjs.map 2.47 KB
CJS ⚡️ Build success in 32ms
ESM dist/index.js              118.00 B
ESM dist/cli.js                594.00 B
ESM dist/chunk-CGYPKMSG.js     1.22 KB
ESM dist/index.js.map          71.00 B
ESM dist/chunk-CGYPKMSG.js.map 2.41 KB
ESM dist/cli.js.map            1.08 KB
ESM ⚡️ Build success in 33ms
DTS Build start
DTS ⚡️ Build success in 809ms
DTS dist/index.d.ts  305.00 B
DTS dist/index.d.cts 305.00 B
npm notice
npm notice package: backendforge@0.1.0
npm notice Tarball Contents
npm notice 49B CHANGELOG.md
npm notice 1.1kB LICENSE
npm notice 783B README.md
npm notice 47B backendforge.cjs
npm notice 1.2kB dist/chunk-CGYPKMSG.js
npm notice 2.5kB dist/chunk-CGYPKMSG.js.map
npm notice 3.2kB dist/cli.cjs
npm notice 3.6kB dist/cli.cjs.map
npm notice 594B dist/cli.js
npm notice 1.1kB dist/cli.js.map
npm notice 3.0kB dist/index.cjs
npm notice 2.5kB dist/index.cjs.map
npm notice 305B dist/index.d.cts
npm notice 305B dist/index.d.ts
npm notice 118B dist/index.js
npm notice 71B dist/index.js.map
npm notice 1.6kB package.json
npm notice Tarball Details
npm notice name: backendforge
npm notice version: 0.1.0
npm notice filename: backendforge-0.1.0.tgz
npm notice package size: 5.1 kB
npm notice unpacked size: 22.0 kB
npm notice shasum: c80a5c9fcb56f636921b105043b7e135c8f422db
npm notice integrity: sha512-SoSdTWKXKwU3k[...]4VfDKKcF9mIrA==
npm notice total files: 17
npm notice
npm notice Publishing to https://registry.npmjs.org/ with tag latest and public access
npm error code E403
npm error 403 403 Forbidden - PUT https://registry.npmjs.org/backendforge - Package name too similar to existing package backend-forge; try renaming your package to '@mr-aftab-ahmad-khan/backendforge' and publishing with 'npm publish --access=public' instead
npm error 403 In most cases, you or one of your dependencies are requesting
npm error 403 a package version that is forbidden by your security policy, or
npm error 403 on a server you do not have access to.
npm error A complete log of this run can be found in: /Users/aftabahmadkhan/.npm/_logs/2026-06-02T20_05_23_993Z-debug-0.log

> backendforge@0.1.0 prepublishOnly
> npm run build


> backendforge@0.1.0 build
> tsup

CLI Building entry: {"index":"src/index.ts","cli":"src/cli.ts"}
CLI Using tsconfig: tsconfig.json
CLI tsup v8.5.1
CLI Using tsup config: /Users/aftabahmadkhan/Github/Personal/NPM/mern/backendforge/tsup.config.ts
CLI Target: node18
CLI Cleaning output folder
ESM Build start
CJS Build start
ESM dist/index.js              118.00 B
ESM dist/cli.js                594.00 B
ESM dist/chunk-CGYPKMSG.js     1.22 KB
ESM dist/cli.js.map            1.08 KB
ESM dist/chunk-CGYPKMSG.js.map 2.41 KB
ESM dist/index.js.map          71.00 B
ESM ⚡️ Build success in 10ms
CJS dist/index.cjs     2.92 KB
CJS dist/cli.cjs       3.08 KB
CJS dist/index.cjs.map 2.47 KB
CJS dist/cli.cjs.map   3.48 KB
CJS ⚡️ Build success in 10ms
DTS Build start
DTS ⚡️ Build success in 698ms
DTS dist/index.d.ts  305.00 B
DTS dist/index.d.cts 305.00 B
npm notice
npm notice package: backendforge@0.1.0
npm notice Tarball Contents
npm notice 49B CHANGELOG.md
npm notice 1.1kB LICENSE
npm notice 783B README.md
npm notice 47B backendforge.cjs
npm notice 1.2kB dist/chunk-CGYPKMSG.js
npm notice 2.5kB dist/chunk-CGYPKMSG.js.map
npm notice 3.2kB dist/cli.cjs
npm notice 3.6kB dist/cli.cjs.map
npm notice 594B dist/cli.js
npm notice 1.1kB dist/cli.js.map
npm notice 3.0kB dist/index.cjs
npm notice 2.5kB dist/index.cjs.map
npm notice 305B dist/index.d.cts
npm notice 305B dist/index.d.ts
npm notice 118B dist/index.js
npm notice 71B dist/index.js.map
npm notice 1.6kB package.json
npm notice Tarball Details
npm notice name: backendforge
npm notice version: 0.1.0
npm notice filename: backendforge-0.1.0.tgz
npm notice package size: 5.1 kB
npm notice unpacked size: 22.0 kB
npm notice shasum: c80a5c9fcb56f636921b105043b7e135c8f422db
npm notice integrity: sha512-SoSdTWKXKwU3k[...]4VfDKKcF9mIrA==
npm notice total files: 17
npm notice
npm notice Publishing to https://registry.npmjs.org/ with tag latest and public access
npm error code E403
npm error 403 403 Forbidden - PUT https://registry.npmjs.org/backendforge - Package name too similar to existing package backend-forge; try renaming your package to '@mr-aftab-ahmad-khan/backendforge' and publishing with 'npm publish --access=public' instead
npm error 403 In most cases, you or one of your dependencies are requesting
npm error 403 a package version that is forbidden by your security policy, or
npm error 403 on a server you do not have access to.
npm error A complete log of this run can be found in: /Users/aftabahmadkhan/.npm/_logs/2026-06-02T20_09_58_777Z-debug-0.log

> backendforge@0.1.0 prepublishOnly
> npm run build


> backendforge@0.1.0 build
> tsup

CLI Building entry: {"index":"src/index.ts","cli":"src/cli.ts"}
CLI Using tsconfig: tsconfig.json
CLI tsup v8.5.1
CLI Using tsup config: /Users/aftabahmadkhan/Github/Personal/NPM/mern/backendforge/tsup.config.ts
CLI Target: node18
CLI Cleaning output folder
ESM Build start
CJS Build start
CJS dist/index.cjs     2.92 KB
CJS dist/cli.cjs       3.08 KB
CJS dist/index.cjs.map 2.47 KB
CJS dist/cli.cjs.map   3.48 KB
CJS ⚡️ Build success in 10ms
ESM dist/chunk-CGYPKMSG.js     1.22 KB
ESM dist/index.js              118.00 B
ESM dist/cli.js                594.00 B
ESM dist/index.js.map          71.00 B
ESM dist/chunk-CGYPKMSG.js.map 2.41 KB
ESM dist/cli.js.map            1.08 KB
ESM ⚡️ Build success in 10ms
DTS Build start
DTS ⚡️ Build success in 758ms
DTS dist/index.d.ts  305.00 B
DTS dist/index.d.cts 305.00 B
npm notice
npm notice package: backendforge@0.1.0
npm notice Tarball Contents
npm notice 49B CHANGELOG.md
npm notice 1.1kB LICENSE
npm notice 783B README.md
npm notice 47B backendforge.cjs
npm notice 1.2kB dist/chunk-CGYPKMSG.js
npm notice 2.5kB dist/chunk-CGYPKMSG.js.map
npm notice 3.2kB dist/cli.cjs
npm notice 3.6kB dist/cli.cjs.map
npm notice 594B dist/cli.js
npm notice 1.1kB dist/cli.js.map
npm notice 3.0kB dist/index.cjs
npm notice 2.5kB dist/index.cjs.map
npm notice 305B dist/index.d.cts
npm notice 305B dist/index.d.ts
npm notice 118B dist/index.js
npm notice 71B dist/index.js.map
npm notice 1.6kB package.json
npm notice Tarball Details
npm notice name: backendforge
npm notice version: 0.1.0
npm notice filename: backendforge-0.1.0.tgz
npm notice package size: 5.1 kB
npm notice unpacked size: 22.0 kB
npm notice shasum: c80a5c9fcb56f636921b105043b7e135c8f422db
npm notice integrity: sha512-SoSdTWKXKwU3k[...]4VfDKKcF9mIrA==
npm notice total files: 17
npm notice
npm notice Publishing to https://registry.npmjs.org/ with tag latest and public access
npm error code E403
npm error 403 403 Forbidden - PUT https://registry.npmjs.org/backendforge - Package name too similar to existing package backend-forge; try renaming your package to '@mr-aftab-ahmad-khan/backendforge' and publishing with 'npm publish --access=public' instead
npm error 403 In most cases, you or one of your dependencies are requesting
npm error 403 a package version that is forbidden by your security policy, or
npm error 403 on a server you do not have access to.
npm error A complete log of this run can be found in: /Users/aftabahmadkhan/.npm/_logs/2026-06-02T20_16_10_823Z-debug-0.log

> backendforge@0.1.0 prepublishOnly
> npm run build


> backendforge@0.1.0 build
> tsup

CLI Building entry: {"index":"src/index.ts","cli":"src/cli.ts"}
CLI Using tsconfig: tsconfig.json
CLI tsup v8.5.1
CLI Using tsup config: /Users/aftabahmadkhan/Github/Personal/NPM/mern/backendforge/tsup.config.ts
CLI Target: node18
CLI Cleaning output folder
ESM Build start
CJS Build start
ESM dist/chunk-CGYPKMSG.js     1.22 KB
ESM dist/cli.js                594.00 B
ESM dist/index.js              118.00 B
ESM dist/index.js.map          71.00 B
ESM dist/chunk-CGYPKMSG.js.map 2.41 KB
ESM dist/cli.js.map            1.08 KB
ESM ⚡️ Build success in 9ms
CJS dist/index.cjs     2.92 KB
CJS dist/cli.cjs       3.08 KB
CJS dist/cli.cjs.map   3.48 KB
CJS dist/index.cjs.map 2.47 KB
CJS ⚡️ Build success in 9ms
DTS Build start
DTS ⚡️ Build success in 718ms
DTS dist/index.d.ts  305.00 B
DTS dist/index.d.cts 305.00 B
npm notice
npm notice package: backendforge@0.1.0
npm notice Tarball Contents
npm notice 49B CHANGELOG.md
npm notice 1.1kB LICENSE
npm notice 783B README.md
npm notice 47B backendforge.cjs
npm notice 1.2kB dist/chunk-CGYPKMSG.js
npm notice 2.5kB dist/chunk-CGYPKMSG.js.map
npm notice 3.2kB dist/cli.cjs
npm notice 3.6kB dist/cli.cjs.map
npm notice 594B dist/cli.js
npm notice 1.1kB dist/cli.js.map
npm notice 3.0kB dist/index.cjs
npm notice 2.5kB dist/index.cjs.map
npm notice 305B dist/index.d.cts
npm notice 305B dist/index.d.ts
npm notice 118B dist/index.js
npm notice 71B dist/index.js.map
npm notice 1.6kB package.json
npm notice Tarball Details
npm notice name: backendforge
npm notice version: 0.1.0
npm notice filename: backendforge-0.1.0.tgz
npm notice package size: 5.1 kB
npm notice unpacked size: 22.0 kB
npm notice shasum: c80a5c9fcb56f636921b105043b7e135c8f422db
npm notice integrity: sha512-SoSdTWKXKwU3k[...]4VfDKKcF9mIrA==
npm notice total files: 17
npm notice
npm notice Publishing to https://registry.npmjs.org/ with tag latest and public access
npm error code E403
npm error 403 403 Forbidden - PUT https://registry.npmjs.org/backendforge - Package name too similar to existing package backend-forge; try renaming your package to '@mr-aftab-ahmad-khan/backendforge' and publishing with 'npm publish --access=public' instead
npm error 403 In most cases, you or one of your dependencies are requesting
npm error 403 a package version that is forbidden by your security policy, or
npm error 403 on a server you do not have access to.
npm error A complete log of this run can be found in: /Users/aftabahmadkhan/.npm/_logs/2026-06-02T20_23_53_658Z-debug-0.log

> cacheflow@0.1.0 prepublishOnly
> npm run build


> cacheflow@0.1.0 build
> tsup

CLI Building entry: {"index":"src/index.ts"}
CLI Using tsconfig: tsconfig.json
CLI tsup v8.5.1
CLI Using tsup config: /Users/aftabahmadkhan/Github/Personal/NPM/mern/cacheflow/tsup.config.ts
CLI Target: node18
CLI Cleaning output folder
ESM Build start
CJS Build start
CJS dist/index.cjs     2.13 KB
CJS dist/index.cjs.map 2.20 KB
CJS ⚡️ Build success in 9ms
ESM dist/index.js     1.12 KB
ESM dist/index.js.map 2.15 KB
ESM ⚡️ Build success in 9ms
DTS Build start
DTS ⚡️ Build success in 738ms
DTS dist/index.d.ts  557.00 B
DTS dist/index.d.cts 557.00 B
npm notice
npm notice package: cacheflow@0.1.0
npm notice Tarball Contents
npm notice 49B CHANGELOG.md
npm notice 1.1kB LICENSE
npm notice 903B README.md
npm notice 2.2kB dist/index.cjs
npm notice 2.3kB dist/index.cjs.map
npm notice 559B dist/index.d.cts
npm notice 559B dist/index.d.ts
npm notice 1.2kB dist/index.js
npm notice 2.2kB dist/index.js.map
npm notice 1.5kB package.json
npm notice Tarball Details
npm notice name: cacheflow
npm notice version: 0.1.0
npm notice filename: cacheflow-0.1.0.tgz
npm notice package size: 3.6 kB
npm notice unpacked size: 12.4 kB
npm notice shasum: c50f49e7ce2e25cdb17d4e9d7e219d75cab1b366
npm notice integrity: sha512-jXLYkNBY0HYnz[...]uXouxbt+jWAAA==
npm notice total files: 10
npm notice
npm notice Publishing to https://registry.npmjs.org/ with tag latest and public access
npm error code E403
npm error 403 403 Forbidden - PUT https://registry.npmjs.org/cacheflow - Package name too similar to existing package cache-flow; try renaming your package to '@mr-aftab-ahmad-khan/cacheflow' and publishing with 'npm publish --access=public' instead
npm error 403 In most cases, you or one of your dependencies are requesting
npm error 403 a package version that is forbidden by your security policy, or
npm error 403 on a server you do not have access to.
npm error A complete log of this run can be found in: /Users/aftabahmadkhan/.npm/_logs/2026-06-02T20_29_01_111Z-debug-0.log

> cacheflow@0.1.0 prepublishOnly
> npm run build


> cacheflow@0.1.0 build
> tsup

CLI Building entry: {"index":"src/index.ts"}
CLI Using tsconfig: tsconfig.json
CLI tsup v8.5.1
CLI Using tsup config: /Users/aftabahmadkhan/Github/Personal/NPM/mern/cacheflow/tsup.config.ts
CLI Target: node18
CLI Cleaning output folder
ESM Build start
CJS Build start
ESM dist/index.js     1.12 KB
ESM dist/index.js.map 2.15 KB
ESM ⚡️ Build success in 7ms
CJS dist/index.cjs     2.13 KB
CJS dist/index.cjs.map 2.20 KB
CJS ⚡️ Build success in 8ms
DTS Build start
DTS ⚡️ Build success in 878ms
DTS dist/index.d.ts  557.00 B
DTS dist/index.d.cts 557.00 B
npm notice
npm notice package: cacheflow@0.1.0
npm notice Tarball Contents
npm notice 49B CHANGELOG.md
npm notice 1.1kB LICENSE
npm notice 903B README.md
npm notice 2.2kB dist/index.cjs
npm notice 2.3kB dist/index.cjs.map
npm notice 559B dist/index.d.cts
npm notice 559B dist/index.d.ts
npm notice 1.2kB dist/index.js
npm notice 2.2kB dist/index.js.map
npm notice 1.5kB package.json
npm notice Tarball Details
npm notice name: cacheflow
npm notice version: 0.1.0
npm notice filename: cacheflow-0.1.0.tgz
npm notice package size: 3.6 kB
npm notice unpacked size: 12.4 kB
npm notice shasum: c50f49e7ce2e25cdb17d4e9d7e219d75cab1b366
npm notice integrity: sha512-jXLYkNBY0HYnz[...]uXouxbt+jWAAA==
npm notice total files: 10
npm notice
npm notice Publishing to https://registry.npmjs.org/ with tag latest and public access
npm error code E403
npm error 403 403 Forbidden - PUT https://registry.npmjs.org/cacheflow - Package name too similar to existing package cache-flow; try renaming your package to '@mr-aftab-ahmad-khan/cacheflow' and publishing with 'npm publish --access=public' instead
npm error 403 In most cases, you or one of your dependencies are requesting
npm error 403 a package version that is forbidden by your security policy, or
npm error 403 on a server you do not have access to.
npm error A complete log of this run can be found in: /Users/aftabahmadkhan/.npm/_logs/2026-06-02T20_30_36_185Z-debug-0.log

> cacheflow@0.1.0 prepublishOnly
> npm run build


> cacheflow@0.1.0 build
> tsup

CLI Building entry: {"index":"src/index.ts"}
CLI Using tsconfig: tsconfig.json
CLI tsup v8.5.1
CLI Using tsup config: /Users/aftabahmadkhan/Github/Personal/NPM/mern/cacheflow/tsup.config.ts
CLI Target: node18
CLI Cleaning output folder
ESM Build start
CJS Build start
CJS dist/index.cjs     2.13 KB
CJS dist/index.cjs.map 2.20 KB
CJS ⚡️ Build success in 8ms
ESM dist/index.js     1.12 KB
ESM dist/index.js.map 2.15 KB
ESM ⚡️ Build success in 8ms
DTS Build start
DTS ⚡️ Build success in 679ms
DTS dist/index.d.ts  557.00 B
DTS dist/index.d.cts 557.00 B
npm notice
npm notice package: cacheflow@0.1.0
npm notice Tarball Contents
npm notice 49B CHANGELOG.md
npm notice 1.1kB LICENSE
npm notice 903B README.md
npm notice 2.2kB dist/index.cjs
npm notice 2.3kB dist/index.cjs.map
npm notice 559B dist/index.d.cts
npm notice 559B dist/index.d.ts
npm notice 1.2kB dist/index.js
npm notice 2.2kB dist/index.js.map
npm notice 1.5kB package.json
npm notice Tarball Details
npm notice name: cacheflow
npm notice version: 0.1.0
npm notice filename: cacheflow-0.1.0.tgz
npm notice package size: 3.6 kB
npm notice unpacked size: 12.4 kB
npm notice shasum: c50f49e7ce2e25cdb17d4e9d7e219d75cab1b366
npm notice integrity: sha512-jXLYkNBY0HYnz[...]uXouxbt+jWAAA==
npm notice total files: 10
npm notice
npm notice Publishing to https://registry.npmjs.org/ with tag latest and public access
npm error code E403
npm error 403 403 Forbidden - PUT https://registry.npmjs.org/cacheflow - Package name too similar to existing package cache-flow; try renaming your package to '@mr-aftab-ahmad-khan/cacheflow' and publishing with 'npm publish --access=public' instead
npm error 403 In most cases, you or one of your dependencies are requesting
npm error 403 a package version that is forbidden by your security policy, or
npm error 403 on a server you do not have access to.
npm error A complete log of this run can be found in: /Users/aftabahmadkhan/.npm/_logs/2026-06-02T20_33_40_783Z-debug-0.log

> cacheflow@0.1.0 prepublishOnly
> npm run build


> cacheflow@0.1.0 build
> tsup

CLI Building entry: {"index":"src/index.ts"}
CLI Using tsconfig: tsconfig.json
CLI tsup v8.5.1
CLI Using tsup config: /Users/aftabahmadkhan/Github/Personal/NPM/mern/cacheflow/tsup.config.ts
CLI Target: node18
CLI Cleaning output folder
ESM Build start
CJS Build start
ESM dist/index.js     1.12 KB
ESM dist/index.js.map 2.15 KB
ESM ⚡️ Build success in 14ms
CJS dist/index.cjs     2.13 KB
CJS dist/index.cjs.map 2.20 KB
CJS ⚡️ Build success in 15ms
DTS Build start
DTS ⚡️ Build success in 1527ms
DTS dist/index.d.ts  557.00 B
DTS dist/index.d.cts 557.00 B
npm notice
npm notice package: cacheflow@0.1.0
npm notice Tarball Contents
npm notice 49B CHANGELOG.md
npm notice 1.1kB LICENSE
npm notice 903B README.md
npm notice 2.2kB dist/index.cjs
npm notice 2.3kB dist/index.cjs.map
npm notice 559B dist/index.d.cts
npm notice 559B dist/index.d.ts
npm notice 1.2kB dist/index.js
npm notice 2.2kB dist/index.js.map
npm notice 1.5kB package.json
npm notice Tarball Details
npm notice name: cacheflow
npm notice version: 0.1.0
npm notice filename: cacheflow-0.1.0.tgz
npm notice package size: 3.6 kB
npm notice unpacked size: 12.4 kB
npm notice shasum: c50f49e7ce2e25cdb17d4e9d7e219d75cab1b366
npm notice integrity: sha512-jXLYkNBY0HYnz[...]uXouxbt+jWAAA==
npm notice total files: 10
npm notice
npm notice Publishing to https://registry.npmjs.org/ with tag latest and public access
npm error code E403
npm error 403 403 Forbidden - PUT https://registry.npmjs.org/cacheflow - Package name too similar to existing package cache-flow; try renaming your package to '@mr-aftab-ahmad-khan/cacheflow' and publishing with 'npm publish --access=public' instead
npm error 403 In most cases, you or one of your dependencies are requesting
npm error 403 a package version that is forbidden by your security policy, or
npm error 403 on a server you do not have access to.
npm error A complete log of this run can be found in: /Users/aftabahmadkhan/.npm/_logs/2026-06-02T20_38_20_374Z-debug-0.log

> cacheflow@0.1.0 prepublishOnly
> npm run build


> cacheflow@0.1.0 build
> tsup

CLI Building entry: {"index":"src/index.ts"}
CLI Using tsconfig: tsconfig.json
CLI tsup v8.5.1
CLI Using tsup config: /Users/aftabahmadkhan/Github/Personal/NPM/mern/cacheflow/tsup.config.ts
CLI Target: node18
CLI Cleaning output folder
ESM Build start
CJS Build start
CJS dist/index.cjs     2.13 KB
CJS dist/index.cjs.map 2.20 KB
CJS ⚡️ Build success in 9ms
ESM dist/index.js     1.12 KB
ESM dist/index.js.map 2.15 KB
ESM ⚡️ Build success in 9ms
DTS Build start
DTS ⚡️ Build success in 755ms
DTS dist/index.d.ts  557.00 B
DTS dist/index.d.cts 557.00 B
npm notice
npm notice package: cacheflow@0.1.0
npm notice Tarball Contents
npm notice 49B CHANGELOG.md
npm notice 1.1kB LICENSE
npm notice 903B README.md
npm notice 2.2kB dist/index.cjs
npm notice 2.3kB dist/index.cjs.map
npm notice 559B dist/index.d.cts
npm notice 559B dist/index.d.ts
npm notice 1.2kB dist/index.js
npm notice 2.2kB dist/index.js.map
npm notice 1.5kB package.json
npm notice Tarball Details
npm notice name: cacheflow
npm notice version: 0.1.0
npm notice filename: cacheflow-0.1.0.tgz
npm notice package size: 3.6 kB
npm notice unpacked size: 12.4 kB
npm notice shasum: c50f49e7ce2e25cdb17d4e9d7e219d75cab1b366
npm notice integrity: sha512-jXLYkNBY0HYnz[...]uXouxbt+jWAAA==
npm notice total files: 10
npm notice
npm notice Publishing to https://registry.npmjs.org/ with tag latest and public access
npm error code E403
npm error 403 403 Forbidden - PUT https://registry.npmjs.org/cacheflow - Package name too similar to existing package cache-flow; try renaming your package to '@mr-aftab-ahmad-khan/cacheflow' and publishing with 'npm publish --access=public' instead
npm error 403 In most cases, you or one of your dependencies are requesting
npm error 403 a package version that is forbidden by your security policy, or
npm error 403 on a server you do not have access to.
npm error A complete log of this run can be found in: /Users/aftabahmadkhan/.npm/_logs/2026-06-02T20_44_26_820Z-debug-0.log

> cacheflow@0.1.0 prepublishOnly
> npm run build


> cacheflow@0.1.0 build
> tsup

CLI Building entry: {"index":"src/index.ts"}
CLI Using tsconfig: tsconfig.json
CLI tsup v8.5.1
CLI Using tsup config: /Users/aftabahmadkhan/Github/Personal/NPM/mern/cacheflow/tsup.config.ts
CLI Target: node18
CLI Cleaning output folder
ESM Build start
CJS Build start
ESM dist/index.js     1.12 KB
ESM dist/index.js.map 2.15 KB
ESM ⚡️ Build success in 11ms
CJS dist/index.cjs     2.13 KB
CJS dist/index.cjs.map 2.20 KB
CJS ⚡️ Build success in 11ms
DTS Build start
DTS ⚡️ Build success in 730ms
DTS dist/index.d.ts  557.00 B
DTS dist/index.d.cts 557.00 B
npm notice
npm notice package: cacheflow@0.1.0
npm notice Tarball Contents
npm notice 49B CHANGELOG.md
npm notice 1.1kB LICENSE
npm notice 903B README.md
npm notice 2.2kB dist/index.cjs
npm notice 2.3kB dist/index.cjs.map
npm notice 559B dist/index.d.cts
npm notice 559B dist/index.d.ts
npm notice 1.2kB dist/index.js
npm notice 2.2kB dist/index.js.map
npm notice 1.5kB package.json
npm notice Tarball Details
npm notice name: cacheflow
npm notice version: 0.1.0
npm notice filename: cacheflow-0.1.0.tgz
npm notice package size: 3.6 kB
npm notice unpacked size: 12.4 kB
npm notice shasum: c50f49e7ce2e25cdb17d4e9d7e219d75cab1b366
npm notice integrity: sha512-jXLYkNBY0HYnz[...]uXouxbt+jWAAA==
npm notice total files: 10
npm notice
npm notice Publishing to https://registry.npmjs.org/ with tag latest and public access
npm error code E403
npm error 403 403 Forbidden - PUT https://registry.npmjs.org/cacheflow - Package name too similar to existing package cache-flow; try renaming your package to '@mr-aftab-ahmad-khan/cacheflow' and publishing with 'npm publish --access=public' instead
npm error 403 In most cases, you or one of your dependencies are requesting
npm error 403 a package version that is forbidden by your security policy, or
npm error 403 on a server you do not have access to.
npm error A complete log of this run can be found in: /Users/aftabahmadkhan/.npm/_logs/2026-06-02T20_52_02_061Z-debug-0.log

> cachemesh@0.1.0 prepublishOnly
> npm run build


> cachemesh@0.1.0 build
> tsup

CLI Building entry: {"index":"src/index.ts"}
CLI Using tsconfig: tsconfig.json
CLI tsup v8.5.1
CLI Using tsup config: /Users/aftabahmadkhan/Github/Personal/NPM/mern/cachemesh/tsup.config.ts
CLI Target: node18
CLI Cleaning output folder
ESM Build start
CJS Build start
ESM dist/index.js     1.66 KB
ESM dist/index.js.map 3.98 KB
ESM ⚡️ Build success in 8ms
CJS dist/index.cjs     2.68 KB
CJS dist/index.cjs.map 4.03 KB
CJS ⚡️ Build success in 8ms
DTS Build start
DTS ⚡️ Build success in 751ms
DTS dist/index.d.ts  1.28 KB
DTS dist/index.d.cts 1.28 KB
npm notice
npm notice package: cachemesh@0.1.0
npm notice Tarball Contents
npm notice 49B CHANGELOG.md
npm notice 676B LICENSE
npm notice 580B README.md
npm notice 2.7kB dist/index.cjs
npm notice 4.1kB dist/index.cjs.map
npm notice 1.3kB dist/index.d.cts
npm notice 1.3kB dist/index.d.ts
npm notice 1.7kB dist/index.js
npm notice 4.1kB dist/index.js.map
npm notice 1.7kB package.json
npm notice Tarball Details
npm notice name: cachemesh
npm notice version: 0.1.0
npm notice filename: cachemesh-0.1.0.tgz
npm notice package size: 4.2 kB
npm notice unpacked size: 18.3 kB
npm notice shasum: 45893fdab9181a0278e674f4dac6b37fd7852818
npm notice integrity: sha512-NqU5lHh3664f8[...]K6RIT9R03wjzA==
npm notice total files: 10
npm notice
npm notice Publishing to https://registry.npmjs.org/ with tag latest and public access
npm error code E403
npm error 403 403 Forbidden - PUT https://registry.npmjs.org/cachemesh - Package name too similar to existing package cache-mesh; try renaming your package to '@mr-aftab-ahmad-khan/cachemesh' and publishing with 'npm publish --access=public' instead
npm error 403 In most cases, you or one of your dependencies are requesting
npm error 403 a package version that is forbidden by your security policy, or
npm error 403 on a server you do not have access to.
npm error A complete log of this run can be found in: /Users/aftabahmadkhan/.npm/_logs/2026-06-02T21_02_16_249Z-debug-0.log

> cachemesh@0.1.0 prepublishOnly
> npm run build


> cachemesh@0.1.0 build
> tsup

CLI Building entry: {"index":"src/index.ts"}
CLI Using tsconfig: tsconfig.json
CLI tsup v8.5.1
CLI Using tsup config: /Users/aftabahmadkhan/Github/Personal/NPM/mern/cachemesh/tsup.config.ts
CLI Target: node18
CLI Cleaning output folder
ESM Build start
CJS Build start
CJS dist/index.cjs     2.68 KB
CJS dist/index.cjs.map 4.03 KB
CJS ⚡️ Build success in 10ms
ESM dist/index.js     1.66 KB
ESM dist/index.js.map 3.98 KB
ESM ⚡️ Build success in 10ms
DTS Build start
DTS ⚡️ Build success in 771ms
DTS dist/index.d.ts  1.28 KB
DTS dist/index.d.cts 1.28 KB
npm notice
npm notice package: cachemesh@0.1.0
npm notice Tarball Contents
npm notice 49B CHANGELOG.md
npm notice 676B LICENSE
npm notice 580B README.md
npm notice 2.7kB dist/index.cjs
npm notice 4.1kB dist/index.cjs.map
npm notice 1.3kB dist/index.d.cts
npm notice 1.3kB dist/index.d.ts
npm notice 1.7kB dist/index.js
npm notice 4.1kB dist/index.js.map
npm notice 1.7kB package.json
npm notice Tarball Details
npm notice name: cachemesh
npm notice version: 0.1.0
npm notice filename: cachemesh-0.1.0.tgz
npm notice package size: 4.2 kB
npm notice unpacked size: 18.3 kB
npm notice shasum: 45893fdab9181a0278e674f4dac6b37fd7852818
npm notice integrity: sha512-NqU5lHh3664f8[...]K6RIT9R03wjzA==
npm notice total files: 10
npm notice
npm notice Publishing to https://registry.npmjs.org/ with tag latest and public access
npm error code E403
npm error 403 403 Forbidden - PUT https://registry.npmjs.org/cachemesh - Package name too similar to existing package cache-mesh; try renaming your package to '@mr-aftab-ahmad-khan/cachemesh' and publishing with 'npm publish --access=public' instead
npm error 403 In most cases, you or one of your dependencies are requesting
npm error 403 a package version that is forbidden by your security policy, or
npm error 403 on a server you do not have access to.
npm error A complete log of this run can be found in: /Users/aftabahmadkhan/.npm/_logs/2026-06-02T21_03_53_157Z-debug-0.log

> cachemesh@0.1.0 prepublishOnly
> npm run build


> cachemesh@0.1.0 build
> tsup

CLI Building entry: {"index":"src/index.ts"}
CLI Using tsconfig: tsconfig.json
CLI tsup v8.5.1
CLI Using tsup config: /Users/aftabahmadkhan/Github/Personal/NPM/mern/cachemesh/tsup.config.ts
CLI Target: node18
CLI Cleaning output folder
ESM Build start
CJS Build start
CJS dist/index.cjs     2.68 KB
CJS dist/index.cjs.map 4.03 KB
CJS ⚡️ Build success in 9ms
ESM dist/index.js     1.66 KB
ESM dist/index.js.map 3.98 KB
ESM ⚡️ Build success in 9ms
DTS Build start
DTS ⚡️ Build success in 785ms
DTS dist/index.d.ts  1.28 KB
DTS dist/index.d.cts 1.28 KB
npm notice
npm notice package: cachemesh@0.1.0
npm notice Tarball Contents
npm notice 49B CHANGELOG.md
npm notice 676B LICENSE
npm notice 580B README.md
npm notice 2.7kB dist/index.cjs
npm notice 4.1kB dist/index.cjs.map
npm notice 1.3kB dist/index.d.cts
npm notice 1.3kB dist/index.d.ts
npm notice 1.7kB dist/index.js
npm notice 4.1kB dist/index.js.map
npm notice 1.7kB package.json
npm notice Tarball Details
npm notice name: cachemesh
npm notice version: 0.1.0
npm notice filename: cachemesh-0.1.0.tgz
npm notice package size: 4.2 kB
npm notice unpacked size: 18.3 kB
npm notice shasum: 45893fdab9181a0278e674f4dac6b37fd7852818
npm notice integrity: sha512-NqU5lHh3664f8[...]K6RIT9R03wjzA==
npm notice total files: 10
npm notice
npm notice Publishing to https://registry.npmjs.org/ with tag latest and public access
npm error code E403
npm error 403 403 Forbidden - PUT https://registry.npmjs.org/cachemesh - Package name too similar to existing package cache-mesh; try renaming your package to '@mr-aftab-ahmad-khan/cachemesh' and publishing with 'npm publish --access=public' instead
npm error 403 In most cases, you or one of your dependencies are requesting
npm error 403 a package version that is forbidden by your security policy, or
npm error 403 on a server you do not have access to.
npm error A complete log of this run can be found in: /Users/aftabahmadkhan/.npm/_logs/2026-06-02T21_06_57_965Z-debug-0.log

> cachemesh@0.1.0 prepublishOnly
> npm run build


> cachemesh@0.1.0 build
> tsup

CLI Building entry: {"index":"src/index.ts"}
CLI Using tsconfig: tsconfig.json
CLI tsup v8.5.1
CLI Using tsup config: /Users/aftabahmadkhan/Github/Personal/NPM/mern/cachemesh/tsup.config.ts
CLI Target: node18
CLI Cleaning output folder
ESM Build start
CJS Build start
ESM dist/index.js     1.66 KB
ESM dist/index.js.map 3.98 KB
ESM ⚡️ Build success in 25ms
CJS dist/index.cjs     2.68 KB
CJS dist/index.cjs.map 4.03 KB
CJS ⚡️ Build success in 26ms
DTS Build start
DTS ⚡️ Build success in 828ms
DTS dist/index.d.ts  1.28 KB
DTS dist/index.d.cts 1.28 KB
npm notice
npm notice package: cachemesh@0.1.0
npm notice Tarball Contents
npm notice 49B CHANGELOG.md
npm notice 676B LICENSE
npm notice 580B README.md
npm notice 2.7kB dist/index.cjs
npm notice 4.1kB dist/index.cjs.map
npm notice 1.3kB dist/index.d.cts
npm notice 1.3kB dist/index.d.ts
npm notice 1.7kB dist/index.js
npm notice 4.1kB dist/index.js.map
npm notice 1.7kB package.json
npm notice Tarball Details
npm notice name: cachemesh
npm notice version: 0.1.0
npm notice filename: cachemesh-0.1.0.tgz
npm notice package size: 4.2 kB
npm notice unpacked size: 18.3 kB
npm notice shasum: 45893fdab9181a0278e674f4dac6b37fd7852818
npm notice integrity: sha512-NqU5lHh3664f8[...]K6RIT9R03wjzA==
npm notice total files: 10
npm notice
npm notice Publishing to https://registry.npmjs.org/ with tag latest and public access
npm error code E403
npm error 403 403 Forbidden - PUT https://registry.npmjs.org/cachemesh - Package name too similar to existing package cache-mesh; try renaming your package to '@mr-aftab-ahmad-khan/cachemesh' and publishing with 'npm publish --access=public' instead
npm error 403 In most cases, you or one of your dependencies are requesting
npm error 403 a package version that is forbidden by your security policy, or
npm error 403 on a server you do not have access to.
npm error A complete log of this run can be found in: /Users/aftabahmadkhan/.npm/_logs/2026-06-02T21_11_33_934Z-debug-0.log

> cachemesh@0.1.0 prepublishOnly
> npm run build


> cachemesh@0.1.0 build
> tsup

CLI Building entry: {"index":"src/index.ts"}
CLI Using tsconfig: tsconfig.json
CLI tsup v8.5.1
CLI Using tsup config: /Users/aftabahmadkhan/Github/Personal/NPM/mern/cachemesh/tsup.config.ts
CLI Target: node18
CLI Cleaning output folder
ESM Build start
CJS Build start
ESM dist/index.js     1.66 KB
ESM dist/index.js.map 3.98 KB
ESM ⚡️ Build success in 8ms
CJS dist/index.cjs     2.68 KB
CJS dist/index.cjs.map 4.03 KB
CJS ⚡️ Build success in 8ms
DTS Build start
DTS ⚡️ Build success in 807ms
DTS dist/index.d.ts  1.28 KB
DTS dist/index.d.cts 1.28 KB
npm notice
npm notice package: cachemesh@0.1.0
npm notice Tarball Contents
npm notice 49B CHANGELOG.md
npm notice 676B LICENSE
npm notice 580B README.md
npm notice 2.7kB dist/index.cjs
npm notice 4.1kB dist/index.cjs.map
npm notice 1.3kB dist/index.d.cts
npm notice 1.3kB dist/index.d.ts
npm notice 1.7kB dist/index.js
npm notice 4.1kB dist/index.js.map
npm notice 1.7kB package.json
npm notice Tarball Details
npm notice name: cachemesh
npm notice version: 0.1.0
npm notice filename: cachemesh-0.1.0.tgz
npm notice package size: 4.2 kB
npm notice unpacked size: 18.3 kB
npm notice shasum: 45893fdab9181a0278e674f4dac6b37fd7852818
npm notice integrity: sha512-NqU5lHh3664f8[...]K6RIT9R03wjzA==
npm notice total files: 10
npm notice
npm notice Publishing to https://registry.npmjs.org/ with tag latest and public access
npm error code E403
npm error 403 403 Forbidden - PUT https://registry.npmjs.org/cachemesh - Package name too similar to existing package cache-mesh; try renaming your package to '@mr-aftab-ahmad-khan/cachemesh' and publishing with 'npm publish --access=public' instead
npm error 403 In most cases, you or one of your dependencies are requesting
npm error 403 a package version that is forbidden by your security policy, or
npm error 403 on a server you do not have access to.
npm error A complete log of this run can be found in: /Users/aftabahmadkhan/.npm/_logs/2026-06-02T21_17_44_476Z-debug-0.log

> cachemesh@0.1.0 prepublishOnly
> npm run build


> cachemesh@0.1.0 build
> tsup

CLI Building entry: {"index":"src/index.ts"}
CLI Using tsconfig: tsconfig.json
CLI tsup v8.5.1
CLI Using tsup config: /Users/aftabahmadkhan/Github/Personal/NPM/mern/cachemesh/tsup.config.ts
CLI Target: node18
CLI Cleaning output folder
ESM Build start
CJS Build start
CJS dist/index.cjs     2.68 KB
CJS dist/index.cjs.map 4.03 KB
CJS ⚡️ Build success in 9ms
ESM dist/index.js     1.66 KB
ESM dist/index.js.map 3.98 KB
ESM ⚡️ Build success in 9ms
DTS Build start
DTS ⚡️ Build success in 781ms
DTS dist/index.d.ts  1.28 KB
DTS dist/index.d.cts 1.28 KB
npm notice
npm notice package: cachemesh@0.1.0
npm notice Tarball Contents
npm notice 49B CHANGELOG.md
npm notice 676B LICENSE
npm notice 580B README.md
npm notice 2.7kB dist/index.cjs
npm notice 4.1kB dist/index.cjs.map
npm notice 1.3kB dist/index.d.cts
npm notice 1.3kB dist/index.d.ts
npm notice 1.7kB dist/index.js
npm notice 4.1kB dist/index.js.map
npm notice 1.7kB package.json
npm notice Tarball Details
npm notice name: cachemesh
npm notice version: 0.1.0
npm notice filename: cachemesh-0.1.0.tgz
npm notice package size: 4.2 kB
npm notice unpacked size: 18.3 kB
npm notice shasum: 45893fdab9181a0278e674f4dac6b37fd7852818
npm notice integrity: sha512-NqU5lHh3664f8[...]K6RIT9R03wjzA==
npm notice total files: 10
npm notice
npm notice Publishing to https://registry.npmjs.org/ with tag latest and public access
npm error code E403
npm error 403 403 Forbidden - PUT https://registry.npmjs.org/cachemesh - Package name too similar to existing package cache-mesh; try renaming your package to '@mr-aftab-ahmad-khan/cachemesh' and publishing with 'npm publish --access=public' instead
npm error 403 In most cases, you or one of your dependencies are requesting
npm error 403 a package version that is forbidden by your security policy, or
npm error 403 on a server you do not have access to.
npm error A complete log of this run can be found in: /Users/aftabahmadkhan/.npm/_logs/2026-06-02T21_25_19_530Z-debug-0.log

> dbflow@0.1.0 prepublishOnly
> npm run build


> dbflow@0.1.0 build
> tsup

CLI Building entry: {"index":"src/index.ts"}
CLI Using tsconfig: tsconfig.json
CLI tsup v8.5.1
CLI Using tsup config: /Users/aftabahmadkhan/Github/Personal/NPM/mern/dbflow/tsup.config.ts
CLI Target: node18
CLI Cleaning output folder
ESM Build start
CJS Build start
CJS dist/index.cjs     1.10 KB
CJS dist/index.cjs.map 417.00 B
CJS ⚡️ Build success in 7ms
ESM dist/index.js     119.00 B
ESM dist/index.js.map 373.00 B
ESM ⚡️ Build success in 7ms
DTS Build start
DTS ⚡️ Build success in 724ms
DTS dist/index.d.ts  277.00 B
DTS dist/index.d.cts 277.00 B
npm notice
npm notice package: dbflow@0.1.0
npm notice Tarball Contents
npm notice 49B CHANGELOG.md
npm notice 1.1kB LICENSE
npm notice 293B README.md
npm notice 1.1kB dist/index.cjs
npm notice 417B dist/index.cjs.map
npm notice 277B dist/index.d.cts
npm notice 277B dist/index.d.ts
npm notice 119B dist/index.js
npm notice 373B dist/index.js.map
npm notice 1.4kB package.json
npm notice Tarball Details
npm notice name: dbflow
npm notice version: 0.1.0
npm notice filename: dbflow-0.1.0.tgz
npm notice package size: 2.4 kB
npm notice unpacked size: 5.4 kB
npm notice shasum: 2b5bfcca2ef347973ee243b4dd88b78feda9388f
npm notice integrity: sha512-RUFbVDIXutQjS[...]+OPpf4RlaOb4Q==
npm notice total files: 10
npm notice
npm notice Publishing to https://registry.npmjs.org/ with tag latest and public access
npm error code E403
npm error 403 403 Forbidden - PUT https://registry.npmjs.org/dbflow - Package name too similar to existing package db-flow; try renaming your package to '@mr-aftab-ahmad-khan/dbflow' and publishing with 'npm publish --access=public' instead
npm error 403 In most cases, you or one of your dependencies are requesting
npm error 403 a package version that is forbidden by your security policy, or
npm error 403 on a server you do not have access to.
npm error A complete log of this run can be found in: /Users/aftabahmadkhan/.npm/_logs/2026-06-02T21_50_49_022Z-debug-0.log

> dbflow@0.1.0 prepublishOnly
> npm run build


> dbflow@0.1.0 build
> tsup

CLI Building entry: {"index":"src/index.ts"}
CLI Using tsconfig: tsconfig.json
CLI tsup v8.5.1
CLI Using tsup config: /Users/aftabahmadkhan/Github/Personal/NPM/mern/dbflow/tsup.config.ts
CLI Target: node18
CLI Cleaning output folder
ESM Build start
CJS Build start
CJS dist/index.cjs     1.10 KB
CJS dist/index.cjs.map 417.00 B
CJS ⚡️ Build success in 17ms
ESM dist/index.js     119.00 B
ESM dist/index.js.map 373.00 B
ESM ⚡️ Build success in 17ms
DTS Build start
DTS ⚡️ Build success in 1184ms
DTS dist/index.d.ts  277.00 B
DTS dist/index.d.cts 277.00 B
npm notice
npm notice package: dbflow@0.1.0
npm notice Tarball Contents
npm notice 49B CHANGELOG.md
npm notice 1.1kB LICENSE
npm notice 293B README.md
npm notice 1.1kB dist/index.cjs
npm notice 417B dist/index.cjs.map
npm notice 277B dist/index.d.cts
npm notice 277B dist/index.d.ts
npm notice 119B dist/index.js
npm notice 373B dist/index.js.map
npm notice 1.4kB package.json
npm notice Tarball Details
npm notice name: dbflow
npm notice version: 0.1.0
npm notice filename: dbflow-0.1.0.tgz
npm notice package size: 2.4 kB
npm notice unpacked size: 5.4 kB
npm notice shasum: 2b5bfcca2ef347973ee243b4dd88b78feda9388f
npm notice integrity: sha512-RUFbVDIXutQjS[...]+OPpf4RlaOb4Q==
npm notice total files: 10
npm notice
npm notice Publishing to https://registry.npmjs.org/ with tag latest and public access
npm error code E403
npm error 403 403 Forbidden - PUT https://registry.npmjs.org/dbflow - Package name too similar to existing package db-flow; try renaming your package to '@mr-aftab-ahmad-khan/dbflow' and publishing with 'npm publish --access=public' instead
npm error 403 In most cases, you or one of your dependencies are requesting
npm error 403 a package version that is forbidden by your security policy, or
npm error 403 on a server you do not have access to.
npm error A complete log of this run can be found in: /Users/aftabahmadkhan/.npm/_logs/2026-06-02T21_52_26_295Z-debug-0.log

> dbflow@0.1.0 prepublishOnly
> npm run build


> dbflow@0.1.0 build
> tsup

CLI Building entry: {"index":"src/index.ts"}
CLI Using tsconfig: tsconfig.json
CLI tsup v8.5.1
CLI Using tsup config: /Users/aftabahmadkhan/Github/Personal/NPM/mern/dbflow/tsup.config.ts
CLI Target: node18
CLI Cleaning output folder
ESM Build start
CJS Build start
CJS dist/index.cjs     1.10 KB
CJS dist/index.cjs.map 417.00 B
CJS ⚡️ Build success in 8ms
ESM dist/index.js     119.00 B
ESM dist/index.js.map 373.00 B
ESM ⚡️ Build success in 8ms
DTS Build start
DTS ⚡️ Build success in 714ms
DTS dist/index.d.ts  277.00 B
DTS dist/index.d.cts 277.00 B
npm notice
npm notice package: dbflow@0.1.0
npm notice Tarball Contents
npm notice 49B CHANGELOG.md
npm notice 1.1kB LICENSE
npm notice 293B README.md
npm notice 1.1kB dist/index.cjs
npm notice 417B dist/index.cjs.map
npm notice 277B dist/index.d.cts
npm notice 277B dist/index.d.ts
npm notice 119B dist/index.js
npm notice 373B dist/index.js.map
npm notice 1.4kB package.json
npm notice Tarball Details
npm notice name: dbflow
npm notice version: 0.1.0
npm notice filename: dbflow-0.1.0.tgz
npm notice package size: 2.4 kB
npm notice unpacked size: 5.4 kB
npm notice shasum: 2b5bfcca2ef347973ee243b4dd88b78feda9388f
npm notice integrity: sha512-RUFbVDIXutQjS[...]+OPpf4RlaOb4Q==
npm notice total files: 10
npm notice
npm notice Publishing to https://registry.npmjs.org/ with tag latest and public access
npm error code E403
npm error 403 403 Forbidden - PUT https://registry.npmjs.org/dbflow - Package name too similar to existing package db-flow; try renaming your package to '@mr-aftab-ahmad-khan/dbflow' and publishing with 'npm publish --access=public' instead
npm error 403 In most cases, you or one of your dependencies are requesting
npm error 403 a package version that is forbidden by your security policy, or
npm error 403 on a server you do not have access to.
npm error A complete log of this run can be found in: /Users/aftabahmadkhan/.npm/_logs/2026-06-02T21_55_30_554Z-debug-0.log

> dbflow@0.1.0 prepublishOnly
> npm run build


> dbflow@0.1.0 build
> tsup

CLI Building entry: {"index":"src/index.ts"}
CLI Using tsconfig: tsconfig.json
CLI tsup v8.5.1
CLI Using tsup config: /Users/aftabahmadkhan/Github/Personal/NPM/mern/dbflow/tsup.config.ts
CLI Target: node18
CLI Cleaning output folder
ESM Build start
CJS Build start
CJS dist/index.cjs     1.10 KB
CJS dist/index.cjs.map 417.00 B
CJS ⚡️ Build success in 8ms
ESM dist/index.js     119.00 B
ESM dist/index.js.map 373.00 B
ESM ⚡️ Build success in 8ms
DTS Build start
DTS ⚡️ Build success in 771ms
DTS dist/index.d.ts  277.00 B
DTS dist/index.d.cts 277.00 B
npm notice
npm notice package: dbflow@0.1.0
npm notice Tarball Contents
npm notice 49B CHANGELOG.md
npm notice 1.1kB LICENSE
npm notice 293B README.md
npm notice 1.1kB dist/index.cjs
npm notice 417B dist/index.cjs.map
npm notice 277B dist/index.d.cts
npm notice 277B dist/index.d.ts
npm notice 119B dist/index.js
npm notice 373B dist/index.js.map
npm notice 1.4kB package.json
npm notice Tarball Details
npm notice name: dbflow
npm notice version: 0.1.0
npm notice filename: dbflow-0.1.0.tgz
npm notice package size: 2.4 kB
npm notice unpacked size: 5.4 kB
npm notice shasum: 2b5bfcca2ef347973ee243b4dd88b78feda9388f
npm notice integrity: sha512-RUFbVDIXutQjS[...]+OPpf4RlaOb4Q==
npm notice total files: 10
npm notice
npm notice Publishing to https://registry.npmjs.org/ with tag latest and public access
npm error code E403
npm error 403 403 Forbidden - PUT https://registry.npmjs.org/dbflow - Package name too similar to existing package db-flow; try renaming your package to '@mr-aftab-ahmad-khan/dbflow' and publishing with 'npm publish --access=public' instead
npm error 403 In most cases, you or one of your dependencies are requesting
npm error 403 a package version that is forbidden by your security policy, or
npm error 403 on a server you do not have access to.
npm error A complete log of this run can be found in: /Users/aftabahmadkhan/.npm/_logs/2026-06-02T22_00_07_686Z-debug-0.log

> dbflow@0.1.0 prepublishOnly
> npm run build


> dbflow@0.1.0 build
> tsup

CLI Building entry: {"index":"src/index.ts"}
CLI Using tsconfig: tsconfig.json
CLI tsup v8.5.1
CLI Using tsup config: /Users/aftabahmadkhan/Github/Personal/NPM/mern/dbflow/tsup.config.ts
CLI Target: node18
CLI Cleaning output folder
ESM Build start
CJS Build start
CJS dist/index.cjs     1.10 KB
CJS dist/index.cjs.map 417.00 B
CJS ⚡️ Build success in 12ms
ESM dist/index.js     119.00 B
ESM dist/index.js.map 373.00 B
ESM ⚡️ Build success in 14ms
DTS Build start
DTS ⚡️ Build success in 737ms
DTS dist/index.d.ts  277.00 B
DTS dist/index.d.cts 277.00 B
npm notice
npm notice package: dbflow@0.1.0
npm notice Tarball Contents
npm notice 49B CHANGELOG.md
npm notice 1.1kB LICENSE
npm notice 293B README.md
npm notice 1.1kB dist/index.cjs
npm notice 417B dist/index.cjs.map
npm notice 277B dist/index.d.cts
npm notice 277B dist/index.d.ts
npm notice 119B dist/index.js
npm notice 373B dist/index.js.map
npm notice 1.4kB package.json
npm notice Tarball Details
npm notice name: dbflow
npm notice version: 0.1.0
npm notice filename: dbflow-0.1.0.tgz
npm notice package size: 2.4 kB
npm notice unpacked size: 5.4 kB
npm notice shasum: 2b5bfcca2ef347973ee243b4dd88b78feda9388f
npm notice integrity: sha512-RUFbVDIXutQjS[...]+OPpf4RlaOb4Q==
npm notice total files: 10
npm notice
npm notice Publishing to https://registry.npmjs.org/ with tag latest and public access
npm error code E403
npm error 403 403 Forbidden - PUT https://registry.npmjs.org/dbflow - Package name too similar to existing package db-flow; try renaming your package to '@mr-aftab-ahmad-khan/dbflow' and publishing with 'npm publish --access=public' instead
npm error 403 In most cases, you or one of your dependencies are requesting
npm error 403 a package version that is forbidden by your security policy, or
npm error 403 on a server you do not have access to.
npm error A complete log of this run can be found in: /Users/aftabahmadkhan/.npm/_logs/2026-06-02T22_06_12_750Z-debug-0.log

> dbflow@0.1.0 prepublishOnly
> npm run build


> dbflow@0.1.0 build
> tsup

CLI Building entry: {"index":"src/index.ts"}
CLI Using tsconfig: tsconfig.json
CLI tsup v8.5.1
CLI Using tsup config: /Users/aftabahmadkhan/Github/Personal/NPM/mern/dbflow/tsup.config.ts
CLI Target: node18
CLI Cleaning output folder
ESM Build start
CJS Build start
ESM dist/index.js     119.00 B
ESM dist/index.js.map 373.00 B
ESM ⚡️ Build success in 14ms
CJS dist/index.cjs     1.10 KB
CJS dist/index.cjs.map 417.00 B
CJS ⚡️ Build success in 14ms
DTS Build start
DTS ⚡️ Build success in 748ms
DTS dist/index.d.ts  277.00 B
DTS dist/index.d.cts 277.00 B
npm notice
npm notice package: dbflow@0.1.0
npm notice Tarball Contents
npm notice 49B CHANGELOG.md
npm notice 1.1kB LICENSE
npm notice 293B README.md
npm notice 1.1kB dist/index.cjs
npm notice 417B dist/index.cjs.map
npm notice 277B dist/index.d.cts
npm notice 277B dist/index.d.ts
npm notice 119B dist/index.js
npm notice 373B dist/index.js.map
npm notice 1.4kB package.json
npm notice Tarball Details
npm notice name: dbflow
npm notice version: 0.1.0
npm notice filename: dbflow-0.1.0.tgz
npm notice package size: 2.4 kB
npm notice unpacked size: 5.4 kB
npm notice shasum: 2b5bfcca2ef347973ee243b4dd88b78feda9388f
npm notice integrity: sha512-RUFbVDIXutQjS[...]+OPpf4RlaOb4Q==
npm notice total files: 10
npm notice
npm notice Publishing to https://registry.npmjs.org/ with tag latest and public access
npm error code E403
npm error 403 403 Forbidden - PUT https://registry.npmjs.org/dbflow - Package name too similar to existing package db-flow; try renaming your package to '@mr-aftab-ahmad-khan/dbflow' and publishing with 'npm publish --access=public' instead
npm error 403 In most cases, you or one of your dependencies are requesting
npm error 403 a package version that is forbidden by your security policy, or
npm error 403 on a server you do not have access to.
npm error A complete log of this run can be found in: /Users/aftabahmadkhan/.npm/_logs/2026-06-02T22_14_13_763Z-debug-0.log

> duoapi@0.1.0 prepublishOnly
> npm run build


> duoapi@0.1.0 build
> tsup

CLI Building entry: {"index":"src/index.ts"}
CLI Using tsconfig: tsconfig.json
CLI tsup v8.5.1
CLI Using tsup config: /Users/aftabahmadkhan/Github/Personal/NPM/mern/duoapi/tsup.config.ts
CLI Target: node18
CLI Cleaning output folder
ESM Build start
CJS Build start
CJS dist/index.cjs     1.43 KB
CJS dist/index.cjs.map 1.03 KB
CJS ⚡️ Build success in 8ms
ESM dist/index.js     431.00 B
ESM dist/index.js.map 1012.00 B
ESM ⚡️ Build success in 8ms
DTS Build start
DTS ⚡️ Build success in 839ms
DTS dist/index.d.ts  360.00 B
DTS dist/index.d.cts 360.00 B
npm notice
npm notice package: duoapi@0.1.0
npm notice Tarball Contents
npm notice 49B CHANGELOG.md
npm notice 1.1kB LICENSE
npm notice 296B README.md
npm notice 1.5kB dist/index.cjs
npm notice 1.1kB dist/index.cjs.map
npm notice 360B dist/index.d.cts
npm notice 360B dist/index.d.ts
npm notice 431B dist/index.js
npm notice 1.0kB dist/index.js.map
npm notice 1.5kB package.json
npm notice Tarball Details
npm notice name: duoapi
npm notice version: 0.1.0
npm notice filename: duoapi-0.1.0.tgz
npm notice package size: 2.9 kB
npm notice unpacked size: 7.6 kB
npm notice shasum: 706d4ddb588fa44c4144bd23ea13d825a02cdf8f
npm notice integrity: sha512-jASRdo9pGJ9vz[...]rbyiN/0Ol4utg==
npm notice total files: 10
npm notice
npm notice Publishing to https://registry.npmjs.org/ with tag latest and public access
npm error code E403
npm error 403 403 Forbidden - PUT https://registry.npmjs.org/duoapi - Package name too similar to existing package duo-api; try renaming your package to '@mr-aftab-ahmad-khan/duoapi' and publishing with 'npm publish --access=public' instead
npm error 403 In most cases, you or one of your dependencies are requesting
npm error 403 a package version that is forbidden by your security policy, or
npm error 403 on a server you do not have access to.
npm error A complete log of this run can be found in: /Users/aftabahmadkhan/.npm/_logs/2026-06-02T22_34_57_476Z-debug-0.log

> duoapi@0.1.0 prepublishOnly
> npm run build


> duoapi@0.1.0 build
> tsup

CLI Building entry: {"index":"src/index.ts"}
CLI Using tsconfig: tsconfig.json
CLI tsup v8.5.1
CLI Using tsup config: /Users/aftabahmadkhan/Github/Personal/NPM/mern/duoapi/tsup.config.ts
CLI Target: node18
CLI Cleaning output folder
ESM Build start
CJS Build start
ESM dist/index.js     431.00 B
ESM dist/index.js.map 1012.00 B
ESM ⚡️ Build success in 10ms
CJS dist/index.cjs     1.43 KB
CJS dist/index.cjs.map 1.03 KB
CJS ⚡️ Build success in 11ms
DTS Build start
DTS ⚡️ Build success in 845ms
DTS dist/index.d.ts  360.00 B
DTS dist/index.d.cts 360.00 B
npm notice
npm notice package: duoapi@0.1.0
npm notice Tarball Contents
npm notice 49B CHANGELOG.md
npm notice 1.1kB LICENSE
npm notice 296B README.md
npm notice 1.5kB dist/index.cjs
npm notice 1.1kB dist/index.cjs.map
npm notice 360B dist/index.d.cts
npm notice 360B dist/index.d.ts
npm notice 431B dist/index.js
npm notice 1.0kB dist/index.js.map
npm notice 1.5kB package.json
npm notice Tarball Details
npm notice name: duoapi
npm notice version: 0.1.0
npm notice filename: duoapi-0.1.0.tgz
npm notice package size: 2.9 kB
npm notice unpacked size: 7.6 kB
npm notice shasum: 706d4ddb588fa44c4144bd23ea13d825a02cdf8f
npm notice integrity: sha512-jASRdo9pGJ9vz[...]rbyiN/0Ol4utg==
npm notice total files: 10
npm notice
npm notice Publishing to https://registry.npmjs.org/ with tag latest and public access
npm error code E403
npm error 403 403 Forbidden - PUT https://registry.npmjs.org/duoapi - Package name too similar to existing package duo-api; try renaming your package to '@mr-aftab-ahmad-khan/duoapi' and publishing with 'npm publish --access=public' instead
npm error 403 In most cases, you or one of your dependencies are requesting
npm error 403 a package version that is forbidden by your security policy, or
npm error 403 on a server you do not have access to.
npm error A complete log of this run can be found in: /Users/aftabahmadkhan/.npm/_logs/2026-06-02T22_36_31_636Z-debug-0.log

> duoapi@0.1.0 prepublishOnly
> npm run build


> duoapi@0.1.0 build
> tsup

CLI Building entry: {"index":"src/index.ts"}
CLI Using tsconfig: tsconfig.json
CLI tsup v8.5.1
CLI Using tsup config: /Users/aftabahmadkhan/Github/Personal/NPM/mern/duoapi/tsup.config.ts
CLI Target: node18
CLI Cleaning output folder
ESM Build start
CJS Build start
CJS dist/index.cjs     1.43 KB
CJS dist/index.cjs.map 1.03 KB
CJS ⚡️ Build success in 26ms
ESM dist/index.js     431.00 B
ESM dist/index.js.map 1012.00 B
ESM ⚡️ Build success in 27ms
DTS Build start
DTS ⚡️ Build success in 929ms
DTS dist/index.d.ts  360.00 B
DTS dist/index.d.cts 360.00 B
npm notice
npm notice package: duoapi@0.1.0
npm notice Tarball Contents
npm notice 49B CHANGELOG.md
npm notice 1.1kB LICENSE
npm notice 296B README.md
npm notice 1.5kB dist/index.cjs
npm notice 1.1kB dist/index.cjs.map
npm notice 360B dist/index.d.cts
npm notice 360B dist/index.d.ts
npm notice 431B dist/index.js
npm notice 1.0kB dist/index.js.map
npm notice 1.5kB package.json
npm notice Tarball Details
npm notice name: duoapi
npm notice version: 0.1.0
npm notice filename: duoapi-0.1.0.tgz
npm notice package size: 2.9 kB
npm notice unpacked size: 7.6 kB
npm notice shasum: 706d4ddb588fa44c4144bd23ea13d825a02cdf8f
npm notice integrity: sha512-jASRdo9pGJ9vz[...]rbyiN/0Ol4utg==
npm notice total files: 10
npm notice
npm notice Publishing to https://registry.npmjs.org/ with tag latest and public access
npm error code E403
npm error 403 403 Forbidden - PUT https://registry.npmjs.org/duoapi - Package name too similar to existing package duo-api; try renaming your package to '@mr-aftab-ahmad-khan/duoapi' and publishing with 'npm publish --access=public' instead
npm error 403 In most cases, you or one of your dependencies are requesting
npm error 403 a package version that is forbidden by your security policy, or
npm error 403 on a server you do not have access to.
npm error A complete log of this run can be found in: /Users/aftabahmadkhan/.npm/_logs/2026-06-02T22_39_35_821Z-debug-0.log

> duoapi@0.1.0 prepublishOnly
> npm run build


> duoapi@0.1.0 build
> tsup

CLI Building entry: {"index":"src/index.ts"}
CLI Using tsconfig: tsconfig.json
CLI tsup v8.5.1
CLI Using tsup config: /Users/aftabahmadkhan/Github/Personal/NPM/mern/duoapi/tsup.config.ts
CLI Target: node18
CLI Cleaning output folder
ESM Build start
CJS Build start
ESM dist/index.js     431.00 B
ESM dist/index.js.map 1012.00 B
ESM ⚡️ Build success in 8ms
CJS dist/index.cjs     1.43 KB
CJS dist/index.cjs.map 1.03 KB
CJS ⚡️ Build success in 8ms
DTS Build start
DTS ⚡️ Build success in 804ms
DTS dist/index.d.ts  360.00 B
DTS dist/index.d.cts 360.00 B
npm notice
npm notice package: duoapi@0.1.0
npm notice Tarball Contents
npm notice 49B CHANGELOG.md
npm notice 1.1kB LICENSE
npm notice 296B README.md
npm notice 1.5kB dist/index.cjs
npm notice 1.1kB dist/index.cjs.map
npm notice 360B dist/index.d.cts
npm notice 360B dist/index.d.ts
npm notice 431B dist/index.js
npm notice 1.0kB dist/index.js.map
npm notice 1.5kB package.json
npm notice Tarball Details
npm notice name: duoapi
npm notice version: 0.1.0
npm notice filename: duoapi-0.1.0.tgz
npm notice package size: 2.9 kB
npm notice unpacked size: 7.6 kB
npm notice shasum: 706d4ddb588fa44c4144bd23ea13d825a02cdf8f
npm notice integrity: sha512-jASRdo9pGJ9vz[...]rbyiN/0Ol4utg==
npm notice total files: 10
npm notice
npm notice Publishing to https://registry.npmjs.org/ with tag latest and public access
npm error code E403
npm error 403 403 Forbidden - PUT https://registry.npmjs.org/duoapi - Package name too similar to existing package duo-api; try renaming your package to '@mr-aftab-ahmad-khan/duoapi' and publishing with 'npm publish --access=public' instead
npm error 403 In most cases, you or one of your dependencies are requesting
npm error 403 a package version that is forbidden by your security policy, or
npm error 403 on a server you do not have access to.
npm error A complete log of this run can be found in: /Users/aftabahmadkhan/.npm/_logs/2026-06-02T22_44_10_818Z-debug-0.log

> duoapi@0.1.0 prepublishOnly
> npm run build


> duoapi@0.1.0 build
> tsup

CLI Building entry: {"index":"src/index.ts"}
CLI Using tsconfig: tsconfig.json
CLI tsup v8.5.1
CLI Using tsup config: /Users/aftabahmadkhan/Github/Personal/NPM/mern/duoapi/tsup.config.ts
CLI Target: node18
CLI Cleaning output folder
ESM Build start
CJS Build start
CJS dist/index.cjs     1.43 KB
CJS dist/index.cjs.map 1.03 KB
CJS ⚡️ Build success in 9ms
ESM dist/index.js     431.00 B
ESM dist/index.js.map 1012.00 B
ESM ⚡️ Build success in 9ms
DTS Build start
DTS ⚡️ Build success in 809ms
DTS dist/index.d.ts  360.00 B
DTS dist/index.d.cts 360.00 B
npm notice
npm notice package: duoapi@0.1.0
npm notice Tarball Contents
npm notice 49B CHANGELOG.md
npm notice 1.1kB LICENSE
npm notice 296B README.md
npm notice 1.5kB dist/index.cjs
npm notice 1.1kB dist/index.cjs.map
npm notice 360B dist/index.d.cts
npm notice 360B dist/index.d.ts
npm notice 431B dist/index.js
npm notice 1.0kB dist/index.js.map
npm notice 1.5kB package.json
npm notice Tarball Details
npm notice name: duoapi
npm notice version: 0.1.0
npm notice filename: duoapi-0.1.0.tgz
npm notice package size: 2.9 kB
npm notice unpacked size: 7.6 kB
npm notice shasum: 706d4ddb588fa44c4144bd23ea13d825a02cdf8f
npm notice integrity: sha512-jASRdo9pGJ9vz[...]rbyiN/0Ol4utg==
npm notice total files: 10
npm notice
npm notice Publishing to https://registry.npmjs.org/ with tag latest and public access
npm error code E403
npm error 403 403 Forbidden - PUT https://registry.npmjs.org/duoapi - Package name too similar to existing package duo-api; try renaming your package to '@mr-aftab-ahmad-khan/duoapi' and publishing with 'npm publish --access=public' instead
npm error 403 In most cases, you or one of your dependencies are requesting
npm error 403 a package version that is forbidden by your security policy, or
npm error 403 on a server you do not have access to.
npm error A complete log of this run can be found in: /Users/aftabahmadkhan/.npm/_logs/2026-06-02T22_50_16_866Z-debug-0.log

> duoapi@0.1.0 prepublishOnly
> npm run build


> duoapi@0.1.0 build
> tsup

CLI Building entry: {"index":"src/index.ts"}
CLI Using tsconfig: tsconfig.json
CLI tsup v8.5.1
CLI Using tsup config: /Users/aftabahmadkhan/Github/Personal/NPM/mern/duoapi/tsup.config.ts
CLI Target: node18
CLI Cleaning output folder
ESM Build start
CJS Build start
CJS dist/index.cjs     1.43 KB
CJS dist/index.cjs.map 1.03 KB
CJS ⚡️ Build success in 7ms
ESM dist/index.js     431.00 B
ESM dist/index.js.map 1012.00 B
ESM ⚡️ Build success in 8ms
DTS Build start
DTS ⚡️ Build success in 828ms
DTS dist/index.d.ts  360.00 B
DTS dist/index.d.cts 360.00 B
npm notice
npm notice package: duoapi@0.1.0
npm notice Tarball Contents
npm notice 49B CHANGELOG.md
npm notice 1.1kB LICENSE
npm notice 296B README.md
npm notice 1.5kB dist/index.cjs
npm notice 1.1kB dist/index.cjs.map
npm notice 360B dist/index.d.cts
npm notice 360B dist/index.d.ts
npm notice 431B dist/index.js
npm notice 1.0kB dist/index.js.map
npm notice 1.5kB package.json
npm notice Tarball Details
npm notice name: duoapi
npm notice version: 0.1.0
npm notice filename: duoapi-0.1.0.tgz
npm notice package size: 2.9 kB
npm notice unpacked size: 7.6 kB
npm notice shasum: 706d4ddb588fa44c4144bd23ea13d825a02cdf8f
npm notice integrity: sha512-jASRdo9pGJ9vz[...]rbyiN/0Ol4utg==
npm notice total files: 10
npm notice
npm notice Publishing to https://registry.npmjs.org/ with tag latest and public access
npm error code E403
npm error 403 403 Forbidden - PUT https://registry.npmjs.org/duoapi - Package name too similar to existing package duo-api; try renaming your package to '@mr-aftab-ahmad-khan/duoapi' and publishing with 'npm publish --access=public' instead
npm error 403 In most cases, you or one of your dependencies are requesting
npm error 403 a package version that is forbidden by your security policy, or
npm error 403 on a server you do not have access to.
npm error A complete log of this run can be found in: /Users/aftabahmadkhan/.npm/_logs/2026-06-02T22_57_54_052Z-debug-0.log

> envguard@0.1.3 prepublishOnly
> npm run build


> envguard@0.1.3 build
> tsup

CLI Building entry: {"index":"src/index.ts","cli":"src/cli.ts"}
CLI Using tsconfig: tsconfig.json
CLI tsup v8.5.1
CLI Using tsup config: /Users/aftabahmadkhan/Github/Personal/NPM/mern/envguard/tsup.config.ts
CLI Target: node18
CLI Cleaning output folder
ESM Build start
CJS Build start
ESM dist/index.js              738.00 B
ESM dist/chunk-GO4IMUE6.js     8.41 KB
ESM dist/cli.js                2.92 KB
ESM dist/index.js.map          1.32 KB
ESM dist/chunk-GO4IMUE6.js.map 16.71 KB
ESM dist/cli.js.map            5.69 KB
ESM ⚡️ Build success in 14ms
CJS dist/index.cjs     10.19 KB
CJS dist/cli.cjs       6.92 KB
CJS dist/index.cjs.map 18.07 KB
CJS dist/cli.cjs.map   18.09 KB
CJS ⚡️ Build success in 15ms
DTS Build start
DTS ⚡️ Build success in 3954ms
DTS dist/cli.d.ts    20.00 B
DTS dist/index.d.ts  3.74 KB
DTS dist/cli.d.cts   20.00 B
DTS dist/index.d.cts 3.74 KB
npm notice
npm notice package: envguard@0.1.3
npm notice Tarball Contents
npm notice 49B CHANGELOG.md
npm notice 676B LICENSE
npm notice 2.7kB README.md
npm notice 8.6kB dist/chunk-GO4IMUE6.js
npm notice 17.1kB dist/chunk-GO4IMUE6.js.map
npm notice 7.1kB dist/cli.cjs
npm notice 18.5kB dist/cli.cjs.map
npm notice 20B dist/cli.d.cts
npm notice 20B dist/cli.d.ts
npm notice 3.0kB dist/cli.js
npm notice 5.8kB dist/cli.js.map
npm notice 10.4kB dist/index.cjs
npm notice 18.5kB dist/index.cjs.map
npm notice 3.8kB dist/index.d.cts
npm notice 3.8kB dist/index.d.ts
npm notice 738B dist/index.js
npm notice 1.4kB dist/index.js.map
npm notice 47B envguard.cjs
npm notice 1.6kB package.json
npm notice Tarball Details
npm notice name: envguard
npm notice version: 0.1.3
npm notice filename: envguard-0.1.3.tgz
npm notice package size: 14.9 kB
npm notice unpacked size: 104.0 kB
npm notice shasum: b25d5217e100f6e9ad8113ecd987d9f772e06f9e
npm notice integrity: sha512-/hhfEDFFOeO2s[...]Q0B7Reh8f1LUw==
npm notice total files: 19
npm notice
npm notice Publishing to https://registry.npmjs.org/ with tag latest and public access
npm error code E403
npm error 403 403 Forbidden - PUT https://registry.npmjs.org/envguard - Package name too similar to existing package env-guard; try renaming your package to '@mr-aftab-ahmad-khan/envguard' and publishing with 'npm publish --access=public' instead
npm error 403 In most cases, you or one of your dependencies are requesting
npm error 403 a package version that is forbidden by your security policy, or
npm error 403 on a server you do not have access to.
npm error A complete log of this run can be found in: /Users/aftabahmadkhan/.npm/_logs/2026-06-02T23_03_00_184Z-debug-0.log

> envguard@0.1.3 prepublishOnly
> npm run build


> envguard@0.1.3 build
> tsup

CLI Building entry: {"index":"src/index.ts","cli":"src/cli.ts"}
CLI Using tsconfig: tsconfig.json
CLI tsup v8.5.1
CLI Using tsup config: /Users/aftabahmadkhan/Github/Personal/NPM/mern/envguard/tsup.config.ts
CLI Target: node18
CLI Cleaning output folder
ESM Build start
CJS Build start
CJS dist/cli.cjs       6.92 KB
CJS dist/index.cjs     10.19 KB
CJS dist/cli.cjs.map   18.09 KB
CJS dist/index.cjs.map 18.07 KB
CJS ⚡️ Build success in 13ms
ESM dist/index.js              738.00 B
ESM dist/chunk-GO4IMUE6.js     8.41 KB
ESM dist/cli.js                2.92 KB
ESM dist/index.js.map          1.32 KB
ESM dist/cli.js.map            5.69 KB
ESM dist/chunk-GO4IMUE6.js.map 16.71 KB
ESM ⚡️ Build success in 18ms
DTS Build start
DTS ⚡️ Build success in 1363ms
DTS dist/cli.d.ts    20.00 B
DTS dist/index.d.ts  3.74 KB
DTS dist/cli.d.cts   20.00 B
DTS dist/index.d.cts 3.74 KB
npm notice
npm notice package: envguard@0.1.3
npm notice Tarball Contents
npm notice 49B CHANGELOG.md
npm notice 676B LICENSE
npm notice 2.7kB README.md
npm notice 8.6kB dist/chunk-GO4IMUE6.js
npm notice 17.1kB dist/chunk-GO4IMUE6.js.map
npm notice 7.1kB dist/cli.cjs
npm notice 18.5kB dist/cli.cjs.map
npm notice 20B dist/cli.d.cts
npm notice 20B dist/cli.d.ts
npm notice 3.0kB dist/cli.js
npm notice 5.8kB dist/cli.js.map
npm notice 10.4kB dist/index.cjs
npm notice 18.5kB dist/index.cjs.map
npm notice 3.8kB dist/index.d.cts
npm notice 3.8kB dist/index.d.ts
npm notice 738B dist/index.js
npm notice 1.4kB dist/index.js.map
npm notice 47B envguard.cjs
npm notice 1.6kB package.json
npm notice Tarball Details
npm notice name: envguard
npm notice version: 0.1.3
npm notice filename: envguard-0.1.3.tgz
npm notice package size: 14.9 kB
npm notice unpacked size: 104.0 kB
npm notice shasum: b25d5217e100f6e9ad8113ecd987d9f772e06f9e
npm notice integrity: sha512-/hhfEDFFOeO2s[...]Q0B7Reh8f1LUw==
npm notice total files: 19
npm notice
npm notice Publishing to https://registry.npmjs.org/ with tag latest and public access
npm error code E403
npm error 403 403 Forbidden - PUT https://registry.npmjs.org/envguard - Package name too similar to existing package env-guard; try renaming your package to '@mr-aftab-ahmad-khan/envguard' and publishing with 'npm publish --access=public' instead
npm error 403 In most cases, you or one of your dependencies are requesting
npm error 403 a package version that is forbidden by your security policy, or
npm error 403 on a server you do not have access to.
npm error A complete log of this run can be found in: /Users/aftabahmadkhan/.npm/_logs/2026-06-02T23_04_38_305Z-debug-0.log

> envguard@0.1.3 prepublishOnly
> npm run build


> envguard@0.1.3 build
> tsup

CLI Building entry: {"index":"src/index.ts","cli":"src/cli.ts"}
CLI Using tsconfig: tsconfig.json
CLI tsup v8.5.1
CLI Using tsup config: /Users/aftabahmadkhan/Github/Personal/NPM/mern/envguard/tsup.config.ts
CLI Target: node18
CLI Cleaning output folder
ESM Build start
CJS Build start
CJS dist/cli.cjs       6.92 KB
CJS dist/index.cjs     10.19 KB
CJS dist/cli.cjs.map   18.09 KB
CJS dist/index.cjs.map 18.07 KB
CJS ⚡️ Build success in 14ms
ESM dist/cli.js                2.92 KB
ESM dist/index.js              738.00 B
ESM dist/chunk-GO4IMUE6.js     8.41 KB
ESM dist/cli.js.map            5.69 KB
ESM dist/index.js.map          1.32 KB
ESM dist/chunk-GO4IMUE6.js.map 16.71 KB
ESM ⚡️ Build success in 15ms
DTS Build start
DTS ⚡️ Build success in 1283ms
DTS dist/cli.d.ts    20.00 B
DTS dist/index.d.ts  3.74 KB
DTS dist/cli.d.cts   20.00 B
DTS dist/index.d.cts 3.74 KB
npm notice
npm notice package: envguard@0.1.3
npm notice Tarball Contents
npm notice 49B CHANGELOG.md
npm notice 676B LICENSE
npm notice 2.7kB README.md
npm notice 8.6kB dist/chunk-GO4IMUE6.js
npm notice 17.1kB dist/chunk-GO4IMUE6.js.map
npm notice 7.1kB dist/cli.cjs
npm notice 18.5kB dist/cli.cjs.map
npm notice 20B dist/cli.d.cts
npm notice 20B dist/cli.d.ts
npm notice 3.0kB dist/cli.js
npm notice 5.8kB dist/cli.js.map
npm notice 10.4kB dist/index.cjs
npm notice 18.5kB dist/index.cjs.map
npm notice 3.8kB dist/index.d.cts
npm notice 3.8kB dist/index.d.ts
npm notice 738B dist/index.js
npm notice 1.4kB dist/index.js.map
npm notice 47B envguard.cjs
npm notice 1.6kB package.json
npm notice Tarball Details
npm notice name: envguard
npm notice version: 0.1.3
npm notice filename: envguard-0.1.3.tgz
npm notice package size: 14.9 kB
npm notice unpacked size: 104.0 kB
npm notice shasum: b25d5217e100f6e9ad8113ecd987d9f772e06f9e
npm notice integrity: sha512-/hhfEDFFOeO2s[...]Q0B7Reh8f1LUw==
npm notice total files: 19
npm notice
npm notice Publishing to https://registry.npmjs.org/ with tag latest and public access
npm error code E403
npm error 403 403 Forbidden - PUT https://registry.npmjs.org/envguard - Package name too similar to existing package env-guard; try renaming your package to '@mr-aftab-ahmad-khan/envguard' and publishing with 'npm publish --access=public' instead
npm error 403 In most cases, you or one of your dependencies are requesting
npm error 403 a package version that is forbidden by your security policy, or
npm error 403 on a server you do not have access to.
npm error A complete log of this run can be found in: /Users/aftabahmadkhan/.npm/_logs/2026-06-02T23_07_43_229Z-debug-0.log

> envguard@0.1.3 prepublishOnly
> npm run build


> envguard@0.1.3 build
> tsup

CLI Building entry: {"index":"src/index.ts","cli":"src/cli.ts"}
CLI Using tsconfig: tsconfig.json
CLI tsup v8.5.1
CLI Using tsup config: /Users/aftabahmadkhan/Github/Personal/NPM/mern/envguard/tsup.config.ts
CLI Target: node18
CLI Cleaning output folder
ESM Build start
CJS Build start
CJS dist/index.cjs     10.19 KB
CJS dist/cli.cjs       6.92 KB
CJS dist/cli.cjs.map   18.09 KB
CJS dist/index.cjs.map 18.07 KB
CJS ⚡️ Build success in 15ms
ESM dist/index.js              738.00 B
ESM dist/cli.js                2.92 KB
ESM dist/chunk-GO4IMUE6.js     8.41 KB
ESM dist/index.js.map          1.32 KB
ESM dist/cli.js.map            5.69 KB
ESM dist/chunk-GO4IMUE6.js.map 16.71 KB
ESM ⚡️ Build success in 15ms
DTS Build start
DTS ⚡️ Build success in 1293ms
DTS dist/cli.d.ts    20.00 B
DTS dist/index.d.ts  3.74 KB
DTS dist/cli.d.cts   20.00 B
DTS dist/index.d.cts 3.74 KB
npm notice
npm notice package: envguard@0.1.3
npm notice Tarball Contents
npm notice 49B CHANGELOG.md
npm notice 676B LICENSE
npm notice 2.7kB README.md
npm notice 8.6kB dist/chunk-GO4IMUE6.js
npm notice 17.1kB dist/chunk-GO4IMUE6.js.map
npm notice 7.1kB dist/cli.cjs
npm notice 18.5kB dist/cli.cjs.map
npm notice 20B dist/cli.d.cts
npm notice 20B dist/cli.d.ts
npm notice 3.0kB dist/cli.js
npm notice 5.8kB dist/cli.js.map
npm notice 10.4kB dist/index.cjs
npm notice 18.5kB dist/index.cjs.map
npm notice 3.8kB dist/index.d.cts
npm notice 3.8kB dist/index.d.ts
npm notice 738B dist/index.js
npm notice 1.4kB dist/index.js.map
npm notice 47B envguard.cjs
npm notice 1.6kB package.json
npm notice Tarball Details
npm notice name: envguard
npm notice version: 0.1.3
npm notice filename: envguard-0.1.3.tgz
npm notice package size: 14.9 kB
npm notice unpacked size: 104.0 kB
npm notice shasum: b25d5217e100f6e9ad8113ecd987d9f772e06f9e
npm notice integrity: sha512-/hhfEDFFOeO2s[...]Q0B7Reh8f1LUw==
npm notice total files: 19
npm notice
npm notice Publishing to https://registry.npmjs.org/ with tag latest and public access
npm error code E403
npm error 403 403 Forbidden - PUT https://registry.npmjs.org/envguard - Package name too similar to existing package env-guard; try renaming your package to '@mr-aftab-ahmad-khan/envguard' and publishing with 'npm publish --access=public' instead
npm error 403 In most cases, you or one of your dependencies are requesting
npm error 403 a package version that is forbidden by your security policy, or
npm error 403 on a server you do not have access to.
npm error A complete log of this run can be found in: /Users/aftabahmadkhan/.npm/_logs/2026-06-02T23_12_19_957Z-debug-0.log

> envguard@0.1.3 prepublishOnly
> npm run build


> envguard@0.1.3 build
> tsup

CLI Building entry: {"index":"src/index.ts","cli":"src/cli.ts"}
CLI Using tsconfig: tsconfig.json
CLI tsup v8.5.1
CLI Using tsup config: /Users/aftabahmadkhan/Github/Personal/NPM/mern/envguard/tsup.config.ts
CLI Target: node18
CLI Cleaning output folder
ESM Build start
CJS Build start
ESM dist/cli.js                2.92 KB
ESM dist/index.js              738.00 B
ESM dist/chunk-GO4IMUE6.js     8.41 KB
ESM dist/cli.js.map            5.69 KB
ESM dist/index.js.map          1.32 KB
ESM dist/chunk-GO4IMUE6.js.map 16.71 KB
ESM ⚡️ Build success in 15ms
CJS dist/index.cjs     10.19 KB
CJS dist/cli.cjs       6.92 KB
CJS dist/index.cjs.map 18.07 KB
CJS dist/cli.cjs.map   18.09 KB
CJS ⚡️ Build success in 15ms
DTS Build start
DTS ⚡️ Build success in 1391ms
DTS dist/cli.d.ts    20.00 B
DTS dist/index.d.ts  3.74 KB
DTS dist/cli.d.cts   20.00 B
DTS dist/index.d.cts 3.74 KB
npm notice
npm notice package: envguard@0.1.3
npm notice Tarball Contents
npm notice 49B CHANGELOG.md
npm notice 676B LICENSE
npm notice 2.7kB README.md
npm notice 8.6kB dist/chunk-GO4IMUE6.js
npm notice 17.1kB dist/chunk-GO4IMUE6.js.map
npm notice 7.1kB dist/cli.cjs
npm notice 18.5kB dist/cli.cjs.map
npm notice 20B dist/cli.d.cts
npm notice 20B dist/cli.d.ts
npm notice 3.0kB dist/cli.js
npm notice 5.8kB dist/cli.js.map
npm notice 10.4kB dist/index.cjs
npm notice 18.5kB dist/index.cjs.map
npm notice 3.8kB dist/index.d.cts
npm notice 3.8kB dist/index.d.ts
npm notice 738B dist/index.js
npm notice 1.4kB dist/index.js.map
npm notice 47B envguard.cjs
npm notice 1.6kB package.json
npm notice Tarball Details
npm notice name: envguard
npm notice version: 0.1.3
npm notice filename: envguard-0.1.3.tgz
npm notice package size: 14.9 kB
npm notice unpacked size: 104.0 kB
npm notice shasum: b25d5217e100f6e9ad8113ecd987d9f772e06f9e
npm notice integrity: sha512-/hhfEDFFOeO2s[...]Q0B7Reh8f1LUw==
npm notice total files: 19
npm notice
npm notice Publishing to https://registry.npmjs.org/ with tag latest and public access
npm error code E403
npm error 403 403 Forbidden - PUT https://registry.npmjs.org/envguard - Package name too similar to existing package env-guard; try renaming your package to '@mr-aftab-ahmad-khan/envguard' and publishing with 'npm publish --access=public' instead
npm error 403 In most cases, you or one of your dependencies are requesting
npm error 403 a package version that is forbidden by your security policy, or
npm error 403 on a server you do not have access to.
npm error A complete log of this run can be found in: /Users/aftabahmadkhan/.npm/_logs/2026-06-02T23_18_28_372Z-debug-0.log

> envguard@0.1.3 prepublishOnly
> npm run build


> envguard@0.1.3 build
> tsup

CLI Building entry: {"index":"src/index.ts","cli":"src/cli.ts"}
CLI Using tsconfig: tsconfig.json
CLI tsup v8.5.1
CLI Using tsup config: /Users/aftabahmadkhan/Github/Personal/NPM/mern/envguard/tsup.config.ts
CLI Target: node18
CLI Cleaning output folder
ESM Build start
CJS Build start
ESM dist/index.js              738.00 B
ESM dist/chunk-GO4IMUE6.js     8.41 KB
ESM dist/cli.js                2.92 KB
ESM dist/index.js.map          1.32 KB
ESM dist/cli.js.map            5.69 KB
ESM dist/chunk-GO4IMUE6.js.map 16.71 KB
ESM ⚡️ Build success in 19ms
CJS dist/index.cjs     10.19 KB
CJS dist/cli.cjs       6.92 KB
CJS dist/index.cjs.map 18.07 KB
CJS dist/cli.cjs.map   18.09 KB
CJS ⚡️ Build success in 19ms
DTS Build start
DTS ⚡️ Build success in 1404ms
DTS dist/cli.d.ts    20.00 B
DTS dist/index.d.ts  3.74 KB
DTS dist/cli.d.cts   20.00 B
DTS dist/index.d.cts 3.74 KB
npm notice
npm notice package: envguard@0.1.3
npm notice Tarball Contents
npm notice 49B CHANGELOG.md
npm notice 676B LICENSE
npm notice 2.7kB README.md
npm notice 8.6kB dist/chunk-GO4IMUE6.js
npm notice 17.1kB dist/chunk-GO4IMUE6.js.map
npm notice 7.1kB dist/cli.cjs
npm notice 18.5kB dist/cli.cjs.map
npm notice 20B dist/cli.d.cts
npm notice 20B dist/cli.d.ts
npm notice 3.0kB dist/cli.js
npm notice 5.8kB dist/cli.js.map
npm notice 10.4kB dist/index.cjs
npm notice 18.5kB dist/index.cjs.map
npm notice 3.8kB dist/index.d.cts
npm notice 3.8kB dist/index.d.ts
npm notice 738B dist/index.js
npm notice 1.4kB dist/index.js.map
npm notice 47B envguard.cjs
npm notice 1.6kB package.json
npm notice Tarball Details
npm notice name: envguard
npm notice version: 0.1.3
npm notice filename: envguard-0.1.3.tgz
npm notice package size: 14.9 kB
npm notice unpacked size: 104.0 kB
npm notice shasum: b25d5217e100f6e9ad8113ecd987d9f772e06f9e
npm notice integrity: sha512-/hhfEDFFOeO2s[...]Q0B7Reh8f1LUw==
npm notice total files: 19
npm notice
npm notice Publishing to https://registry.npmjs.org/ with tag latest and public access
npm error code E403
npm error 403 403 Forbidden - PUT https://registry.npmjs.org/envguard - Package name too similar to existing package env-guard; try renaming your package to '@mr-aftab-ahmad-khan/envguard' and publishing with 'npm publish --access=public' instead
npm error 403 In most cases, you or one of your dependencies are requesting
npm error 403 a package version that is forbidden by your security policy, or
npm error 403 on a server you do not have access to.
npm error A complete log of this run can be found in: /Users/aftabahmadkhan/.npm/_logs/2026-06-02T23_26_06_980Z-debug-0.log
