Using npm config: /Users/aftabahmadkhan/.npmrc
mr-aftab-ahmad-khan
Pending: 28 · This run: 20 (limit 20)

npm auth OK (mr-aftab-ahmad-khan)
npm auth OK (mr-aftab-ahmad-khan)

> @mr-aftab-ahmad-khan/seedforge@0.1.0 build
> tsup

CLI Building entry: {"index":"src/index.ts","cli":"src/cli.ts"}
CLI Using tsconfig: tsconfig.json
CLI tsup v8.5.1
CLI Using tsup config: /Users/aftabahmadkhan/Github/Personal/NPM/mern/seedforge/tsup.config.ts
CLI Target: node18
CLI Cleaning output folder
ESM Build start
CJS Build start
CJS dist/index.cjs     1.87 KB
CJS dist/cli.cjs       2.78 KB
CJS dist/index.cjs.map 2.01 KB
CJS dist/cli.cjs.map   3.48 KB
CJS ⚡️ Build success in 12ms
ESM dist/cli.js                858.00 B
ESM dist/index.js              172.00 B
ESM dist/chunk-PKE2UJMR.js     850.00 B
ESM dist/cli.js.map            1.55 KB
ESM dist/index.js.map          71.00 B
ESM dist/chunk-PKE2UJMR.js.map 1.96 KB
ESM ⚡️ Build success in 13ms
DTS Build start
DTS ⚡️ Build success in 744ms
DTS dist/index.d.ts  587.00 B
DTS dist/index.d.cts 587.00 B

> @mr-aftab-ahmad-khan/serviceforge@0.1.0 build
> tsup

CLI Building entry: {"index":"src/index.ts"}
CLI Using tsconfig: tsconfig.json
CLI tsup v8.5.1
CLI Using tsup config: /Users/aftabahmadkhan/Github/Personal/NPM/mern/serviceforge/tsup.config.ts
CLI Target: node18
CLI Cleaning output folder
ESM Build start
CJS Build start
ESM dist/index.js     369.00 B
ESM dist/index.js.map 754.00 B
ESM ⚡️ Build success in 11ms
CJS dist/index.cjs     1.38 KB
CJS dist/index.cjs.map 803.00 B
CJS ⚡️ Build success in 11ms
DTS Build start
DTS ⚡️ Build success in 625ms
DTS dist/index.d.ts  392.00 B
DTS dist/index.d.cts 392.00 B

> @mr-aftab-ahmad-khan/statemesh@0.1.0 build
> tsup

CLI Building entry: {"index":"src/index.ts"}
CLI Using tsconfig: tsconfig.json
CLI tsup v8.5.1
CLI Using tsup config: /Users/aftabahmadkhan/Github/Personal/NPM/mern/statemesh/tsup.config.ts
CLI Target: node18
CLI Cleaning output folder
ESM Build start
CJS Build start
CJS dist/index.cjs     1.44 KB
CJS dist/index.cjs.map 1006.00 B
CJS ⚡️ Build success in 7ms
ESM dist/index.js     442.00 B
ESM dist/index.js.map 957.00 B
ESM ⚡️ Build success in 8ms
DTS Build start
DTS ⚡️ Build success in 640ms
DTS dist/index.d.ts  458.00 B
DTS dist/index.d.cts 458.00 B

> @mr-aftab-ahmad-khan/testforge@0.1.0 build
> tsup

CLI Building entry: {"index":"src/index.ts","cli":"src/cli.ts"}
CLI Using tsconfig: tsconfig.json
CLI tsup v8.5.1
CLI Using tsup config: /Users/aftabahmadkhan/Github/Personal/NPM/mern/testforge/tsup.config.ts
CLI Target: node18
CLI Cleaning output folder
ESM Build start
CJS Build start
ESM dist/cli.js       649.00 B
ESM dist/index.js     111.00 B
ESM dist/cli.js.map   1.08 KB
ESM dist/index.js.map 181.00 B
ESM ⚡️ Build success in 8ms
CJS dist/cli.cjs       1.91 KB
CJS dist/index.cjs     1.09 KB
CJS dist/cli.cjs.map   1.11 KB
CJS dist/index.cjs.map 225.00 B
CJS ⚡️ Build success in 8ms
DTS Build start
DTS ⚡️ Build success in 612ms
DTS dist/index.d.ts  75.00 B
DTS dist/index.d.cts 75.00 B

> @mr-aftab-ahmad-khan/transactly@0.1.0 build
> tsup

CLI Building entry: {"index":"src/index.ts"}
CLI Using tsconfig: tsconfig.json
CLI tsup v8.5.1
CLI Using tsup config: /Users/aftabahmadkhan/Github/Personal/NPM/mern/transactly/tsup.config.ts
CLI Target: node18
CLI Cleaning output folder
ESM Build start
CJS Build start
ESM dist/index.js     460.00 B
ESM dist/index.js.map 873.00 B
ESM ⚡️ Build success in 8ms
CJS dist/index.cjs     1.43 KB
CJS dist/index.cjs.map 917.00 B
CJS ⚡️ Build success in 9ms
DTS Build start
DTS ⚡️ Build success in 624ms
DTS dist/index.d.ts  188.00 B
DTS dist/index.d.cts 188.00 B

> @mr-aftab-ahmad-khan/uploadflow@0.1.0 build
> tsup

CLI Building entry: {"index":"src/index.ts"}
CLI Using tsconfig: tsconfig.json
CLI tsup v8.5.1
CLI Using tsup config: /Users/aftabahmadkhan/Github/Personal/NPM/mern/uploadflow/tsup.config.ts
CLI Target: node18
CLI Cleaning output folder
ESM Build start
CJS Build start
CJS dist/index.cjs     1.29 KB
CJS dist/index.cjs.map 630.00 B
CJS ⚡️ Build success in 15ms
ESM dist/index.js     286.00 B
ESM dist/index.js.map 581.00 B
ESM ⚡️ Build success in 15ms
DTS Build start
DTS ⚡️ Build success in 594ms
DTS dist/index.d.ts  255.00 B
DTS dist/index.d.cts 255.00 B

> @mr-aftab-ahmad-khan/validora@0.1.0 build
> tsup

CLI Building entry: {"index":"src/index.ts"}
CLI Using tsconfig: tsconfig.json
CLI tsup v8.5.1
CLI Using tsup config: /Users/aftabahmadkhan/Github/Personal/NPM/mern/validora/tsup.config.ts
CLI Target: node18
CLI Cleaning output folder
ESM Build start
CJS Build start
CJS dist/index.cjs     1.71 KB
CJS dist/index.cjs.map 1.48 KB
CJS ⚡️ Build success in 14ms
ESM dist/index.js     671.00 B
ESM dist/index.js.map 1.43 KB
ESM ⚡️ Build success in 14ms
DTS Build start
DTS ⚡️ Build success in 1056ms
DTS dist/index.d.ts  304.00 B
DTS dist/index.d.cts 304.00 B

> @mr-aftab-ahmad-khan/versionpress@0.1.0 build
> tsup

CLI Building entry: {"index":"src/index.ts"}
CLI Using tsconfig: tsconfig.json
CLI tsup v8.5.1
CLI Using tsup config: /Users/aftabahmadkhan/Github/Personal/NPM/mern/versionpress/tsup.config.ts
CLI Target: node18
CLI Cleaning output folder
ESM Build start
CJS Build start
CJS dist/index.cjs     1.75 KB
CJS dist/index.cjs.map 2.08 KB
CJS ⚡️ Build success in 13ms
ESM dist/index.js     738.00 B
ESM dist/index.js.map 2.03 KB
ESM ⚡️ Build success in 13ms
DTS Build start
DTS ⚡️ Build success in 658ms
DTS dist/index.d.ts  887.00 B
DTS dist/index.d.cts 887.00 B

> @mr-aftab-ahmad-khan/workerforge@0.1.0 build
> tsup

CLI Building entry: {"index":"src/index.ts"}
CLI Using tsconfig: tsconfig.json
CLI tsup v8.5.1
CLI Using tsup config: /Users/aftabahmadkhan/Github/Personal/NPM/mern/workerforge/tsup.config.ts
CLI Target: node18
CLI Cleaning output folder
ESM Build start
CJS Build start
ESM dist/index.js     388.00 B
ESM dist/index.js.map 805.00 B
ESM ⚡️ Build success in 7ms
CJS dist/index.cjs     1.40 KB
CJS dist/index.cjs.map 854.00 B
CJS ⚡️ Build success in 7ms
DTS Build start
DTS ⚡️ Build success in 628ms
DTS dist/index.d.ts  305.00 B
DTS dist/index.d.cts 305.00 B

> @mr-aftab-ahmad-khan/workflowmesh@0.1.0 build
> tsup

CLI Building entry: {"index":"src/index.ts"}
CLI Using tsconfig: tsconfig.json
CLI tsup v8.5.1
CLI Using tsup config: /Users/aftabahmadkhan/Github/Personal/NPM/mern/workflowmesh/tsup.config.ts
CLI Target: node18
CLI Cleaning output folder
ESM Build start
CJS Build start
CJS dist/index.cjs     2.12 KB
CJS dist/index.cjs.map 2.62 KB
CJS ⚡️ Build success in 9ms
ESM dist/index.js     1.10 KB
ESM dist/index.js.map 2.57 KB
ESM ⚡️ Build success in 9ms
DTS Build start
DTS ⚡️ Build success in 610ms
DTS dist/index.d.ts  788.00 B
DTS dist/index.d.cts 788.00 B

> @mr-aftab-ahmad-khan/wsmesh@0.1.0 build
> tsup

CLI Building entry: {"index":"src/index.ts"}
CLI Using tsconfig: tsconfig.json
CLI tsup v8.5.1
CLI Using tsup config: /Users/aftabahmadkhan/Github/Personal/NPM/mern/wsmesh/tsup.config.ts
CLI Target: node18
CLI Cleaning output folder
ESM Build start
CJS Build start
ESM dist/index.js     1.67 KB
ESM dist/index.js.map 3.31 KB
ESM ⚡️ Build success in 8ms
CJS dist/index.cjs     2.67 KB
CJS dist/index.cjs.map 3.35 KB
CJS ⚡️ Build success in 9ms
DTS Build start
DTS ⚡️ Build success in 694ms
DTS dist/index.d.ts  896.00 B
DTS dist/index.d.cts 896.00 B

> @mr-aftab-ahmad-khan/apidocsmith@0.1.0 build
> tsup

CLI Building entry: {"index":"src/index.ts"}
CLI Using tsconfig: tsconfig.json
CLI tsup v8.5.1
CLI Using tsup config: /Users/aftabahmadkhan/Github/Personal/NPM/react-native/apidocsmith/tsup.config.ts
CLI Target: node18
CLI Cleaning output folder
ESM Build start
CJS Build start
ESM dist/index.js     144.00 B
ESM dist/index.js.map 343.00 B
ESM ⚡️ Build success in 8ms
CJS dist/index.cjs     1.12 KB
CJS dist/index.cjs.map 387.00 B
CJS ⚡️ Build success in 8ms
DTS Build start
DTS ⚡️ Build success in 690ms
DTS dist/index.d.ts  180.00 B
DTS dist/index.d.cts 180.00 B

> @mr-aftab-ahmad-khan/apiflowx@0.1.0 build
> tsup

CLI Building entry: {"index":"src/index.ts"}
CLI Using tsconfig: tsconfig.json
CLI tsup v8.5.1
CLI Using tsup config: /Users/aftabahmadkhan/Github/Personal/NPM/react-native/apiflowx/tsup.config.ts
CLI Target: node18
CLI Cleaning output folder
ESM Build start
CJS Build start
ESM dist/index.js     162.00 B
ESM dist/index.js.map 394.00 B
ESM ⚡️ Build success in 8ms
CJS dist/index.cjs     1.14 KB
CJS dist/index.cjs.map 438.00 B
CJS ⚡️ Build success in 8ms
DTS Build start
DTS ⚡️ Build success in 644ms
DTS dist/index.d.ts  225.00 B
DTS dist/index.d.cts 225.00 B

> @mr-aftab-ahmad-khan/cachepilot@0.1.0 build
> tsup

CLI Building entry: {"index":"src/index.ts"}
CLI Using tsconfig: tsconfig.json
CLI tsup v8.5.1
CLI Using tsup config: /Users/aftabahmadkhan/Github/Personal/NPM/react-native/cachepilot/tsup.config.ts
CLI Target: node18
CLI Cleaning output folder
ESM Build start
CJS Build start
ESM dist/index.js     115.00 B
ESM dist/index.js.map 228.00 B
ESM ⚡️ Build success in 8ms
CJS dist/index.cjs     1.09 KB
CJS dist/index.cjs.map 272.00 B
CJS ⚡️ Build success in 7ms
DTS Build start
DTS ⚡️ Build success in 604ms
DTS dist/index.d.ts  106.00 B
DTS dist/index.d.cts 106.00 B

> @mr-aftab-ahmad-khan/cronpilot@0.1.0 build
> tsup

CLI Building entry: {"index":"src/index.ts"}
CLI Using tsconfig: tsconfig.json
CLI tsup v8.5.1
CLI Using tsup config: /Users/aftabahmadkhan/Github/Personal/NPM/react-native/cronpilot/tsup.config.ts
CLI Target: node18
CLI Cleaning output folder
ESM Build start
CJS Build start
ESM dist/index.js     167.00 B
ESM dist/index.js.map 339.00 B
ESM ⚡️ Build success in 8ms
CJS dist/index.cjs     1.14 KB
CJS dist/index.cjs.map 383.00 B
CJS ⚡️ Build success in 8ms
DTS Build start
DTS ⚡️ Build success in 669ms
DTS dist/index.d.ts  213.00 B
DTS dist/index.d.cts 213.00 B

> @mr-aftab-ahmad-khan/datamorph@0.1.0 build
> tsup

CLI Building entry: {"index":"src/index.ts"}
CLI Using tsconfig: tsconfig.json
CLI tsup v8.5.1
CLI Using tsup config: /Users/aftabahmadkhan/Github/Personal/NPM/react-native/datamorph/tsup.config.ts
CLI Target: node18
CLI Cleaning output folder
ESM Build start
CJS Build start
ESM dist/index.js     978.00 B
ESM dist/index.js.map 2.27 KB
ESM ⚡️ Build success in 8ms
CJS dist/index.cjs     1.96 KB
CJS dist/index.cjs.map 2.32 KB
CJS ⚡️ Build success in 7ms
DTS Build start
DTS ⚡️ Build success in 645ms
DTS dist/index.d.ts  335.00 B
DTS dist/index.d.cts 335.00 B

> @mr-aftab-ahmad-khan/deploysense@0.1.0 build
> tsup

CLI Building entry: {"index":"src/index.ts"}
CLI Using tsconfig: tsconfig.json
CLI tsup v8.5.1
CLI Using tsup config: /Users/aftabahmadkhan/Github/Personal/NPM/react-native/deploysense/tsup.config.ts
CLI Target: node18
CLI Cleaning output folder
ESM Build start
CJS Build start
CJS dist/index.cjs     1.14 KB
CJS dist/index.cjs.map 360.00 B
CJS ⚡️ Build success in 8ms
ESM dist/index.js     158.00 B
ESM dist/index.js.map 316.00 B
ESM ⚡️ Build success in 8ms
DTS Build start
DTS ⚡️ Build success in 618ms
DTS dist/index.d.ts  130.00 B
DTS dist/index.d.cts 130.00 B

> @mr-aftab-ahmad-khan/envsyncer@0.1.0 build
> tsup

CLI Building entry: {"index":"src/index.ts"}
CLI Using tsconfig: tsconfig.json
CLI tsup v8.5.1
CLI Using tsup config: /Users/aftabahmadkhan/Github/Personal/NPM/react-native/envsyncer/tsup.config.ts
CLI Target: node18
CLI Cleaning output folder
ESM Build start
CJS Build start
ESM dist/index.js     162.00 B
ESM dist/index.js.map 277.00 B
ESM ⚡️ Build success in 8ms
CJS dist/index.cjs     1.17 KB
CJS dist/index.cjs.map 326.00 B
CJS ⚡️ Build success in 8ms
DTS Build start
DTS ⚡️ Build success in 601ms
DTS dist/index.d.ts  142.00 B
DTS dist/index.d.cts 142.00 B

> @mr-aftab-ahmad-khan/eventbridgex@0.1.0 build
> tsup

CLI Building entry: {"index":"src/index.ts"}
CLI Using tsconfig: tsconfig.json
CLI tsup v8.5.1
CLI Using tsup config: /Users/aftabahmadkhan/Github/Personal/NPM/react-native/eventbridgex/tsup.config.ts
CLI Target: node18
CLI Cleaning output folder
ESM Build start
CJS Build start
ESM dist/index.js     183.00 B
ESM dist/index.js.map 376.00 B
ESM ⚡️ Build success in 10ms
CJS dist/index.cjs     1.16 KB
CJS dist/index.cjs.map 420.00 B
CJS ⚡️ Build success in 10ms
DTS Build start
DTS ⚡️ Build success in 623ms
DTS dist/index.d.ts  170.00 B
DTS dist/index.d.cts 170.00 B

> @mr-aftab-ahmad-khan/mongoforge@0.1.0 build
> tsup

CLI Building entry: {"index":"src/index.ts"}
CLI Using tsconfig: tsconfig.json
CLI tsup v8.5.1
CLI Using tsup config: /Users/aftabahmadkhan/Github/Personal/NPM/react-native/mongoforge/tsup.config.ts
CLI Target: node18
CLI Cleaning output folder
ESM Build start
CJS Build start
ESM dist/index.js     146.00 B
ESM dist/index.js.map 280.00 B
ESM ⚡️ Build success in 40ms
CJS dist/index.cjs     1.12 KB
CJS dist/index.cjs.map 324.00 B
CJS ⚡️ Build success in 40ms
DTS Build start
DTS ⚡️ Build success in 643ms
DTS dist/index.d.ts  107.00 B
DTS dist/index.d.cts 107.00 B
