Using npm config: /Users/aftabahmadkhan/.npmrc
mr-aftab-ahmad-khan
Pending: 77 · This run: 20 (limit 20)

npm auth OK (mr-aftab-ahmad-khan)
npm auth OK (mr-aftab-ahmad-khan)

> @mr-aftab-ahmad-khan/apilifecycle@0.1.0 build
> tsup

CLI Building entry: {"index":"src/index.ts"}
CLI Using tsconfig: tsconfig.json
CLI tsup v8.5.1
CLI Using tsup config: /Users/aftabahmadkhan/Github/Personal/NPM/mern/apilifecycle/tsup.config.ts
CLI Target: node18
CLI Cleaning output folder
ESM Build start
CJS Build start
ESM dist/index.js     519.00 B
ESM dist/index.js.map 980.00 B
ESM ⚡️ Build success in 9ms
CJS dist/index.cjs     1.57 KB
CJS dist/index.cjs.map 1.00 KB
CJS ⚡️ Build success in 9ms
DTS Build start
DTS ⚡️ Build success in 687ms
DTS dist/index.d.ts  366.00 B
DTS dist/index.d.cts 366.00 B

> @mr-aftab-ahmad-khan/backendforge@0.1.0 build
> tsup

CLI Building entry: {"index":"src/index.ts","cli":"src/cli.ts"}
CLI Using tsconfig: tsconfig.json
CLI tsup v8.5.1
CLI Using tsup config: /Users/aftabahmadkhan/Github/Personal/NPM/mern/backendforge/tsup.config.ts
CLI Target: node18
CLI Cleaning output folder
ESM Build start
CJS Build start
ESM dist/index.js              118.00 B
ESM dist/cli.js                594.00 B
ESM dist/chunk-CGYPKMSG.js     1.22 KB
ESM dist/index.js.map          71.00 B
ESM dist/cli.js.map            1.08 KB
ESM dist/chunk-CGYPKMSG.js.map 2.41 KB
ESM ⚡️ Build success in 17ms
CJS dist/cli.cjs       3.08 KB
CJS dist/index.cjs     2.92 KB
CJS dist/cli.cjs.map   3.48 KB
CJS dist/index.cjs.map 2.47 KB
CJS ⚡️ Build success in 18ms
DTS Build start
DTS ⚡️ Build success in 690ms
DTS dist/index.d.ts  305.00 B
DTS dist/index.d.cts 305.00 B

> @mr-aftab-ahmad-khan/cacheflow@0.1.0 build
> tsup

CLI Building entry: {"index":"src/index.ts"}
CLI Using tsconfig: tsconfig.json
CLI tsup v8.5.1
CLI Using tsup config: /Users/aftabahmadkhan/Github/Personal/NPM/mern/cacheflow/tsup.config.ts
CLI Target: node18
CLI Cleaning output folder
ESM Build start
CJS Build start
ESM dist/index.js     1.12 KB
ESM dist/index.js.map 2.15 KB
ESM ⚡️ Build success in 13ms
CJS dist/index.cjs     2.13 KB
CJS dist/index.cjs.map 2.20 KB
CJS ⚡️ Build success in 14ms
DTS Build start
DTS ⚡️ Build success in 1052ms
DTS dist/index.d.ts  557.00 B
DTS dist/index.d.cts 557.00 B

> @mr-aftab-ahmad-khan/cacheforge@0.1.0 build
> tsup

CLI Building entry: {"index":"src/index.ts"}
CLI Using tsconfig: tsconfig.json
CLI tsup v8.5.1
CLI Using tsup config: /Users/aftabahmadkhan/Github/Personal/NPM/mern/cacheforge/tsup.config.ts
CLI Target: node18
CLI Cleaning output folder
ESM Build start
CJS Build start
CJS dist/index.cjs     1.55 KB
CJS dist/index.cjs.map 1.18 KB
CJS ⚡️ Build success in 16ms
ESM dist/index.js     549.00 B
ESM dist/index.js.map 1.13 KB
ESM ⚡️ Build success in 16ms
DTS Build start
DTS ⚡️ Build success in 971ms
DTS dist/index.d.ts  363.00 B
DTS dist/index.d.cts 363.00 B

> @mr-aftab-ahmad-khan/codemorph@0.1.0 build
> tsup

CLI Building entry: {"index":"src/index.ts","cli":"src/cli.ts"}
CLI Using tsconfig: tsconfig.json
CLI tsup v8.5.1
CLI Using tsup config: /Users/aftabahmadkhan/Github/Personal/NPM/mern/codemorph/tsup.config.ts
CLI Target: node18
CLI Cleaning output folder
ESM Build start
CJS Build start
CJS dist/cli.cjs       3.53 KB
CJS dist/index.cjs     3.22 KB
CJS dist/index.cjs.map 3.26 KB
CJS dist/cli.cjs.map   4.70 KB
CJS ⚡️ Build success in 11ms
ESM dist/index.js              178.00 B
ESM dist/chunk-DTLYNWDV.js     1.46 KB
ESM dist/cli.js                808.00 B
ESM dist/chunk-DTLYNWDV.js.map 3.20 KB
ESM dist/index.js.map          71.00 B
ESM dist/cli.js.map            1.48 KB
ESM ⚡️ Build success in 11ms
DTS Build start
DTS ⚡️ Build success in 793ms
DTS dist/index.d.ts  562.00 B
DTS dist/index.d.cts 562.00 B

> @mr-aftab-ahmad-khan/configforge@0.1.0 build
> tsup

CLI Building entry: {"index":"src/index.ts"}
CLI Using tsconfig: tsconfig.json
CLI tsup v8.5.1
CLI Using tsup config: /Users/aftabahmadkhan/Github/Personal/NPM/mern/configforge/tsup.config.ts
CLI Target: node18
CLI Cleaning output folder
ESM Build start
CJS Build start
ESM dist/index.js     248.00 B
ESM dist/index.js.map 528.00 B
ESM ⚡️ Build success in 12ms
CJS dist/index.cjs     1.27 KB
CJS dist/index.cjs.map 573.00 B
CJS ⚡️ Build success in 12ms
DTS Build start
DTS ⚡️ Build success in 668ms
DTS dist/index.d.ts  190.00 B
DTS dist/index.d.cts 190.00 B

> @mr-aftab-ahmad-khan/cronmesh@0.1.0 build
> tsup

CLI Building entry: {"index":"src/index.ts"}
CLI Using tsconfig: tsconfig.json
CLI tsup v8.5.1
CLI Using tsup config: /Users/aftabahmadkhan/Github/Personal/NPM/mern/cronmesh/tsup.config.ts
CLI Target: node18
CLI Cleaning output folder
ESM Build start
CJS Build start
CJS dist/index.cjs     1.39 KB
CJS dist/index.cjs.map 976.00 B
CJS ⚡️ Build success in 8ms
ESM dist/index.js     399.00 B
ESM dist/index.js.map 927.00 B
ESM ⚡️ Build success in 8ms
DTS Build start
DTS ⚡️ Build success in 588ms
DTS dist/index.d.ts  433.00 B
DTS dist/index.d.cts 433.00 B

> @mr-aftab-ahmad-khan/ctrlflow@0.1.0 build
> tsup

CLI Building entry: {"index":"src/index.ts"}
CLI Using tsconfig: tsconfig.json
CLI tsup v8.5.1
CLI Using tsup config: /Users/aftabahmadkhan/Github/Personal/NPM/mern/ctrlflow/tsup.config.ts
CLI Target: node18
CLI Cleaning output folder
ESM Build start
CJS Build start
CJS dist/index.cjs     1.45 KB
CJS dist/index.cjs.map 928.00 B
CJS ⚡️ Build success in 9ms
ESM dist/index.js     425.00 B
ESM dist/index.js.map 878.00 B
ESM ⚡️ Build success in 9ms
DTS Build start
DTS ⚡️ Build success in 605ms
DTS dist/index.d.ts  319.00 B
DTS dist/index.d.cts 319.00 B

> @mr-aftab-ahmad-khan/dbflow@0.1.0 build
> tsup

CLI Building entry: {"index":"src/index.ts"}
CLI Using tsconfig: tsconfig.json
CLI tsup v8.5.1
CLI Using tsup config: /Users/aftabahmadkhan/Github/Personal/NPM/mern/dbflow/tsup.config.ts
CLI Target: node18
CLI Cleaning output folder
ESM Build start
CJS Build start
CJS dist/index.cjs     1.10 KB
CJS dist/index.cjs.map 417.00 B
CJS ⚡️ Build success in 10ms
ESM dist/index.js     119.00 B
ESM dist/index.js.map 373.00 B
ESM ⚡️ Build success in 11ms
DTS Build start
DTS ⚡️ Build success in 919ms
DTS dist/index.d.ts  277.00 B
DTS dist/index.d.cts 277.00 B

> @mr-aftab-ahmad-khan/dbmesh@0.1.0 build
> tsup

CLI Building entry: {"index":"src/index.ts"}
CLI Using tsconfig: tsconfig.json
CLI tsup v8.5.1
CLI Using tsup config: /Users/aftabahmadkhan/Github/Personal/NPM/mern/dbmesh/tsup.config.ts
CLI Target: node18
CLI Cleaning output folder
ESM Build start
CJS Build start
ESM dist/index.js     496.00 B
ESM dist/index.js.map 1.39 KB
ESM ⚡️ Build success in 9ms
CJS dist/index.cjs     1.48 KB
CJS dist/index.cjs.map 1.44 KB
CJS ⚡️ Build success in 8ms
DTS Build start
DTS ⚡️ Build success in 748ms
DTS dist/index.d.ts  564.00 B
DTS dist/index.d.cts 564.00 B

> @mr-aftab-ahmad-khan/docstack@0.1.0 build
> tsup

CLI Building entry: {"index":"src/index.ts","cli":"src/cli.ts"}
CLI Using tsconfig: tsconfig.json
CLI tsup v8.5.1
CLI Using tsup config: /Users/aftabahmadkhan/Github/Personal/NPM/mern/docstack/tsup.config.ts
CLI Target: node18
CLI Cleaning output folder
ESM Build start
CJS Build start
ESM dist/cli.js       702.00 B
ESM dist/index.js     109.00 B
ESM dist/cli.js.map   1.25 KB
ESM dist/index.js.map 180.00 B
ESM ⚡️ Build success in 11ms
CJS dist/cli.cjs       2.00 KB
CJS dist/index.cjs     1.08 KB
CJS dist/cli.cjs.map   1.28 KB
CJS dist/index.cjs.map 224.00 B
CJS ⚡️ Build success in 12ms
DTS Build start
DTS ⚡️ Build success in 638ms
DTS dist/index.d.ts  73.00 B
DTS dist/index.d.cts 73.00 B

> @mr-aftab-ahmad-khan/duoapi@0.1.0 build
> tsup

CLI Building entry: {"index":"src/index.ts"}
CLI Using tsconfig: tsconfig.json
CLI tsup v8.5.1
CLI Using tsup config: /Users/aftabahmadkhan/Github/Personal/NPM/mern/duoapi/tsup.config.ts
CLI Target: node18
CLI Cleaning output folder
ESM Build start
CJS Build start
CJS dist/index.cjs     1.43 KB
CJS dist/index.cjs.map 1.03 KB
CJS ⚡️ Build success in 8ms
ESM dist/index.js     431.00 B
ESM dist/index.js.map 1012.00 B
ESM ⚡️ Build success in 8ms
DTS Build start
DTS ⚡️ Build success in 726ms
DTS dist/index.d.ts  360.00 B
DTS dist/index.d.cts 360.00 B

> @mr-aftab-ahmad-khan/eventforge@0.1.0 build
> tsup

CLI Building entry: {"index":"src/index.ts"}
CLI Using tsconfig: tsconfig.json
CLI tsup v8.5.1
CLI Using tsup config: /Users/aftabahmadkhan/Github/Personal/NPM/mern/eventforge/tsup.config.ts
CLI Target: node18
CLI Cleaning output folder
ESM Build start
CJS Build start
ESM dist/index.js     395.00 B
ESM dist/index.js.map 818.00 B
ESM ⚡️ Build success in 15ms
CJS dist/index.cjs     1.40 KB
CJS dist/index.cjs.map 867.00 B
CJS ⚡️ Build success in 15ms
DTS Build start
DTS ⚡️ Build success in 706ms
DTS dist/index.d.ts  289.00 B
DTS dist/index.d.cts 289.00 B

> @mr-aftab-ahmad-khan/eventmesh@0.1.0 build
> tsup

CLI Building entry: {"index":"src/index.ts"}
CLI Using tsconfig: tsconfig.json
CLI tsup v8.5.1
CLI Using tsup config: /Users/aftabahmadkhan/Github/Personal/NPM/mern/eventmesh/tsup.config.ts
CLI Target: node18
CLI Cleaning output folder
ESM Build start
CJS Build start
ESM dist/index.js     604.00 B
ESM dist/index.js.map 1.24 KB
ESM ⚡️ Build success in 14ms
CJS dist/index.cjs     1.62 KB
CJS dist/index.cjs.map 1.28 KB
CJS ⚡️ Build success in 14ms
DTS Build start
DTS ⚡️ Build success in 1309ms
DTS dist/index.d.ts  416.00 B
DTS dist/index.d.cts 416.00 B

> @mr-aftab-ahmad-khan/formbridge@0.1.0 build
> tsup

CLI Building entry: {"index":"src/index.ts"}
CLI Using tsconfig: tsconfig.json
CLI tsup v8.5.1
CLI Using tsup config: /Users/aftabahmadkhan/Github/Personal/NPM/mern/formbridge/tsup.config.ts
CLI Target: node18
CLI Cleaning output folder
ESM Build start
CJS Build start
CJS dist/index.cjs     2.12 KB
CJS dist/index.cjs.map 2.66 KB
CJS ⚡️ Build success in 13ms
ESM dist/index.js     1.14 KB
ESM dist/index.js.map 2.61 KB
ESM ⚡️ Build success in 13ms
DTS Build start
DTS ⚡️ Build success in 666ms
DTS dist/index.d.ts  712.00 B
DTS dist/index.d.cts 712.00 B

> @mr-aftab-ahmad-khan/fusionstack@0.1.0 build
> tsup

CLI Building entry: {"index":"src/index.ts"}
CLI Using tsconfig: tsconfig.json
CLI tsup v8.5.1
CLI Using tsup config: /Users/aftabahmadkhan/Github/Personal/NPM/mern/fusionstack/tsup.config.ts
CLI Target: node18
CLI Cleaning output folder
ESM Build start
CJS Build start
CJS dist/index.cjs     1.48 KB
CJS dist/index.cjs.map 1.07 KB
CJS ⚡️ Build success in 10ms
ESM dist/index.js     441.00 B
ESM dist/index.js.map 1.02 KB
ESM ⚡️ Build success in 10ms
DTS Build start
DTS ⚡️ Build success in 1154ms
DTS dist/index.d.ts  453.00 B
DTS dist/index.d.cts 453.00 B

> @mr-aftab-ahmad-khan/graphstack@0.1.0 build
> tsup

CLI Building entry: {"index":"src/index.ts","cli":"src/cli.ts"}
CLI Using tsconfig: tsconfig.json
CLI tsup v8.5.1
CLI Using tsup config: /Users/aftabahmadkhan/Github/Personal/NPM/mern/graphstack/tsup.config.ts
CLI Target: node18
CLI Cleaning output folder
ESM Build start
CJS Build start
CJS dist/cli.cjs       2.15 KB
CJS dist/index.cjs     1.09 KB
CJS dist/cli.cjs.map   1.73 KB
CJS dist/index.cjs.map 226.00 B
CJS ⚡️ Build success in 13ms
ESM dist/index.js     113.00 B
ESM dist/cli.js       865.00 B
ESM dist/cli.js.map   1.70 KB
ESM dist/index.js.map 182.00 B
ESM ⚡️ Build success in 13ms
DTS Build start
DTS ⚡️ Build success in 1257ms
DTS dist/index.d.ts  77.00 B
DTS dist/index.d.cts 77.00 B

> @mr-aftab-ahmad-khan/guardpress@0.1.0 build
> tsup

CLI Building entry: {"index":"src/index.ts"}
CLI Using tsconfig: tsconfig.json
CLI tsup v8.5.1
CLI Using tsup config: /Users/aftabahmadkhan/Github/Personal/NPM/mern/guardpress/tsup.config.ts
CLI Target: node18
CLI Cleaning output folder
ESM Build start
CJS Build start
ESM dist/index.js     399.00 B
ESM dist/index.js.map 871.00 B
ESM ⚡️ Build success in 10ms
CJS dist/index.cjs     1.40 KB
CJS dist/index.cjs.map 920.00 B
CJS ⚡️ Build success in 11ms
DTS Build start
DTS ⚡️ Build success in 677ms
DTS dist/index.d.ts  302.00 B
DTS dist/index.d.cts 302.00 B

> @mr-aftab-ahmad-khan/hookretry@0.1.0 build
> tsup

CLI Building entry: {"index":"src/index.ts"}
CLI Using tsconfig: tsconfig.json
CLI tsup v8.5.1
CLI Using tsup config: /Users/aftabahmadkhan/Github/Personal/NPM/mern/hookretry/tsup.config.ts
CLI Target: node18
CLI Cleaning output folder
ESM Build start
CJS Build start
ESM dist/index.js     411.00 B
ESM dist/index.js.map 848.00 B
ESM ⚡️ Build success in 8ms
CJS dist/index.cjs     1.41 KB
CJS dist/index.cjs.map 897.00 B
CJS ⚡️ Build success in 8ms
DTS Build start
DTS ⚡️ Build success in 656ms
DTS dist/index.d.ts  320.00 B
DTS dist/index.d.cts 320.00 B

> @mr-aftab-ahmad-khan/apilifecycle@0.1.0 prepublishOnly
> npm run build


> @mr-aftab-ahmad-khan/apilifecycle@0.1.0 build
> tsup

CLI Building entry: {"index":"src/index.ts"}
CLI Using tsconfig: tsconfig.json
CLI tsup v8.5.1
CLI Using tsup config: /Users/aftabahmadkhan/Github/Personal/NPM/mern/apilifecycle/tsup.config.ts
CLI Target: node18
CLI Cleaning output folder
ESM Build start
CJS Build start
ESM dist/index.js     519.00 B
ESM dist/index.js.map 980.00 B
ESM ⚡️ Build success in 8ms
CJS dist/index.cjs     1.57 KB
CJS dist/index.cjs.map 1.00 KB
CJS ⚡️ Build success in 8ms
DTS Build start
DTS ⚡️ Build success in 640ms
DTS dist/index.d.ts  366.00 B
DTS dist/index.d.cts 366.00 B
npm notice
npm notice 📦  @mr-aftab-ahmad-khan/apilifecycle@0.1.0
npm notice Tarball Contents
npm notice 49B CHANGELOG.md
npm notice 1.1kB LICENSE
npm notice 321B README.md
npm notice 1.6kB dist/index.cjs
npm notice 1.0kB dist/index.cjs.map
npm notice 366B dist/index.d.cts
npm notice 366B dist/index.d.ts
npm notice 519B dist/index.js
npm notice 980B dist/index.js.map
npm notice 1.7kB package.json
npm notice Tarball Details
npm notice name: @mr-aftab-ahmad-khan/apilifecycle
npm notice version: 0.1.0
npm notice filename: mr-aftab-ahmad-khan-apilifecycle-0.1.0.tgz
npm notice package size: 2.9 kB
npm notice unpacked size: 8.0 kB
npm notice shasum: fb4cc594b9ebefb2907d655a0307aac422c30702
npm notice integrity: sha512-kU+WqKawMbwyu[...]adTkE4yWwhKNw==
npm notice total files: 10
npm notice
npm notice Publishing to https://registry.npmjs.org/ with tag latest and public access
npm error code E403
npm error 403 403 Forbidden - PUT https://registry.npmjs.org/@mr-aftab-ahmad-khan%2fapilifecycle - You cannot publish over the previously published versions: 0.1.0.
npm error 403 In most cases, you or one of your dependencies are requesting
npm error 403 a package version that is forbidden by your security policy, or
npm error 403 on a server you do not have access to.
npm error A complete log of this run can be found in: /var/folders/sz/c02sttfd07b6fn_1lv1k58h40000gn/T/cursor-sandbox-cache/794c9f7a49af8b3be9b8413b34817a61/npm/_logs/2026-05-20T09_22_11_307Z-debug-0.log

> @mr-aftab-ahmad-khan/duoapi@0.1.0 prepublishOnly
> npm run build


> @mr-aftab-ahmad-khan/duoapi@0.1.0 build
> tsup

CLI Building entry: {"index":"src/index.ts"}
CLI Using tsconfig: tsconfig.json
CLI tsup v8.5.1
CLI Using tsup config: /Users/aftabahmadkhan/Github/Personal/NPM/mern/duoapi/tsup.config.ts
CLI Target: node18
CLI Cleaning output folder
ESM Build start
CJS Build start
ESM dist/index.js     431.00 B
ESM dist/index.js.map 1012.00 B
ESM ⚡️ Build success in 23ms
CJS dist/index.cjs     1.43 KB
CJS dist/index.cjs.map 1.03 KB
CJS ⚡️ Build success in 23ms
DTS Build start
DTS ⚡️ Build success in 3085ms
DTS dist/index.d.ts  360.00 B
DTS dist/index.d.cts 360.00 B
npm notice
npm notice 📦  @mr-aftab-ahmad-khan/duoapi@0.1.0
npm notice Tarball Contents
npm notice 49B CHANGELOG.md
npm notice 1.1kB LICENSE
npm notice 296B README.md
npm notice 1.5kB dist/index.cjs
npm notice 1.1kB dist/index.cjs.map
npm notice 360B dist/index.d.cts
npm notice 360B dist/index.d.ts
npm notice 431B dist/index.js
npm notice 1.0kB dist/index.js.map
npm notice 1.5kB package.json
npm notice Tarball Details
npm notice name: @mr-aftab-ahmad-khan/duoapi
npm notice version: 0.1.0
npm notice filename: mr-aftab-ahmad-khan-duoapi-0.1.0.tgz
npm notice package size: 2.9 kB
npm notice unpacked size: 7.6 kB
npm notice shasum: fd51ff7c53a2049a4efda909660cf8db1d714f6f
npm notice integrity: sha512-SL4RtsehaPZhJ[...]No/l+NteIEphQ==
npm notice total files: 10
npm notice
npm notice Publishing to https://registry.npmjs.org/ with tag latest and public access
npm error code E403
npm error 403 403 Forbidden - PUT https://registry.npmjs.org/@mr-aftab-ahmad-khan%2fduoapi - You cannot publish over the previously published versions: 0.1.0.
npm error 403 In most cases, you or one of your dependencies are requesting
npm error 403 a package version that is forbidden by your security policy, or
npm error 403 on a server you do not have access to.
npm error A complete log of this run can be found in: /var/folders/sz/c02sttfd07b6fn_1lv1k58h40000gn/T/cursor-sandbox-cache/794c9f7a49af8b3be9b8413b34817a61/npm/_logs/2026-05-20T09_45_24_658Z-debug-0.log
