Using npm config: /Users/aftabahmadkhan/.npmrc
mr-aftab-ahmad-khan
Pending: 89 · This run: 20 (limit 20)

npm auth OK (mr-aftab-ahmad-khan)
npm auth OK (mr-aftab-ahmad-khan)

> cacheflowx@0.1.0 build
> tsup

CLI Building entry: {"index":"src/index.ts"}
CLI Using tsconfig: tsconfig.json
CLI tsup v8.5.1
CLI Using tsup config: /Users/aftabahmadkhan/Github/Personal/NPM/mern/cacheflow/tsup.config.ts
CLI Target: node18
CLI Cleaning output folder
ESM Build start
CJS Build start
CJS dist/index.cjs     2.13 KB
CJS dist/index.cjs.map 2.20 KB
CJS ⚡️ Build success in 9ms
ESM dist/index.js     1.12 KB
ESM dist/index.js.map 2.15 KB
ESM ⚡️ Build success in 9ms
DTS Build start
DTS ⚡️ Build success in 724ms
DTS dist/index.d.ts  557.00 B
DTS dist/index.d.cts 557.00 B

> cachemeshx@0.1.0 build
> tsup

CLI Building entry: {"index":"src/index.ts"}
CLI Using tsconfig: tsconfig.json
CLI tsup v8.5.1
CLI Using tsup config: /Users/aftabahmadkhan/Github/Personal/NPM/mern/cachemesh/tsup.config.ts
CLI Target: node18
CLI Cleaning output folder
ESM Build start
CJS Build start
CJS dist/index.cjs     2.68 KB
CJS dist/index.cjs.map 4.03 KB
CJS ⚡️ Build success in 8ms
ESM dist/index.js     1.66 KB
ESM dist/index.js.map 3.98 KB
ESM ⚡️ Build success in 8ms
DTS Build start
DTS ⚡️ Build success in 751ms
DTS dist/index.d.ts  1.28 KB
DTS dist/index.d.cts 1.28 KB

> dbflowx@0.1.0 build
> tsup

CLI Building entry: {"index":"src/index.ts"}
CLI Using tsconfig: tsconfig.json
CLI tsup v8.5.1
CLI Using tsup config: /Users/aftabahmadkhan/Github/Personal/NPM/mern/dbflow/tsup.config.ts
CLI Target: node18
CLI Cleaning output folder
ESM Build start
CJS Build start
CJS dist/index.cjs     1.10 KB
CJS dist/index.cjs.map 417.00 B
CJS ⚡️ Build success in 7ms
ESM dist/index.js     119.00 B
ESM dist/index.js.map 373.00 B
ESM ⚡️ Build success in 7ms
DTS Build start
DTS ⚡️ Build success in 612ms
DTS dist/index.d.ts  277.00 B
DTS dist/index.d.cts 277.00 B

> duoapi@0.1.0 build
> tsup

CLI Building entry: {"index":"src/index.ts"}
CLI Using tsconfig: tsconfig.json
CLI tsup v8.5.1
CLI Using tsup config: /Users/aftabahmadkhan/Github/Personal/NPM/mern/duoapi/tsup.config.ts
CLI Target: node18
CLI Cleaning output folder
ESM Build start
CJS Build start
ESM dist/index.js     431.00 B
ESM dist/index.js.map 1012.00 B
ESM ⚡️ Build success in 9ms
CJS dist/index.cjs     1.43 KB
CJS dist/index.cjs.map 1.03 KB
CJS ⚡️ Build success in 9ms
DTS Build start
DTS ⚡️ Build success in 712ms
DTS dist/index.d.ts  360.00 B
DTS dist/index.d.cts 360.00 B

> envguard@0.1.3 build
> tsup

CLI Building entry: {"index":"src/index.ts","cli":"src/cli.ts"}
CLI Using tsconfig: tsconfig.json
CLI tsup v8.5.1
CLI Using tsup config: /Users/aftabahmadkhan/Github/Personal/NPM/mern/envguard/tsup.config.ts
CLI Target: node18
CLI Cleaning output folder
ESM Build start
CJS Build start
CJS dist/cli.cjs       6.92 KB
CJS dist/index.cjs     10.19 KB
CJS dist/cli.cjs.map   18.09 KB
CJS dist/index.cjs.map 18.07 KB
CJS ⚡️ Build success in 12ms
ESM dist/chunk-GO4IMUE6.js     8.41 KB
ESM dist/index.js              738.00 B
ESM dist/cli.js                2.92 KB
ESM dist/chunk-GO4IMUE6.js.map 16.71 KB
ESM dist/index.js.map          1.32 KB
ESM dist/cli.js.map            5.69 KB
ESM ⚡️ Build success in 13ms
DTS Build start
DTS ⚡️ Build success in 1099ms
DTS dist/cli.d.ts    20.00 B
DTS dist/index.d.ts  3.74 KB
DTS dist/cli.d.cts   20.00 B
DTS dist/index.d.cts 3.74 KB

> eventmeshx@0.1.0 build
> tsup

CLI Building entry: {"index":"src/index.ts"}
CLI Using tsconfig: tsconfig.json
CLI tsup v8.5.1
CLI Using tsup config: /Users/aftabahmadkhan/Github/Personal/NPM/mern/eventmesh/tsup.config.ts
CLI Target: node18
CLI Cleaning output folder
ESM Build start
CJS Build start
CJS dist/index.cjs     1.63 KB
CJS dist/index.cjs.map 1.29 KB
CJS ⚡️ Build success in 22ms
ESM dist/index.js     606.00 B
ESM dist/index.js.map 1.24 KB
ESM ⚡️ Build success in 22ms
DTS Build start
DTS ⚡️ Build success in 675ms
DTS dist/index.d.ts  418.00 B
DTS dist/index.d.cts 418.00 B

> flagmesh@0.1.0 build
> tsup

CLI Building entry: {"index":"src/index.ts"}
CLI Using tsconfig: tsconfig.json
CLI tsup v8.5.1
CLI Using tsup config: /Users/aftabahmadkhan/Github/Personal/NPM/mern/flagmesh/tsup.config.ts
CLI Target: node18
CLI Cleaning output folder
ESM Build start
CJS Build start
ESM dist/index.js     1.45 KB
ESM dist/index.js.map 3.22 KB
ESM ⚡️ Build success in 7ms
CJS dist/index.cjs     2.54 KB
CJS dist/index.cjs.map 3.28 KB
CJS ⚡️ Build success in 8ms
DTS Build start
DTS ⚡️ Build success in 571ms
DTS dist/index.d.ts  837.00 B
DTS dist/index.d.cts 837.00 B

> formbridge@0.1.0 build
> tsup

CLI Building entry: {"index":"src/index.ts"}
CLI Using tsconfig: tsconfig.json
CLI tsup v8.5.1
CLI Using tsup config: /Users/aftabahmadkhan/Github/Personal/NPM/mern/formbridge/tsup.config.ts
CLI Target: node18
CLI Cleaning output folder
ESM Build start
CJS Build start
ESM dist/index.js     1.14 KB
ESM dist/index.js.map 2.61 KB
ESM ⚡️ Build success in 8ms
CJS dist/index.cjs     2.12 KB
CJS dist/index.cjs.map 2.66 KB
CJS ⚡️ Build success in 8ms
DTS Build start
DTS ⚡️ Build success in 592ms
DTS dist/index.d.ts  712.00 B
DTS dist/index.d.cts 712.00 B

> fusionstack@0.1.0 build
> tsup

CLI Building entry: {"index":"src/index.ts"}
CLI Using tsconfig: tsconfig.json
CLI tsup v8.5.1
CLI Using tsup config: /Users/aftabahmadkhan/Github/Personal/NPM/mern/fusionstack/tsup.config.ts
CLI Target: node18
CLI Cleaning output folder
ESM Build start
CJS Build start
CJS dist/index.cjs     1.48 KB
CJS dist/index.cjs.map 1.07 KB
CJS ⚡️ Build success in 7ms
ESM dist/index.js     441.00 B
ESM dist/index.js.map 1.02 KB
ESM ⚡️ Build success in 7ms
DTS Build start
DTS ⚡️ Build success in 546ms
DTS dist/index.d.ts  453.00 B
DTS dist/index.d.cts 453.00 B

> graphstackx@0.1.0 build
> tsup

CLI Building entry: {"index":"src/index.ts","cli":"src/cli.ts"}
CLI Using tsconfig: tsconfig.json
CLI tsup v8.5.1
CLI Using tsup config: /Users/aftabahmadkhan/Github/Personal/NPM/mern/graphstack/tsup.config.ts
CLI Target: node18
CLI Cleaning output folder
ESM Build start
CJS Build start
ESM dist/cli.js       867.00 B
ESM dist/index.js     115.00 B
ESM dist/cli.js.map   1.70 KB
ESM dist/index.js.map 183.00 B
ESM ⚡️ Build success in 9ms
CJS dist/cli.cjs       2.15 KB
CJS dist/index.cjs     1.10 KB
CJS dist/cli.cjs.map   1.73 KB
CJS dist/index.cjs.map 227.00 B
CJS ⚡️ Build success in 10ms
DTS Build start
DTS ⚡️ Build success in 577ms
DTS dist/index.d.ts  79.00 B
DTS dist/index.d.cts 79.00 B

> guardpress@0.1.0 build
> tsup

CLI Building entry: {"index":"src/index.ts"}
CLI Using tsconfig: tsconfig.json
CLI tsup v8.5.1
CLI Using tsup config: /Users/aftabahmadkhan/Github/Personal/NPM/mern/guardpress/tsup.config.ts
CLI Target: node18
CLI Cleaning output folder
ESM Build start
CJS Build start
ESM dist/index.js     399.00 B
ESM dist/index.js.map 871.00 B
ESM ⚡️ Build success in 7ms
CJS dist/index.cjs     1.40 KB
CJS dist/index.cjs.map 920.00 B
CJS ⚡️ Build success in 7ms
DTS Build start
DTS ⚡️ Build success in 650ms
DTS dist/index.d.ts  302.00 B
DTS dist/index.d.cts 302.00 B

> heapguard@0.1.0 build
> tsup

CLI Building entry: {"index":"src/index.ts"}
CLI Using tsconfig: tsconfig.json
CLI tsup v8.5.1
CLI Using tsup config: /Users/aftabahmadkhan/Github/Personal/NPM/mern/heapguard/tsup.config.ts
CLI Target: node18
CLI Cleaning output folder
ESM Build start
CJS Build start
CJS dist/index.cjs     2.60 KB
CJS dist/index.cjs.map 2.23 KB
CJS ⚡️ Build success in 8ms
ESM dist/index.js     904.00 B
ESM dist/index.js.map 2.17 KB
ESM ⚡️ Build success in 8ms
DTS Build start
DTS ⚡️ Build success in 570ms
DTS dist/index.d.ts  864.00 B
DTS dist/index.d.cts 864.00 B

> hookmesh@0.1.0 build
> tsup

CLI Building entry: {"index":"src/index.ts"}
CLI Using tsconfig: tsconfig.json
CLI tsup v8.5.1
CLI Using tsup config: /Users/aftabahmadkhan/Github/Personal/NPM/mern/hookmesh/tsup.config.ts
CLI Target: node18
CLI Cleaning output folder
ESM Build start
CJS Build start
CJS dist/index.cjs     3.90 KB
CJS dist/index.cjs.map 4.90 KB
CJS ⚡️ Build success in 8ms
ESM dist/index.js     2.12 KB
ESM dist/index.js.map 4.81 KB
ESM ⚡️ Build success in 8ms
DTS Build start
DTS ⚡️ Build success in 635ms
DTS dist/index.d.ts  1.41 KB
DTS dist/index.d.cts 1.41 KB

> hookretryx@0.1.0 build
> tsup

CLI Building entry: {"index":"src/index.ts"}
CLI Using tsconfig: tsconfig.json
CLI tsup v8.5.1
CLI Using tsup config: /Users/aftabahmadkhan/Github/Personal/NPM/mern/hookretry/tsup.config.ts
CLI Target: node18
CLI Cleaning output folder
ESM Build start
CJS Build start
CJS dist/index.cjs     1.41 KB
CJS dist/index.cjs.map 898.00 B
CJS ⚡️ Build success in 7ms
ESM dist/index.js     413.00 B
ESM dist/index.js.map 849.00 B
ESM ⚡️ Build success in 7ms
DTS Build start
DTS ⚡️ Build success in 645ms
DTS dist/index.d.ts  322.00 B
DTS dist/index.d.cts 322.00 B

> injectflow@0.1.0 build
> tsup

CLI Building entry: {"index":"src/index.ts"}
CLI Using tsconfig: tsconfig.json
CLI tsup v8.5.1
CLI Using tsup config: /Users/aftabahmadkhan/Github/Personal/NPM/mern/injectflow/tsup.config.ts
CLI Target: node18
CLI Cleaning output folder
ESM Build start
CJS Build start
CJS dist/index.cjs     1.91 KB
CJS dist/index.cjs.map 1.80 KB
CJS ⚡️ Build success in 8ms
ESM dist/index.js     897.00 B
ESM dist/index.js.map 1.75 KB
ESM ⚡️ Build success in 8ms
DTS Build start
DTS ⚡️ Build success in 607ms
DTS dist/index.d.ts  518.00 B
DTS dist/index.d.cts 518.00 B

> jobforge@0.1.0 build
> tsup

CLI Building entry: {"index":"src/index.ts"}
CLI Using tsconfig: tsconfig.json
CLI tsup v8.5.1
CLI Using tsup config: /Users/aftabahmadkhan/Github/Personal/NPM/mern/jobforge/tsup.config.ts
CLI Target: node18
CLI Cleaning output folder
ESM Build start
CJS Build start
CJS dist/index.cjs     2.78 KB
CJS dist/index.cjs.map 4.21 KB
CJS ⚡️ Build success in 13ms
ESM dist/index.js     1.77 KB
ESM dist/index.js.map 4.16 KB
ESM ⚡️ Build success in 14ms
DTS Build start
DTS ⚡️ Build success in 628ms
DTS dist/index.d.ts  851.00 B
DTS dist/index.d.cts 851.00 B

> lesscode@0.1.0 build
> tsup

CLI Building entry: {"index":"src/index.ts","cli":"src/cli.ts"}
CLI Using tsconfig: tsconfig.json
CLI tsup v8.5.1
CLI Using tsup config: /Users/aftabahmadkhan/Github/Personal/NPM/mern/lesscode/tsup.config.ts
CLI Target: node18
CLI Cleaning output folder
ESM Build start
CJS Build start
ESM dist/cli.js       1.09 KB
ESM dist/index.js     109.00 B
ESM dist/cli.js.map   1.98 KB
ESM dist/index.js.map 180.00 B
ESM ⚡️ Build success in 9ms
CJS dist/cli.cjs       2.42 KB
CJS dist/index.cjs     1.08 KB
CJS dist/cli.cjs.map   2.03 KB
CJS dist/index.cjs.map 224.00 B
CJS ⚡️ Build success in 10ms
DTS Build start
DTS ⚡️ Build success in 565ms
DTS dist/index.d.ts  73.00 B
DTS dist/index.d.cts 73.00 B

> lockmesh@0.1.0 build
> tsup

CLI Building entry: {"index":"src/index.ts"}
CLI Using tsconfig: tsconfig.json
CLI tsup v8.5.1
CLI Using tsup config: /Users/aftabahmadkhan/Github/Personal/NPM/mern/lockmesh/tsup.config.ts
CLI Target: node18
CLI Cleaning output folder
ESM Build start
CJS Build start
CJS dist/index.cjs     1.48 KB
CJS dist/index.cjs.map 910.00 B
CJS ⚡️ Build success in 7ms
ESM dist/index.js     483.00 B
ESM dist/index.js.map 861.00 B
ESM ⚡️ Build success in 7ms
DTS Build start
DTS ⚡️ Build success in 682ms
DTS dist/index.d.ts  197.00 B
DTS dist/index.d.cts 197.00 B

> logicforge@0.1.0 build
> tsup

CLI Building entry: {"index":"src/index.ts"}
CLI Using tsconfig: tsconfig.json
CLI tsup v8.5.1
CLI Using tsup config: /Users/aftabahmadkhan/Github/Personal/NPM/mern/logicforge/tsup.config.ts
CLI Target: node18
CLI Cleaning output folder
ESM Build start
CJS Build start
CJS dist/index.cjs     1.90 KB
CJS dist/index.cjs.map 1.84 KB
CJS ⚡️ Build success in 8ms
ESM dist/index.js     870.00 B
ESM dist/index.js.map 1.80 KB
ESM ⚡️ Build success in 9ms
DTS Build start
DTS ⚡️ Build success in 579ms
DTS dist/index.d.ts  497.00 B
DTS dist/index.d.cts 497.00 B

> metricpress@0.1.0 build
> tsup

CLI Building entry: {"index":"src/index.ts"}
CLI Using tsconfig: tsconfig.json
CLI tsup v8.5.1
CLI Using tsup config: /Users/aftabahmadkhan/Github/Personal/NPM/mern/metricpress/tsup.config.ts
CLI Target: node18
CLI Cleaning output folder
ESM Build start
CJS Build start
CJS dist/index.cjs     1.64 KB
CJS dist/index.cjs.map 1.06 KB
CJS ⚡️ Build success in 7ms
ESM dist/index.js     574.00 B
ESM dist/index.js.map 1.01 KB
ESM ⚡️ Build success in 7ms
DTS Build start
DTS ⚡️ Build success in 579ms
DTS dist/index.d.ts  372.00 B
DTS dist/index.d.cts 372.00 B

> duoapi@0.1.0 prepublishOnly
> npm run build


> duoapi@0.1.0 build
> tsup

CLI Building entry: {"index":"src/index.ts"}
CLI Using tsconfig: tsconfig.json
CLI tsup v8.5.1
CLI Using tsup config: /Users/aftabahmadkhan/Github/Personal/NPM/mern/duoapi/tsup.config.ts
CLI Target: node18
CLI Cleaning output folder
ESM Build start
CJS Build start
CJS dist/index.cjs     1.43 KB
CJS dist/index.cjs.map 1.03 KB
CJS ⚡️ Build success in 13ms
ESM dist/index.js     431.00 B
ESM dist/index.js.map 1012.00 B
ESM ⚡️ Build success in 13ms
DTS Build start
DTS ⚡️ Build success in 905ms
DTS dist/index.d.ts  360.00 B
DTS dist/index.d.cts 360.00 B
npm notice
npm notice 📦  duoapi@0.1.0
npm notice Tarball Contents
npm notice 49B CHANGELOG.md
npm notice 1.1kB LICENSE
npm notice 296B README.md
npm notice 1.5kB dist/index.cjs
npm notice 1.1kB dist/index.cjs.map
npm notice 360B dist/index.d.cts
npm notice 360B dist/index.d.ts
npm notice 431B dist/index.js
npm notice 1.0kB dist/index.js.map
npm notice 1.5kB package.json
npm notice Tarball Details
npm notice name: duoapi
npm notice version: 0.1.0
npm notice filename: duoapi-0.1.0.tgz
npm notice package size: 2.9 kB
npm notice unpacked size: 7.6 kB
npm notice shasum: 706d4ddb588fa44c4144bd23ea13d825a02cdf8f
npm notice integrity: sha512-jASRdo9pGJ9vz[...]rbyiN/0Ol4utg==
npm notice total files: 10
npm notice
npm notice Publishing to https://registry.npmjs.org/ with tag latest and public access
npm error code E403
npm error 403 403 Forbidden - PUT https://registry.npmjs.org/duoapi - Package name too similar to existing package duo-api; try renaming your package to '@mr-aftab-ahmad-khan/duoapi' and publishing with 'npm publish --access=public' instead
npm error 403 In most cases, you or one of your dependencies are requesting
npm error 403 a package version that is forbidden by your security policy, or
npm error 403 on a server you do not have access to.
npm error A complete log of this run can be found in: /var/folders/sz/c02sttfd07b6fn_1lv1k58h40000gn/T/cursor-sandbox-cache/d82d5feb25db3cbc69e86f460cabf4bc/npm/_logs/2026-06-03T10_13_45_038Z-debug-0.log

> duoapi@0.1.0 prepublishOnly
> npm run build


> duoapi@0.1.0 build
> tsup

CLI Building entry: {"index":"src/index.ts"}
CLI Using tsconfig: tsconfig.json
CLI tsup v8.5.1
CLI Using tsup config: /Users/aftabahmadkhan/Github/Personal/NPM/mern/duoapi/tsup.config.ts
CLI Target: node18
CLI Cleaning output folder
ESM Build start
CJS Build start
ESM dist/index.js     431.00 B
ESM dist/index.js.map 1012.00 B
ESM ⚡️ Build success in 8ms
CJS dist/index.cjs     1.43 KB
CJS dist/index.cjs.map 1.03 KB
CJS ⚡️ Build success in 8ms
DTS Build start
DTS ⚡️ Build success in 743ms
DTS dist/index.d.ts  360.00 B
DTS dist/index.d.cts 360.00 B
npm notice
npm notice 📦  duoapi@0.1.0
npm notice Tarball Contents
npm notice 49B CHANGELOG.md
npm notice 1.1kB LICENSE
npm notice 296B README.md
npm notice 1.5kB dist/index.cjs
npm notice 1.1kB dist/index.cjs.map
npm notice 360B dist/index.d.cts
npm notice 360B dist/index.d.ts
npm notice 431B dist/index.js
npm notice 1.0kB dist/index.js.map
npm notice 1.5kB package.json
npm notice Tarball Details
npm notice name: duoapi
npm notice version: 0.1.0
npm notice filename: duoapi-0.1.0.tgz
npm notice package size: 2.9 kB
npm notice unpacked size: 7.6 kB
npm notice shasum: 706d4ddb588fa44c4144bd23ea13d825a02cdf8f
npm notice integrity: sha512-jASRdo9pGJ9vz[...]rbyiN/0Ol4utg==
npm notice total files: 10
npm notice
npm notice Publishing to https://registry.npmjs.org/ with tag latest and public access
npm error code E403
npm error 403 403 Forbidden - PUT https://registry.npmjs.org/duoapi - Package name too similar to existing package duo-api; try renaming your package to '@mr-aftab-ahmad-khan/duoapi' and publishing with 'npm publish --access=public' instead
npm error 403 In most cases, you or one of your dependencies are requesting
npm error 403 a package version that is forbidden by your security policy, or
npm error 403 on a server you do not have access to.
npm error A complete log of this run can be found in: /var/folders/sz/c02sttfd07b6fn_1lv1k58h40000gn/T/cursor-sandbox-cache/d82d5feb25db3cbc69e86f460cabf4bc/npm/_logs/2026-06-03T10_15_19_078Z-debug-0.log

> duoapi@0.1.0 prepublishOnly
> npm run build


> duoapi@0.1.0 build
> tsup

CLI Building entry: {"index":"src/index.ts"}
CLI Using tsconfig: tsconfig.json
CLI tsup v8.5.1
CLI Using tsup config: /Users/aftabahmadkhan/Github/Personal/NPM/mern/duoapi/tsup.config.ts
CLI Target: node18
CLI Cleaning output folder
ESM Build start
CJS Build start
ESM dist/index.js     431.00 B
ESM dist/index.js.map 1012.00 B
ESM ⚡️ Build success in 8ms
CJS dist/index.cjs     1.43 KB
CJS dist/index.cjs.map 1.03 KB
CJS ⚡️ Build success in 8ms
DTS Build start
DTS ⚡️ Build success in 764ms
DTS dist/index.d.ts  360.00 B
DTS dist/index.d.cts 360.00 B
npm notice
npm notice 📦  duoapi@0.1.0
npm notice Tarball Contents
npm notice 49B CHANGELOG.md
npm notice 1.1kB LICENSE
npm notice 296B README.md
npm notice 1.5kB dist/index.cjs
npm notice 1.1kB dist/index.cjs.map
npm notice 360B dist/index.d.cts
npm notice 360B dist/index.d.ts
npm notice 431B dist/index.js
npm notice 1.0kB dist/index.js.map
npm notice 1.5kB package.json
npm notice Tarball Details
npm notice name: duoapi
npm notice version: 0.1.0
npm notice filename: duoapi-0.1.0.tgz
npm notice package size: 2.9 kB
npm notice unpacked size: 7.6 kB
npm notice shasum: 706d4ddb588fa44c4144bd23ea13d825a02cdf8f
npm notice integrity: sha512-jASRdo9pGJ9vz[...]rbyiN/0Ol4utg==
npm notice total files: 10
npm notice
npm notice Publishing to https://registry.npmjs.org/ with tag latest and public access
npm error code E403
npm error 403 403 Forbidden - PUT https://registry.npmjs.org/duoapi - Package name too similar to existing package duo-api; try renaming your package to '@mr-aftab-ahmad-khan/duoapi' and publishing with 'npm publish --access=public' instead
npm error 403 In most cases, you or one of your dependencies are requesting
npm error 403 a package version that is forbidden by your security policy, or
npm error 403 on a server you do not have access to.
npm error A complete log of this run can be found in: /var/folders/sz/c02sttfd07b6fn_1lv1k58h40000gn/T/cursor-sandbox-cache/d82d5feb25db3cbc69e86f460cabf4bc/npm/_logs/2026-06-03T10_18_22_743Z-debug-0.log

> duoapi@0.1.0 prepublishOnly
> npm run build


> duoapi@0.1.0 build
> tsup

CLI Building entry: {"index":"src/index.ts"}
CLI Using tsconfig: tsconfig.json
CLI tsup v8.5.1
CLI Using tsup config: /Users/aftabahmadkhan/Github/Personal/NPM/mern/duoapi/tsup.config.ts
CLI Target: node18
CLI Cleaning output folder
ESM Build start
CJS Build start
ESM dist/index.js     431.00 B
ESM dist/index.js.map 1012.00 B
ESM ⚡️ Build success in 7ms
CJS dist/index.cjs     1.43 KB
CJS dist/index.cjs.map 1.03 KB
CJS ⚡️ Build success in 7ms
DTS Build start
DTS ⚡️ Build success in 755ms
DTS dist/index.d.ts  360.00 B
DTS dist/index.d.cts 360.00 B
npm notice
npm notice 📦  duoapi@0.1.0
npm notice Tarball Contents
npm notice 49B CHANGELOG.md
npm notice 1.1kB LICENSE
npm notice 296B README.md
npm notice 1.5kB dist/index.cjs
npm notice 1.1kB dist/index.cjs.map
npm notice 360B dist/index.d.cts
npm notice 360B dist/index.d.ts
npm notice 431B dist/index.js
npm notice 1.0kB dist/index.js.map
npm notice 1.5kB package.json
npm notice Tarball Details
npm notice name: duoapi
npm notice version: 0.1.0
npm notice filename: duoapi-0.1.0.tgz
npm notice package size: 2.9 kB
npm notice unpacked size: 7.6 kB
npm notice shasum: 706d4ddb588fa44c4144bd23ea13d825a02cdf8f
npm notice integrity: sha512-jASRdo9pGJ9vz[...]rbyiN/0Ol4utg==
npm notice total files: 10
npm notice
npm notice Publishing to https://registry.npmjs.org/ with tag latest and public access
npm error code E403
npm error 403 403 Forbidden - PUT https://registry.npmjs.org/duoapi - Package name too similar to existing package duo-api; try renaming your package to '@mr-aftab-ahmad-khan/duoapi' and publishing with 'npm publish --access=public' instead
npm error 403 In most cases, you or one of your dependencies are requesting
npm error 403 a package version that is forbidden by your security policy, or
npm error 403 on a server you do not have access to.
npm error A complete log of this run can be found in: /var/folders/sz/c02sttfd07b6fn_1lv1k58h40000gn/T/cursor-sandbox-cache/d82d5feb25db3cbc69e86f460cabf4bc/npm/_logs/2026-06-03T10_22_56_698Z-debug-0.log

> duoapi@0.1.0 prepublishOnly
> npm run build


> duoapi@0.1.0 build
> tsup

CLI Building entry: {"index":"src/index.ts"}
CLI Using tsconfig: tsconfig.json
CLI tsup v8.5.1
CLI Using tsup config: /Users/aftabahmadkhan/Github/Personal/NPM/mern/duoapi/tsup.config.ts
CLI Target: node18
CLI Cleaning output folder
ESM Build start
CJS Build start
CJS dist/index.cjs     1.43 KB
CJS dist/index.cjs.map 1.03 KB
CJS ⚡️ Build success in 9ms
ESM dist/index.js     431.00 B
ESM dist/index.js.map 1012.00 B
ESM ⚡️ Build success in 9ms
DTS Build start
DTS ⚡️ Build success in 824ms
DTS dist/index.d.ts  360.00 B
DTS dist/index.d.cts 360.00 B
npm notice
npm notice 📦  duoapi@0.1.0
npm notice Tarball Contents
npm notice 49B CHANGELOG.md
npm notice 1.1kB LICENSE
npm notice 296B README.md
npm notice 1.5kB dist/index.cjs
npm notice 1.1kB dist/index.cjs.map
npm notice 360B dist/index.d.cts
npm notice 360B dist/index.d.ts
npm notice 431B dist/index.js
npm notice 1.0kB dist/index.js.map
npm notice 1.5kB package.json
npm notice Tarball Details
npm notice name: duoapi
npm notice version: 0.1.0
npm notice filename: duoapi-0.1.0.tgz
npm notice package size: 2.9 kB
npm notice unpacked size: 7.6 kB
npm notice shasum: 706d4ddb588fa44c4144bd23ea13d825a02cdf8f
npm notice integrity: sha512-jASRdo9pGJ9vz[...]rbyiN/0Ol4utg==
npm notice total files: 10
npm notice
npm notice Publishing to https://registry.npmjs.org/ with tag latest and public access
npm error code E403
npm error 403 403 Forbidden - PUT https://registry.npmjs.org/duoapi - Package name too similar to existing package duo-api; try renaming your package to '@mr-aftab-ahmad-khan/duoapi' and publishing with 'npm publish --access=public' instead
npm error 403 In most cases, you or one of your dependencies are requesting
npm error 403 a package version that is forbidden by your security policy, or
npm error 403 on a server you do not have access to.
npm error A complete log of this run can be found in: /var/folders/sz/c02sttfd07b6fn_1lv1k58h40000gn/T/cursor-sandbox-cache/d82d5feb25db3cbc69e86f460cabf4bc/npm/_logs/2026-06-03T10_29_01_509Z-debug-0.log

> duoapi@0.1.0 prepublishOnly
> npm run build


> duoapi@0.1.0 build
> tsup

CLI Building entry: {"index":"src/index.ts"}
CLI Using tsconfig: tsconfig.json
CLI tsup v8.5.1
CLI Using tsup config: /Users/aftabahmadkhan/Github/Personal/NPM/mern/duoapi/tsup.config.ts
CLI Target: node18
CLI Cleaning output folder
ESM Build start
CJS Build start
CJS dist/index.cjs     1.43 KB
CJS dist/index.cjs.map 1.03 KB
CJS ⚡️ Build success in 8ms
ESM dist/index.js     431.00 B
ESM dist/index.js.map 1012.00 B
ESM ⚡️ Build success in 8ms
DTS Build start
DTS ⚡️ Build success in 753ms
DTS dist/index.d.ts  360.00 B
DTS dist/index.d.cts 360.00 B
npm notice
npm notice 📦  duoapi@0.1.0
npm notice Tarball Contents
npm notice 49B CHANGELOG.md
npm notice 1.1kB LICENSE
npm notice 296B README.md
npm notice 1.5kB dist/index.cjs
npm notice 1.1kB dist/index.cjs.map
npm notice 360B dist/index.d.cts
npm notice 360B dist/index.d.ts
npm notice 431B dist/index.js
npm notice 1.0kB dist/index.js.map
npm notice 1.5kB package.json
npm notice Tarball Details
npm notice name: duoapi
npm notice version: 0.1.0
npm notice filename: duoapi-0.1.0.tgz
npm notice package size: 2.9 kB
npm notice unpacked size: 7.6 kB
npm notice shasum: 706d4ddb588fa44c4144bd23ea13d825a02cdf8f
npm notice integrity: sha512-jASRdo9pGJ9vz[...]rbyiN/0Ol4utg==
npm notice total files: 10
npm notice
npm notice Publishing to https://registry.npmjs.org/ with tag latest and public access
npm error code E403
npm error 403 403 Forbidden - PUT https://registry.npmjs.org/duoapi - Package name too similar to existing package duo-api; try renaming your package to '@mr-aftab-ahmad-khan/duoapi' and publishing with 'npm publish --access=public' instead
npm error 403 In most cases, you or one of your dependencies are requesting
npm error 403 a package version that is forbidden by your security policy, or
npm error 403 on a server you do not have access to.
npm error A complete log of this run can be found in: /var/folders/sz/c02sttfd07b6fn_1lv1k58h40000gn/T/cursor-sandbox-cache/d82d5feb25db3cbc69e86f460cabf4bc/npm/_logs/2026-06-03T10_36_36_427Z-debug-0.log

> envguard@0.1.3 prepublishOnly
> npm run build


> envguard@0.1.3 build
> tsup

CLI Building entry: {"index":"src/index.ts","cli":"src/cli.ts"}
CLI Using tsconfig: tsconfig.json
CLI tsup v8.5.1
CLI Using tsup config: /Users/aftabahmadkhan/Github/Personal/NPM/mern/envguard/tsup.config.ts
CLI Target: node18
CLI Cleaning output folder
ESM Build start
CJS Build start
ESM dist/index.js              738.00 B
ESM dist/cli.js                2.92 KB
ESM dist/chunk-GO4IMUE6.js     8.41 KB
ESM dist/index.js.map          1.32 KB
ESM dist/cli.js.map            5.69 KB
ESM dist/chunk-GO4IMUE6.js.map 16.71 KB
ESM ⚡️ Build success in 16ms
CJS dist/index.cjs     10.19 KB
CJS dist/cli.cjs       6.92 KB
CJS dist/index.cjs.map 18.07 KB
CJS dist/cli.cjs.map   18.09 KB
CJS ⚡️ Build success in 16ms
DTS Build start
DTS ⚡️ Build success in 1274ms
DTS dist/cli.d.ts    20.00 B
DTS dist/index.d.ts  3.74 KB
DTS dist/cli.d.cts   20.00 B
DTS dist/index.d.cts 3.74 KB
npm notice
npm notice 📦  envguard@0.1.3
npm notice Tarball Contents
npm notice 49B CHANGELOG.md
npm notice 676B LICENSE
npm notice 2.7kB README.md
npm notice 8.6kB dist/chunk-GO4IMUE6.js
npm notice 17.1kB dist/chunk-GO4IMUE6.js.map
npm notice 7.1kB dist/cli.cjs
npm notice 18.5kB dist/cli.cjs.map
npm notice 20B dist/cli.d.cts
npm notice 20B dist/cli.d.ts
npm notice 3.0kB dist/cli.js
npm notice 5.8kB dist/cli.js.map
npm notice 10.4kB dist/index.cjs
npm notice 18.5kB dist/index.cjs.map
npm notice 3.8kB dist/index.d.cts
npm notice 3.8kB dist/index.d.ts
npm notice 738B dist/index.js
npm notice 1.4kB dist/index.js.map
npm notice 47B envguard.cjs
npm notice 1.6kB package.json
npm notice Tarball Details
npm notice name: envguard
npm notice version: 0.1.3
npm notice filename: envguard-0.1.3.tgz
npm notice package size: 14.9 kB
npm notice unpacked size: 104.0 kB
npm notice shasum: b25d5217e100f6e9ad8113ecd987d9f772e06f9e
npm notice integrity: sha512-/hhfEDFFOeO2s[...]Q0B7Reh8f1LUw==
npm notice total files: 19
npm notice
npm notice Publishing to https://registry.npmjs.org/ with tag latest and public access
npm error code E403
npm error 403 403 Forbidden - PUT https://registry.npmjs.org/envguard - Package name too similar to existing package env-guard; try renaming your package to '@mr-aftab-ahmad-khan/envguard' and publishing with 'npm publish --access=public' instead
npm error 403 In most cases, you or one of your dependencies are requesting
npm error 403 a package version that is forbidden by your security policy, or
npm error 403 on a server you do not have access to.
npm error A complete log of this run can be found in: /var/folders/sz/c02sttfd07b6fn_1lv1k58h40000gn/T/cursor-sandbox-cache/d82d5feb25db3cbc69e86f460cabf4bc/npm/_logs/2026-06-03T10_41_41_017Z-debug-0.log

> envguard@0.1.3 prepublishOnly
> npm run build


> envguard@0.1.3 build
> tsup

CLI Building entry: {"index":"src/index.ts","cli":"src/cli.ts"}
CLI Using tsconfig: tsconfig.json
CLI tsup v8.5.1
CLI Using tsup config: /Users/aftabahmadkhan/Github/Personal/NPM/mern/envguard/tsup.config.ts
CLI Target: node18
CLI Cleaning output folder
ESM Build start
CJS Build start
ESM dist/index.js              738.00 B
ESM dist/cli.js                2.92 KB
ESM dist/chunk-GO4IMUE6.js     8.41 KB
ESM dist/cli.js.map            5.69 KB
ESM dist/chunk-GO4IMUE6.js.map 16.71 KB
ESM dist/index.js.map          1.32 KB
ESM ⚡️ Build success in 15ms
CJS dist/index.cjs     10.19 KB
CJS dist/cli.cjs       6.92 KB
CJS dist/cli.cjs.map   18.09 KB
CJS dist/index.cjs.map 18.07 KB
CJS ⚡️ Build success in 15ms
DTS Build start
DTS ⚡️ Build success in 1182ms
DTS dist/cli.d.ts    20.00 B
DTS dist/index.d.ts  3.74 KB
DTS dist/cli.d.cts   20.00 B
DTS dist/index.d.cts 3.74 KB
npm notice
npm notice 📦  envguard@0.1.3
npm notice Tarball Contents
npm notice 49B CHANGELOG.md
npm notice 676B LICENSE
npm notice 2.7kB README.md
npm notice 8.6kB dist/chunk-GO4IMUE6.js
npm notice 17.1kB dist/chunk-GO4IMUE6.js.map
npm notice 7.1kB dist/cli.cjs
npm notice 18.5kB dist/cli.cjs.map
npm notice 20B dist/cli.d.cts
npm notice 20B dist/cli.d.ts
npm notice 3.0kB dist/cli.js
npm notice 5.8kB dist/cli.js.map
npm notice 10.4kB dist/index.cjs
npm notice 18.5kB dist/index.cjs.map
npm notice 3.8kB dist/index.d.cts
npm notice 3.8kB dist/index.d.ts
npm notice 738B dist/index.js
npm notice 1.4kB dist/index.js.map
npm notice 47B envguard.cjs
npm notice 1.6kB package.json
npm notice Tarball Details
npm notice name: envguard
npm notice version: 0.1.3
npm notice filename: envguard-0.1.3.tgz
npm notice package size: 14.9 kB
npm notice unpacked size: 104.0 kB
npm notice shasum: b25d5217e100f6e9ad8113ecd987d9f772e06f9e
npm notice integrity: sha512-/hhfEDFFOeO2s[...]Q0B7Reh8f1LUw==
npm notice total files: 19
npm notice
npm notice Publishing to https://registry.npmjs.org/ with tag latest and public access
npm error code E403
npm error 403 403 Forbidden - PUT https://registry.npmjs.org/envguard - Package name too similar to existing package env-guard; try renaming your package to '@mr-aftab-ahmad-khan/envguard' and publishing with 'npm publish --access=public' instead
npm error 403 In most cases, you or one of your dependencies are requesting
npm error 403 a package version that is forbidden by your security policy, or
npm error 403 on a server you do not have access to.
npm error A complete log of this run can be found in: /var/folders/sz/c02sttfd07b6fn_1lv1k58h40000gn/T/cursor-sandbox-cache/d82d5feb25db3cbc69e86f460cabf4bc/npm/_logs/2026-06-03T10_43_16_923Z-debug-0.log

> envguard@0.1.3 prepublishOnly
> npm run build


> envguard@0.1.3 build
> tsup

CLI Building entry: {"index":"src/index.ts","cli":"src/cli.ts"}
CLI Using tsconfig: tsconfig.json
CLI tsup v8.5.1
CLI Using tsup config: /Users/aftabahmadkhan/Github/Personal/NPM/mern/envguard/tsup.config.ts
CLI Target: node18
CLI Cleaning output folder
ESM Build start
CJS Build start
ESM dist/cli.js                2.92 KB
ESM dist/chunk-GO4IMUE6.js     8.41 KB
ESM dist/index.js              738.00 B
ESM dist/index.js.map          1.32 KB
ESM dist/cli.js.map            5.69 KB
ESM dist/chunk-GO4IMUE6.js.map 16.71 KB
ESM ⚡️ Build success in 17ms
CJS dist/index.cjs     10.19 KB
CJS dist/cli.cjs       6.92 KB
CJS dist/index.cjs.map 18.07 KB
CJS dist/cli.cjs.map   18.09 KB
CJS ⚡️ Build success in 17ms
DTS Build start
DTS ⚡️ Build success in 1109ms
DTS dist/cli.d.ts    20.00 B
DTS dist/index.d.ts  3.74 KB
DTS dist/cli.d.cts   20.00 B
DTS dist/index.d.cts 3.74 KB
npm notice
npm notice 📦  envguard@0.1.3
npm notice Tarball Contents
npm notice 49B CHANGELOG.md
npm notice 676B LICENSE
npm notice 2.7kB README.md
npm notice 8.6kB dist/chunk-GO4IMUE6.js
npm notice 17.1kB dist/chunk-GO4IMUE6.js.map
npm notice 7.1kB dist/cli.cjs
npm notice 18.5kB dist/cli.cjs.map
npm notice 20B dist/cli.d.cts
npm notice 20B dist/cli.d.ts
npm notice 3.0kB dist/cli.js
npm notice 5.8kB dist/cli.js.map
npm notice 10.4kB dist/index.cjs
npm notice 18.5kB dist/index.cjs.map
npm notice 3.8kB dist/index.d.cts
npm notice 3.8kB dist/index.d.ts
npm notice 738B dist/index.js
npm notice 1.4kB dist/index.js.map
npm notice 47B envguard.cjs
npm notice 1.6kB package.json
npm notice Tarball Details
npm notice name: envguard
npm notice version: 0.1.3
npm notice filename: envguard-0.1.3.tgz
npm notice package size: 14.9 kB
npm notice unpacked size: 104.0 kB
npm notice shasum: b25d5217e100f6e9ad8113ecd987d9f772e06f9e
npm notice integrity: sha512-/hhfEDFFOeO2s[...]Q0B7Reh8f1LUw==
npm notice total files: 19
npm notice
npm notice Publishing to https://registry.npmjs.org/ with tag latest and public access
npm error code E403
npm error 403 403 Forbidden - PUT https://registry.npmjs.org/envguard - Package name too similar to existing package env-guard; try renaming your package to '@mr-aftab-ahmad-khan/envguard' and publishing with 'npm publish --access=public' instead
npm error 403 In most cases, you or one of your dependencies are requesting
npm error 403 a package version that is forbidden by your security policy, or
npm error 403 on a server you do not have access to.
npm error A complete log of this run can be found in: /var/folders/sz/c02sttfd07b6fn_1lv1k58h40000gn/T/cursor-sandbox-cache/d82d5feb25db3cbc69e86f460cabf4bc/npm/_logs/2026-06-03T10_46_21_007Z-debug-0.log

> envguard@0.1.3 prepublishOnly
> npm run build


> envguard@0.1.3 build
> tsup

CLI Building entry: {"index":"src/index.ts","cli":"src/cli.ts"}
CLI Using tsconfig: tsconfig.json
CLI tsup v8.5.1
CLI Using tsup config: /Users/aftabahmadkhan/Github/Personal/NPM/mern/envguard/tsup.config.ts
CLI Target: node18
CLI Cleaning output folder
ESM Build start
CJS Build start
CJS dist/index.cjs     10.19 KB
CJS dist/cli.cjs       6.92 KB
CJS dist/index.cjs.map 18.07 KB
CJS dist/cli.cjs.map   18.09 KB
CJS ⚡️ Build success in 23ms
ESM dist/index.js              738.00 B
ESM dist/index.js.map          1.32 KB
ESM dist/cli.js                2.92 KB
ESM dist/chunk-GO4IMUE6.js     8.41 KB
ESM dist/cli.js.map            5.69 KB
ESM dist/chunk-GO4IMUE6.js.map 16.71 KB
ESM ⚡️ Build success in 23ms
DTS Build start
DTS ⚡️ Build success in 1168ms
DTS dist/cli.d.ts    20.00 B
DTS dist/index.d.ts  3.74 KB
DTS dist/cli.d.cts   20.00 B
DTS dist/index.d.cts 3.74 KB
npm notice
npm notice 📦  envguard@0.1.3
npm notice Tarball Contents
npm notice 49B CHANGELOG.md
npm notice 676B LICENSE
npm notice 2.7kB README.md
npm notice 8.6kB dist/chunk-GO4IMUE6.js
npm notice 17.1kB dist/chunk-GO4IMUE6.js.map
npm notice 7.1kB dist/cli.cjs
npm notice 18.5kB dist/cli.cjs.map
npm notice 20B dist/cli.d.cts
npm notice 20B dist/cli.d.ts
npm notice 3.0kB dist/cli.js
npm notice 5.8kB dist/cli.js.map
npm notice 10.4kB dist/index.cjs
npm notice 18.5kB dist/index.cjs.map
npm notice 3.8kB dist/index.d.cts
npm notice 3.8kB dist/index.d.ts
npm notice 738B dist/index.js
npm notice 1.4kB dist/index.js.map
npm notice 47B envguard.cjs
npm notice 1.6kB package.json
npm notice Tarball Details
npm notice name: envguard
npm notice version: 0.1.3
npm notice filename: envguard-0.1.3.tgz
npm notice package size: 14.9 kB
npm notice unpacked size: 104.0 kB
npm notice shasum: b25d5217e100f6e9ad8113ecd987d9f772e06f9e
npm notice integrity: sha512-/hhfEDFFOeO2s[...]Q0B7Reh8f1LUw==
npm notice total files: 19
npm notice
npm notice Publishing to https://registry.npmjs.org/ with tag latest and public access
npm error code E403
npm error 403 403 Forbidden - PUT https://registry.npmjs.org/envguard - Package name too similar to existing package env-guard; try renaming your package to '@mr-aftab-ahmad-khan/envguard' and publishing with 'npm publish --access=public' instead
npm error 403 In most cases, you or one of your dependencies are requesting
npm error 403 a package version that is forbidden by your security policy, or
npm error 403 on a server you do not have access to.
npm error A complete log of this run can be found in: /var/folders/sz/c02sttfd07b6fn_1lv1k58h40000gn/T/cursor-sandbox-cache/d82d5feb25db3cbc69e86f460cabf4bc/npm/_logs/2026-06-03T10_50_55_183Z-debug-0.log

> envguard@0.1.3 prepublishOnly
> npm run build


> envguard@0.1.3 build
> tsup

CLI Building entry: {"index":"src/index.ts","cli":"src/cli.ts"}
CLI Using tsconfig: tsconfig.json
CLI tsup v8.5.1
CLI Using tsup config: /Users/aftabahmadkhan/Github/Personal/NPM/mern/envguard/tsup.config.ts
CLI Target: node18
CLI Cleaning output folder
ESM Build start
CJS Build start
CJS dist/index.cjs     10.19 KB
CJS dist/cli.cjs       6.92 KB
CJS dist/index.cjs.map 18.07 KB
CJS dist/cli.cjs.map   18.09 KB
CJS ⚡️ Build success in 13ms
ESM dist/index.js              738.00 B
ESM dist/cli.js                2.92 KB
ESM dist/chunk-GO4IMUE6.js     8.41 KB
ESM dist/index.js.map          1.32 KB
ESM dist/chunk-GO4IMUE6.js.map 16.71 KB
ESM dist/cli.js.map            5.69 KB
ESM ⚡️ Build success in 14ms
DTS Build start
DTS ⚡️ Build success in 1150ms
DTS dist/cli.d.ts    20.00 B
DTS dist/index.d.ts  3.74 KB
DTS dist/cli.d.cts   20.00 B
DTS dist/index.d.cts 3.74 KB
npm notice
npm notice 📦  envguard@0.1.3
npm notice Tarball Contents
npm notice 49B CHANGELOG.md
npm notice 676B LICENSE
npm notice 2.7kB README.md
npm notice 8.6kB dist/chunk-GO4IMUE6.js
npm notice 17.1kB dist/chunk-GO4IMUE6.js.map
npm notice 7.1kB dist/cli.cjs
npm notice 18.5kB dist/cli.cjs.map
npm notice 20B dist/cli.d.cts
npm notice 20B dist/cli.d.ts
npm notice 3.0kB dist/cli.js
npm notice 5.8kB dist/cli.js.map
npm notice 10.4kB dist/index.cjs
npm notice 18.5kB dist/index.cjs.map
npm notice 3.8kB dist/index.d.cts
npm notice 3.8kB dist/index.d.ts
npm notice 738B dist/index.js
npm notice 1.4kB dist/index.js.map
npm notice 47B envguard.cjs
npm notice 1.6kB package.json
npm notice Tarball Details
npm notice name: envguard
npm notice version: 0.1.3
npm notice filename: envguard-0.1.3.tgz
npm notice package size: 14.9 kB
npm notice unpacked size: 104.0 kB
npm notice shasum: b25d5217e100f6e9ad8113ecd987d9f772e06f9e
npm notice integrity: sha512-/hhfEDFFOeO2s[...]Q0B7Reh8f1LUw==
npm notice total files: 19
npm notice
npm notice Publishing to https://registry.npmjs.org/ with tag latest and public access
npm error code E403
npm error 403 403 Forbidden - PUT https://registry.npmjs.org/envguard - Package name too similar to existing package env-guard; try renaming your package to '@mr-aftab-ahmad-khan/envguard' and publishing with 'npm publish --access=public' instead
npm error 403 In most cases, you or one of your dependencies are requesting
npm error 403 a package version that is forbidden by your security policy, or
npm error 403 on a server you do not have access to.
npm error A complete log of this run can be found in: /var/folders/sz/c02sttfd07b6fn_1lv1k58h40000gn/T/cursor-sandbox-cache/d82d5feb25db3cbc69e86f460cabf4bc/npm/_logs/2026-06-03T10_57_01_667Z-debug-0.log

> envguard@0.1.3 prepublishOnly
> npm run build


> envguard@0.1.3 build
> tsup

CLI Building entry: {"index":"src/index.ts","cli":"src/cli.ts"}
CLI Using tsconfig: tsconfig.json
CLI tsup v8.5.1
CLI Using tsup config: /Users/aftabahmadkhan/Github/Personal/NPM/mern/envguard/tsup.config.ts
CLI Target: node18
CLI Cleaning output folder
ESM Build start
CJS Build start
ESM dist/index.js              738.00 B
ESM dist/cli.js                2.92 KB
ESM dist/chunk-GO4IMUE6.js     8.41 KB
ESM dist/index.js.map          1.32 KB
ESM dist/cli.js.map            5.69 KB
ESM dist/chunk-GO4IMUE6.js.map 16.71 KB
ESM ⚡️ Build success in 14ms
CJS dist/index.cjs     10.19 KB
CJS dist/cli.cjs       6.92 KB
CJS dist/index.cjs.map 18.07 KB
CJS dist/cli.cjs.map   18.09 KB
CJS ⚡️ Build success in 14ms
DTS Build start
DTS ⚡️ Build success in 1170ms
DTS dist/cli.d.ts    20.00 B
DTS dist/index.d.ts  3.74 KB
DTS dist/cli.d.cts   20.00 B
DTS dist/index.d.cts 3.74 KB
npm notice
npm notice 📦  envguard@0.1.3
npm notice Tarball Contents
npm notice 49B CHANGELOG.md
npm notice 676B LICENSE
npm notice 2.7kB README.md
npm notice 8.6kB dist/chunk-GO4IMUE6.js
npm notice 17.1kB dist/chunk-GO4IMUE6.js.map
npm notice 7.1kB dist/cli.cjs
npm notice 18.5kB dist/cli.cjs.map
npm notice 20B dist/cli.d.cts
npm notice 20B dist/cli.d.ts
npm notice 3.0kB dist/cli.js
npm notice 5.8kB dist/cli.js.map
npm notice 10.4kB dist/index.cjs
npm notice 18.5kB dist/index.cjs.map
npm notice 3.8kB dist/index.d.cts
npm notice 3.8kB dist/index.d.ts
npm notice 738B dist/index.js
npm notice 1.4kB dist/index.js.map
npm notice 47B envguard.cjs
npm notice 1.6kB package.json
npm notice Tarball Details
npm notice name: envguard
npm notice version: 0.1.3
npm notice filename: envguard-0.1.3.tgz
npm notice package size: 14.9 kB
npm notice unpacked size: 104.0 kB
npm notice shasum: b25d5217e100f6e9ad8113ecd987d9f772e06f9e
npm notice integrity: sha512-/hhfEDFFOeO2s[...]Q0B7Reh8f1LUw==
npm notice total files: 19
npm notice
npm notice Publishing to https://registry.npmjs.org/ with tag latest and public access
npm error code E403
npm error 403 403 Forbidden - PUT https://registry.npmjs.org/envguard - Package name too similar to existing package env-guard; try renaming your package to '@mr-aftab-ahmad-khan/envguard' and publishing with 'npm publish --access=public' instead
npm error 403 In most cases, you or one of your dependencies are requesting
npm error 403 a package version that is forbidden by your security policy, or
npm error 403 on a server you do not have access to.
npm error A complete log of this run can be found in: /var/folders/sz/c02sttfd07b6fn_1lv1k58h40000gn/T/cursor-sandbox-cache/d82d5feb25db3cbc69e86f460cabf4bc/npm/_logs/2026-06-03T11_04_36_729Z-debug-0.log
