=== npm publish scheduled run 2026-06-03T22:09:04+05:00 ===
Using npm config: /Users/aftabahmadkhan/.npmrc
mr-aftab-ahmad-khan
Pending: 89 · This run: 20 (limit 20)

npm auth OK (mr-aftab-ahmad-khan)
npm auth OK (mr-aftab-ahmad-khan)

> cacheflowx@0.1.0 build
> tsup

CLI Building entry: {"index":"src/index.ts"}
CLI Using tsconfig: tsconfig.json
CLI tsup v8.5.1
CLI Using tsup config: /Users/aftabahmadkhan/Github/Personal/NPM/mern/cacheflow/tsup.config.ts
CLI Target: node18
CLI Cleaning output folder
ESM Build start
CJS Build start
ESM dist/index.js     1.12 KB
ESM dist/index.js.map 2.15 KB
ESM ⚡️ Build success in 7ms
CJS dist/index.cjs     2.13 KB
CJS dist/index.cjs.map 2.20 KB
CJS ⚡️ Build success in 7ms
DTS Build start
DTS ⚡️ Build success in 798ms
DTS dist/index.d.ts  557.00 B
DTS dist/index.d.cts 557.00 B

> cachemeshx@0.1.0 build
> tsup

CLI Building entry: {"index":"src/index.ts"}
CLI Using tsconfig: tsconfig.json
CLI tsup v8.5.1
CLI Using tsup config: /Users/aftabahmadkhan/Github/Personal/NPM/mern/cachemesh/tsup.config.ts
CLI Target: node18
CLI Cleaning output folder
ESM Build start
CJS Build start
ESM dist/index.js     1.66 KB
ESM dist/index.js.map 3.98 KB
ESM ⚡️ Build success in 10ms
CJS dist/index.cjs     2.68 KB
CJS dist/index.cjs.map 4.03 KB
CJS ⚡️ Build success in 10ms
DTS Build start
DTS ⚡️ Build success in 912ms
DTS dist/index.d.ts  1.28 KB
DTS dist/index.d.cts 1.28 KB

> dbflowx@0.1.0 build
> tsup

CLI Building entry: {"index":"src/index.ts"}
CLI Using tsconfig: tsconfig.json
CLI tsup v8.5.1
CLI Using tsup config: /Users/aftabahmadkhan/Github/Personal/NPM/mern/dbflow/tsup.config.ts
CLI Target: node18
CLI Cleaning output folder
ESM Build start
CJS Build start
CJS dist/index.cjs     1.10 KB
CJS dist/index.cjs.map 417.00 B
CJS ⚡️ Build success in 11ms
ESM dist/index.js     119.00 B
ESM dist/index.js.map 373.00 B
ESM ⚡️ Build success in 11ms
DTS Build start
DTS ⚡️ Build success in 1157ms
DTS dist/index.d.ts  277.00 B
DTS dist/index.d.cts 277.00 B

> duoapi@0.1.0 build
> tsup

CLI Building entry: {"index":"src/index.ts"}
CLI Using tsconfig: tsconfig.json
CLI tsup v8.5.1
CLI Using tsup config: /Users/aftabahmadkhan/Github/Personal/NPM/mern/duoapi/tsup.config.ts
CLI Target: node18
CLI Cleaning output folder
ESM Build start
CJS Build start
CJS dist/index.cjs     1.43 KB
CJS dist/index.cjs.map 1.03 KB
CJS ⚡️ Build success in 13ms
ESM dist/index.js     431.00 B
ESM dist/index.js.map 1012.00 B
ESM ⚡️ Build success in 14ms
DTS Build start
DTS ⚡️ Build success in 1398ms
DTS dist/index.d.ts  360.00 B
DTS dist/index.d.cts 360.00 B

> envguardx@0.1.3 build
> tsup

CLI Building entry: {"index":"src/index.ts","cli":"src/cli.ts"}
CLI Using tsconfig: tsconfig.json
CLI tsup v8.5.1
CLI Using tsup config: /Users/aftabahmadkhan/Github/Personal/NPM/mern/envguard/tsup.config.ts
CLI Target: node18
CLI Cleaning output folder
ESM Build start
CJS Build start
ESM dist/cli.js                2.92 KB
ESM dist/chunk-GO4IMUE6.js     8.41 KB
ESM dist/index.js              738.00 B
ESM dist/cli.js.map            5.69 KB
ESM dist/chunk-GO4IMUE6.js.map 16.71 KB
ESM dist/index.js.map          1.32 KB
ESM ⚡️ Build success in 23ms
CJS dist/cli.cjs       6.92 KB
CJS dist/index.cjs     10.19 KB
CJS dist/cli.cjs.map   18.09 KB
CJS dist/index.cjs.map 18.07 KB
CJS ⚡️ Build success in 22ms
DTS Build start
DTS ⚡️ Build success in 2250ms
DTS dist/cli.d.ts    20.00 B
DTS dist/index.d.ts  3.74 KB
DTS dist/cli.d.cts   20.00 B
DTS dist/index.d.cts 3.74 KB

> eventmeshx@0.1.0 build
> tsup

CLI Building entry: {"index":"src/index.ts"}
CLI Using tsconfig: tsconfig.json
CLI tsup v8.5.1
CLI Using tsup config: /Users/aftabahmadkhan/Github/Personal/NPM/mern/eventmesh/tsup.config.ts
CLI Target: node18
CLI Cleaning output folder
ESM Build start
CJS Build start
ESM dist/index.js     606.00 B
ESM dist/index.js.map 1.24 KB
ESM ⚡️ Build success in 14ms
CJS dist/index.cjs     1.63 KB
CJS dist/index.cjs.map 1.29 KB
CJS ⚡️ Build success in 14ms
DTS Build start
DTS ⚡️ Build success in 1255ms
DTS dist/index.d.ts  418.00 B
DTS dist/index.d.cts 418.00 B

> flagmesh@0.1.0 build
> tsup

CLI Building entry: {"index":"src/index.ts"}
CLI Using tsconfig: tsconfig.json
CLI tsup v8.5.1
CLI Using tsup config: /Users/aftabahmadkhan/Github/Personal/NPM/mern/flagmesh/tsup.config.ts
CLI Target: node18
CLI Cleaning output folder
ESM Build start
CJS Build start
ESM dist/index.js     1.45 KB
ESM dist/index.js.map 3.22 KB
ESM ⚡️ Build success in 14ms
CJS dist/index.cjs     2.54 KB
CJS dist/index.cjs.map 3.28 KB
CJS ⚡️ Build success in 13ms
DTS Build start
DTS ⚡️ Build success in 1271ms
DTS dist/index.d.ts  837.00 B
DTS dist/index.d.cts 837.00 B

> formbridge@0.1.0 build
> tsup

CLI Building entry: {"index":"src/index.ts"}
CLI Using tsconfig: tsconfig.json
CLI tsup v8.5.1
CLI Using tsup config: /Users/aftabahmadkhan/Github/Personal/NPM/mern/formbridge/tsup.config.ts
CLI Target: node18
CLI Cleaning output folder
ESM Build start
CJS Build start
CJS dist/index.cjs     2.12 KB
CJS dist/index.cjs.map 2.66 KB
CJS ⚡️ Build success in 17ms
ESM dist/index.js     1.14 KB
ESM dist/index.js.map 2.61 KB
ESM ⚡️ Build success in 17ms
DTS Build start
DTS ⚡️ Build success in 1450ms
DTS dist/index.d.ts  712.00 B
DTS dist/index.d.cts 712.00 B

> fusionstack@0.1.0 build
> tsup

CLI Building entry: {"index":"src/index.ts"}
CLI Using tsconfig: tsconfig.json
CLI tsup v8.5.1
CLI Using tsup config: /Users/aftabahmadkhan/Github/Personal/NPM/mern/fusionstack/tsup.config.ts
CLI Target: node18
CLI Cleaning output folder
ESM Build start
CJS Build start
CJS dist/index.cjs     1.48 KB
CJS dist/index.cjs.map 1.07 KB
CJS ⚡️ Build success in 11ms
ESM dist/index.js     441.00 B
ESM dist/index.js.map 1.02 KB
ESM ⚡️ Build success in 13ms
DTS Build start
DTS ⚡️ Build success in 1118ms
DTS dist/index.d.ts  453.00 B
DTS dist/index.d.cts 453.00 B

> graphstackx@0.1.0 build
> tsup

CLI Building entry: {"index":"src/index.ts","cli":"src/cli.ts"}
CLI Using tsconfig: tsconfig.json
CLI tsup v8.5.1
CLI Using tsup config: /Users/aftabahmadkhan/Github/Personal/NPM/mern/graphstack/tsup.config.ts
CLI Target: node18
CLI Cleaning output folder
ESM Build start
CJS Build start
CJS dist/cli.cjs       2.15 KB
CJS dist/index.cjs     1.10 KB
CJS dist/cli.cjs.map   1.73 KB
CJS dist/index.cjs.map 227.00 B
CJS ⚡️ Build success in 17ms
ESM dist/cli.js       867.00 B
ESM dist/index.js     115.00 B
ESM dist/index.js.map 183.00 B
ESM dist/cli.js.map   1.70 KB
ESM ⚡️ Build success in 18ms
DTS Build start
DTS ⚡️ Build success in 1410ms
DTS dist/index.d.ts  79.00 B
DTS dist/index.d.cts 79.00 B

> guardpress@0.1.0 build
> tsup

CLI Building entry: {"index":"src/index.ts"}
CLI Using tsconfig: tsconfig.json
CLI tsup v8.5.1
CLI Using tsup config: /Users/aftabahmadkhan/Github/Personal/NPM/mern/guardpress/tsup.config.ts
CLI Target: node18
CLI Cleaning output folder
ESM Build start
CJS Build start
ESM dist/index.js     399.00 B
ESM dist/index.js.map 871.00 B
ESM ⚡️ Build success in 16ms
CJS dist/index.cjs     1.40 KB
CJS dist/index.cjs.map 920.00 B
CJS ⚡️ Build success in 16ms
DTS Build start
DTS ⚡️ Build success in 1324ms
DTS dist/index.d.ts  302.00 B
DTS dist/index.d.cts 302.00 B

> heapguard@0.1.0 build
> tsup

CLI Building entry: {"index":"src/index.ts"}
CLI Using tsconfig: tsconfig.json
CLI tsup v8.5.1
CLI Using tsup config: /Users/aftabahmadkhan/Github/Personal/NPM/mern/heapguard/tsup.config.ts
CLI Target: node18
CLI Cleaning output folder
ESM Build start
CJS Build start
ESM dist/index.js     904.00 B
ESM dist/index.js.map 2.17 KB
ESM ⚡️ Build success in 18ms
CJS dist/index.cjs     2.60 KB
CJS dist/index.cjs.map 2.23 KB
CJS ⚡️ Build success in 18ms
DTS Build start
DTS ⚡️ Build success in 1456ms
DTS dist/index.d.ts  864.00 B
DTS dist/index.d.cts 864.00 B

> hookmesh@0.1.0 build
> tsup

CLI Building entry: {"index":"src/index.ts"}
CLI Using tsconfig: tsconfig.json
CLI tsup v8.5.1
CLI Using tsup config: /Users/aftabahmadkhan/Github/Personal/NPM/mern/hookmesh/tsup.config.ts
CLI Target: node18
CLI Cleaning output folder
ESM Build start
CJS Build start
CJS dist/index.cjs     3.90 KB
CJS dist/index.cjs.map 4.90 KB
CJS ⚡️ Build success in 16ms
ESM dist/index.js     2.12 KB
ESM dist/index.js.map 4.81 KB
ESM ⚡️ Build success in 16ms
DTS Build start
DTS ⚡️ Build success in 1293ms
DTS dist/index.d.ts  1.41 KB
DTS dist/index.d.cts 1.41 KB

> hookretryx@0.1.0 build
> tsup

CLI Building entry: {"index":"src/index.ts"}
CLI Using tsconfig: tsconfig.json
CLI tsup v8.5.1
CLI Using tsup config: /Users/aftabahmadkhan/Github/Personal/NPM/mern/hookretry/tsup.config.ts
CLI Target: node18
CLI Cleaning output folder
ESM Build start
CJS Build start
ESM dist/index.js     413.00 B
ESM dist/index.js.map 849.00 B
ESM ⚡️ Build success in 14ms
CJS dist/index.cjs     1.41 KB
CJS dist/index.cjs.map 898.00 B
CJS ⚡️ Build success in 15ms
DTS Build start
DTS ⚡️ Build success in 1369ms
DTS dist/index.d.ts  322.00 B
DTS dist/index.d.cts 322.00 B

> injectflow@0.1.0 build
> tsup

CLI Building entry: {"index":"src/index.ts"}
CLI Using tsconfig: tsconfig.json
CLI tsup v8.5.1
CLI Using tsup config: /Users/aftabahmadkhan/Github/Personal/NPM/mern/injectflow/tsup.config.ts
CLI Target: node18
CLI Cleaning output folder
ESM Build start
CJS Build start
CJS dist/index.cjs     1.91 KB
CJS dist/index.cjs.map 1.80 KB
CJS ⚡️ Build success in 14ms
ESM dist/index.js     897.00 B
ESM dist/index.js.map 1.75 KB
ESM ⚡️ Build success in 15ms
DTS Build start
DTS ⚡️ Build success in 1423ms
DTS dist/index.d.ts  518.00 B
DTS dist/index.d.cts 518.00 B

> jobforge@0.1.0 build
> tsup

CLI Building entry: {"index":"src/index.ts"}
CLI Using tsconfig: tsconfig.json
CLI tsup v8.5.1
CLI Using tsup config: /Users/aftabahmadkhan/Github/Personal/NPM/mern/jobforge/tsup.config.ts
CLI Target: node18
CLI Cleaning output folder
ESM Build start
CJS Build start
CJS dist/index.cjs     2.78 KB
CJS dist/index.cjs.map 4.21 KB
CJS ⚡️ Build success in 17ms
ESM dist/index.js     1.77 KB
ESM dist/index.js.map 4.16 KB
ESM ⚡️ Build success in 17ms
DTS Build start
DTS ⚡️ Build success in 1448ms
DTS dist/index.d.ts  851.00 B
DTS dist/index.d.cts 851.00 B

> lesscode@0.1.0 build
> tsup

CLI Building entry: {"index":"src/index.ts","cli":"src/cli.ts"}
CLI Using tsconfig: tsconfig.json
CLI tsup v8.5.1
CLI Using tsup config: /Users/aftabahmadkhan/Github/Personal/NPM/mern/lesscode/tsup.config.ts
CLI Target: node18
CLI Cleaning output folder
ESM Build start
CJS Build start
CJS dist/index.cjs     1.08 KB
CJS dist/cli.cjs       2.42 KB
CJS dist/index.cjs.map 224.00 B
CJS dist/cli.cjs.map   2.03 KB
CJS ⚡️ Build success in 17ms
ESM dist/index.js     109.00 B
ESM dist/cli.js       1.09 KB
ESM dist/index.js.map 180.00 B
ESM dist/cli.js.map   1.98 KB
ESM ⚡️ Build success in 17ms
DTS Build start
DTS ⚡️ Build success in 59198ms
DTS dist/index.d.ts  73.00 B
DTS dist/index.d.cts 73.00 B

> lockmesh@0.1.0 build
> tsup

CLI Building entry: {"index":"src/index.ts"}
CLI Using tsconfig: tsconfig.json
CLI tsup v8.5.1
CLI Using tsup config: /Users/aftabahmadkhan/Github/Personal/NPM/mern/lockmesh/tsup.config.ts
CLI Target: node18
CLI Cleaning output folder
ESM Build start
CJS Build start
ESM dist/index.js     483.00 B
ESM dist/index.js.map 861.00 B
ESM ⚡️ Build success in 14ms
CJS dist/index.cjs     1.48 KB
CJS dist/index.cjs.map 910.00 B
CJS ⚡️ Build success in 15ms
DTS Build start
DTS ⚡️ Build success in 1428ms
DTS dist/index.d.ts  197.00 B
DTS dist/index.d.cts 197.00 B

> logicforge@0.1.0 build
> tsup

CLI Building entry: {"index":"src/index.ts"}
CLI Using tsconfig: tsconfig.json
CLI tsup v8.5.1
CLI Using tsup config: /Users/aftabahmadkhan/Github/Personal/NPM/mern/logicforge/tsup.config.ts
CLI Target: node18
CLI Cleaning output folder
ESM Build start
CJS Build start
ESM dist/index.js     870.00 B
ESM dist/index.js.map 1.80 KB
ESM ⚡️ Build success in 8ms
CJS dist/index.cjs     1.90 KB
CJS dist/index.cjs.map 1.84 KB
CJS ⚡️ Build success in 7ms
DTS Build start
DTS ⚡️ Build success in 741ms
DTS dist/index.d.ts  497.00 B
DTS dist/index.d.cts 497.00 B

> metricpress@0.1.0 build
> tsup

CLI Building entry: {"index":"src/index.ts"}
CLI Using tsconfig: tsconfig.json
CLI tsup v8.5.1
CLI Using tsup config: /Users/aftabahmadkhan/Github/Personal/NPM/mern/metricpress/tsup.config.ts
CLI Target: node18
CLI Cleaning output folder
ESM Build start
CJS Build start
ESM dist/index.js     574.00 B
ESM dist/index.js.map 1.01 KB
ESM ⚡️ Build success in 9ms
CJS dist/index.cjs     1.64 KB
CJS dist/index.cjs.map 1.06 KB
CJS ⚡️ Build success in 9ms
DTS Build start
DTS ⚡️ Build success in 1408ms
DTS dist/index.d.ts  372.00 B
DTS dist/index.d.cts 372.00 B

> cacheflowx@0.1.0 prepublishOnly
> npm run build


> cacheflowx@0.1.0 build
> tsup

CLI Building entry: {"index":"src/index.ts"}
CLI Using tsconfig: tsconfig.json
CLI tsup v8.5.1
CLI Using tsup config: /Users/aftabahmadkhan/Github/Personal/NPM/mern/cacheflow/tsup.config.ts
CLI Target: node18
CLI Cleaning output folder
ESM Build start
CJS Build start
CJS dist/index.cjs     2.13 KB
CJS dist/index.cjs.map 2.20 KB
CJS ⚡️ Build success in 9ms
ESM dist/index.js     1.12 KB
ESM dist/index.js.map 2.15 KB
ESM ⚡️ Build success in 9ms
DTS Build start
DTS ⚡️ Build success in 879ms
DTS dist/index.d.ts  557.00 B
DTS dist/index.d.cts 557.00 B
npm notice
npm notice package: cacheflowx@0.1.0
npm notice Tarball Contents
npm notice 49B CHANGELOG.md
npm notice 1.1kB LICENSE
npm notice 903B README.md
npm notice 2.2kB dist/index.cjs
npm notice 2.3kB dist/index.cjs.map
npm notice 559B dist/index.d.cts
npm notice 559B dist/index.d.ts
npm notice 1.2kB dist/index.js
npm notice 2.2kB dist/index.js.map
npm notice 1.5kB package.json
npm notice Tarball Details
npm notice name: cacheflowx
npm notice version: 0.1.0
npm notice filename: cacheflowx-0.1.0.tgz
npm notice package size: 3.6 kB
npm notice unpacked size: 12.4 kB
npm notice shasum: 709fce27cc154e481ac9e8ce1d17f8d8a6dcf8be
npm notice integrity: sha512-3KEjNQynSSoQu[...]f6tkeT66IMXyg==
npm notice total files: 10
npm notice
npm notice Publishing to https://registry.npmjs.org/ with tag latest and public access
npm error code ENOTFOUND
npm error syscall getaddrinfo
npm error errno ENOTFOUND
npm error network request to https://registry.npmjs.org/cacheflowx failed, reason: getaddrinfo ENOTFOUND registry.npmjs.org
npm error network This is a problem related to network connectivity.
npm error network In most cases you are behind a proxy or have bad network settings.
npm error network
npm error network If you are behind a proxy, please make sure that the
npm error network 'proxy' config is set properly.  See: 'npm help config'
npm error A complete log of this run can be found in: /Users/aftabahmadkhan/.npm/_logs/2026-06-04T02_21_48_575Z-debug-0.log

> cacheflowx@0.1.0 prepublishOnly
> npm run build


> cacheflowx@0.1.0 build
> tsup

CLI Building entry: {"index":"src/index.ts"}
CLI Using tsconfig: tsconfig.json
CLI tsup v8.5.1
CLI Using tsup config: /Users/aftabahmadkhan/Github/Personal/NPM/mern/cacheflow/tsup.config.ts
CLI Target: node18
CLI Cleaning output folder
ESM Build start
CJS Build start
CJS dist/index.cjs     2.13 KB
CJS dist/index.cjs.map 2.20 KB
CJS ⚡️ Build success in 9ms
ESM dist/index.js     1.12 KB
ESM dist/index.js.map 2.15 KB
ESM ⚡️ Build success in 9ms
DTS Build start
DTS ⚡️ Build success in 1039ms
DTS dist/index.d.ts  557.00 B
DTS dist/index.d.cts 557.00 B
npm notice
npm notice package: cacheflowx@0.1.0
npm notice Tarball Contents
npm notice 49B CHANGELOG.md
npm notice 1.1kB LICENSE
npm notice 903B README.md
npm notice 2.2kB dist/index.cjs
npm notice 2.3kB dist/index.cjs.map
npm notice 559B dist/index.d.cts
npm notice 559B dist/index.d.ts
npm notice 1.2kB dist/index.js
npm notice 2.2kB dist/index.js.map
npm notice 1.5kB package.json
npm notice Tarball Details
npm notice name: cacheflowx
npm notice version: 0.1.0
npm notice filename: cacheflowx-0.1.0.tgz
npm notice package size: 3.6 kB
npm notice unpacked size: 12.4 kB
npm notice shasum: 709fce27cc154e481ac9e8ce1d17f8d8a6dcf8be
npm notice integrity: sha512-3KEjNQynSSoQu[...]f6tkeT66IMXyg==
npm notice total files: 10
npm notice
npm notice Publishing to https://registry.npmjs.org/ with tag latest and public access
npm error code ENOTFOUND
npm error syscall getaddrinfo
npm error errno ENOTFOUND
npm error network request to https://registry.npmjs.org/cacheflowx failed, reason: getaddrinfo ENOTFOUND registry.npmjs.org
npm error network This is a problem related to network connectivity.
npm error network In most cases you are behind a proxy or have bad network settings.
npm error network
npm error network If you are behind a proxy, please make sure that the
npm error network 'proxy' config is set properly.  See: 'npm help config'
npm error A complete log of this run can be found in: /Users/aftabahmadkhan/.npm/_logs/2026-06-04T02_47_29_769Z-debug-0.log

> cacheflowx@0.1.0 prepublishOnly
> npm run build


> cacheflowx@0.1.0 build
> tsup

CLI Building entry: {"index":"src/index.ts"}
CLI Using tsconfig: tsconfig.json
CLI tsup v8.5.1
CLI Using tsup config: /Users/aftabahmadkhan/Github/Personal/NPM/mern/cacheflow/tsup.config.ts
CLI Target: node18
CLI Cleaning output folder
ESM Build start
CJS Build start
ESM dist/index.js     1.12 KB
ESM dist/index.js.map 2.15 KB
ESM ⚡️ Build success in 8ms
CJS dist/index.cjs     2.13 KB
CJS dist/index.cjs.map 2.20 KB
CJS ⚡️ Build success in 8ms
DTS Build start
DTS ⚡️ Build success in 831ms
DTS dist/index.d.ts  557.00 B
DTS dist/index.d.cts 557.00 B
npm notice
npm notice package: cacheflowx@0.1.0
npm notice Tarball Contents
npm notice 49B CHANGELOG.md
npm notice 1.1kB LICENSE
npm notice 903B README.md
npm notice 2.2kB dist/index.cjs
npm notice 2.3kB dist/index.cjs.map
npm notice 559B dist/index.d.cts
npm notice 559B dist/index.d.ts
npm notice 1.2kB dist/index.js
npm notice 2.2kB dist/index.js.map
npm notice 1.5kB package.json
npm notice Tarball Details
npm notice name: cacheflowx
npm notice version: 0.1.0
npm notice filename: cacheflowx-0.1.0.tgz
npm notice package size: 3.6 kB
npm notice unpacked size: 12.4 kB
npm notice shasum: 709fce27cc154e481ac9e8ce1d17f8d8a6dcf8be
npm notice integrity: sha512-3KEjNQynSSoQu[...]f6tkeT66IMXyg==
npm notice total files: 10
npm notice
npm notice Publishing to https://registry.npmjs.org/ with tag latest and public access
npm error code ENOTFOUND
npm error syscall getaddrinfo
npm error errno ENOTFOUND
npm error network request to https://registry.npmjs.org/cacheflowx failed, reason: getaddrinfo ENOTFOUND registry.npmjs.org
npm error network This is a problem related to network connectivity.
npm error network In most cases you are behind a proxy or have bad network settings.
npm error network
npm error network If you are behind a proxy, please make sure that the
npm error network 'proxy' config is set properly.  See: 'npm help config'
npm error A complete log of this run can be found in: /Users/aftabahmadkhan/.npm/_logs/2026-06-04T03_55_29_216Z-debug-0.log

> cacheflowx@0.1.0 prepublishOnly
> npm run build


> cacheflowx@0.1.0 build
> tsup

CLI Building entry: {"index":"src/index.ts"}
CLI Using tsconfig: tsconfig.json
CLI tsup v8.5.1
CLI Using tsup config: /Users/aftabahmadkhan/Github/Personal/NPM/mern/cacheflow/tsup.config.ts
CLI Target: node18
CLI Cleaning output folder
ESM Build start
CJS Build start
CJS dist/index.cjs     2.13 KB
CJS dist/index.cjs.map 2.20 KB
CJS ⚡️ Build success in 7ms
ESM dist/index.js     1.12 KB
ESM dist/index.js.map 2.15 KB
ESM ⚡️ Build success in 7ms
DTS Build start
DTS ⚡️ Build success in 911ms
DTS dist/index.d.ts  557.00 B
DTS dist/index.d.cts 557.00 B
npm notice
npm notice package: cacheflowx@0.1.0
npm notice Tarball Contents
npm notice 49B CHANGELOG.md
npm notice 1.1kB LICENSE
npm notice 903B README.md
npm notice 2.2kB dist/index.cjs
npm notice 2.3kB dist/index.cjs.map
npm notice 559B dist/index.d.cts
npm notice 559B dist/index.d.ts
npm notice 1.2kB dist/index.js
npm notice 2.2kB dist/index.js.map
npm notice 1.5kB package.json
npm notice Tarball Details
npm notice name: cacheflowx
npm notice version: 0.1.0
npm notice filename: cacheflowx-0.1.0.tgz
npm notice package size: 3.6 kB
npm notice unpacked size: 12.4 kB
npm notice shasum: 709fce27cc154e481ac9e8ce1d17f8d8a6dcf8be
npm notice integrity: sha512-3KEjNQynSSoQu[...]f6tkeT66IMXyg==
npm notice total files: 10
npm notice
npm notice Publishing to https://registry.npmjs.org/ with tag latest and public access
npm error code ENOTFOUND
npm error syscall getaddrinfo
npm error errno ENOTFOUND
npm error network request to https://registry.npmjs.org/cacheflowx failed, reason: getaddrinfo ENOTFOUND registry.npmjs.org
npm error network This is a problem related to network connectivity.
npm error network In most cases you are behind a proxy or have bad network settings.
npm error network
npm error network If you are behind a proxy, please make sure that the
npm error network 'proxy' config is set properly.  See: 'npm help config'
npm error A complete log of this run can be found in: /Users/aftabahmadkhan/.npm/_logs/2026-06-04T04_10_47_546Z-debug-0.log

> cacheflowx@0.1.0 prepublishOnly
> npm run build


> cacheflowx@0.1.0 build
> tsup

CLI Building entry: {"index":"src/index.ts"}
CLI Using tsconfig: tsconfig.json
CLI tsup v8.5.1
CLI Using tsup config: /Users/aftabahmadkhan/Github/Personal/NPM/mern/cacheflow/tsup.config.ts
CLI Target: node18
CLI Cleaning output folder
ESM Build start
CJS Build start
CJS dist/index.cjs     2.13 KB
CJS dist/index.cjs.map 2.20 KB
CJS ⚡️ Build success in 8ms
ESM dist/index.js     1.12 KB
ESM dist/index.js.map 2.15 KB
ESM ⚡️ Build success in 10ms
DTS Build start
DTS ⚡️ Build success in 859ms
DTS dist/index.d.ts  557.00 B
DTS dist/index.d.cts 557.00 B
npm notice
npm notice package: cacheflowx@0.1.0
npm notice Tarball Contents
npm notice 49B CHANGELOG.md
npm notice 1.1kB LICENSE
npm notice 903B README.md
npm notice 2.2kB dist/index.cjs
npm notice 2.3kB dist/index.cjs.map
npm notice 559B dist/index.d.cts
npm notice 559B dist/index.d.ts
npm notice 1.2kB dist/index.js
npm notice 2.2kB dist/index.js.map
npm notice 1.5kB package.json
npm notice Tarball Details
npm notice name: cacheflowx
npm notice version: 0.1.0
npm notice filename: cacheflowx-0.1.0.tgz
npm notice package size: 3.6 kB
npm notice unpacked size: 12.4 kB
npm notice shasum: 709fce27cc154e481ac9e8ce1d17f8d8a6dcf8be
npm notice integrity: sha512-3KEjNQynSSoQu[...]f6tkeT66IMXyg==
npm notice total files: 10
npm notice
npm notice Publishing to https://registry.npmjs.org/ with tag latest and public access
npm error code ENOTFOUND
npm error syscall getaddrinfo
npm error errno ENOTFOUND
npm error network request to https://registry.npmjs.org/cacheflowx failed, reason: getaddrinfo ENOTFOUND registry.npmjs.org
npm error network This is a problem related to network connectivity.
npm error network In most cases you are behind a proxy or have bad network settings.
npm error network
npm error network If you are behind a proxy, please make sure that the
npm error network 'proxy' config is set properly.  See: 'npm help config'
npm error A complete log of this run can be found in: /Users/aftabahmadkhan/.npm/_logs/2026-06-04T04_54_40_672Z-debug-0.log

> cacheflowx@0.1.0 prepublishOnly
> npm run build


> cacheflowx@0.1.0 build
> tsup

CLI Building entry: {"index":"src/index.ts"}
CLI Using tsconfig: tsconfig.json
CLI tsup v8.5.1
CLI Using tsup config: /Users/aftabahmadkhan/Github/Personal/NPM/mern/cacheflow/tsup.config.ts
CLI Target: node18
CLI Cleaning output folder
ESM Build start
CJS Build start
CJS dist/index.cjs     2.13 KB
CJS dist/index.cjs.map 2.20 KB
CJS ⚡️ Build success in 11ms
ESM dist/index.js     1.12 KB
ESM dist/index.js.map 2.15 KB
ESM ⚡️ Build success in 11ms
DTS Build start
DTS ⚡️ Build success in 875ms
DTS dist/index.d.ts  557.00 B
DTS dist/index.d.cts 557.00 B
npm notice
npm notice package: cacheflowx@0.1.0
npm notice Tarball Contents
npm notice 49B CHANGELOG.md
npm notice 1.1kB LICENSE
npm notice 903B README.md
npm notice 2.2kB dist/index.cjs
npm notice 2.3kB dist/index.cjs.map
npm notice 559B dist/index.d.cts
npm notice 559B dist/index.d.ts
npm notice 1.2kB dist/index.js
npm notice 2.2kB dist/index.js.map
npm notice 1.5kB package.json
npm notice Tarball Details
npm notice name: cacheflowx
npm notice version: 0.1.0
npm notice filename: cacheflowx-0.1.0.tgz
npm notice package size: 3.6 kB
npm notice unpacked size: 12.4 kB
npm notice shasum: 709fce27cc154e481ac9e8ce1d17f8d8a6dcf8be
npm notice integrity: sha512-3KEjNQynSSoQu[...]f6tkeT66IMXyg==
npm notice total files: 10
npm notice
npm notice Publishing to https://registry.npmjs.org/ with tag latest and public access
npm error code ENOTFOUND
npm error syscall getaddrinfo
npm error errno ENOTFOUND
npm error network request to https://registry.npmjs.org/cacheflowx failed, reason: getaddrinfo ENOTFOUND registry.npmjs.org
npm error network This is a problem related to network connectivity.
npm error network In most cases you are behind a proxy or have bad network settings.
npm error network
npm error network If you are behind a proxy, please make sure that the
npm error network 'proxy' config is set properly.  See: 'npm help config'
npm error A complete log of this run can be found in: /Users/aftabahmadkhan/.npm/_logs/2026-06-04T05_15_37_337Z-debug-0.log

> cachemeshx@0.1.0 prepublishOnly
> npm run build


> cachemeshx@0.1.0 build
> tsup

CLI Building entry: {"index":"src/index.ts"}
CLI Using tsconfig: tsconfig.json
CLI tsup v8.5.1
CLI Using tsup config: /Users/aftabahmadkhan/Github/Personal/NPM/mern/cachemesh/tsup.config.ts
CLI Target: node18
CLI Cleaning output folder
ESM Build start
CJS Build start
ESM dist/index.js     1.66 KB
ESM dist/index.js.map 3.98 KB
ESM ⚡️ Build success in 10ms
CJS dist/index.cjs     2.68 KB
CJS dist/index.cjs.map 4.03 KB
CJS ⚡️ Build success in 10ms
DTS Build start
DTS ⚡️ Build success in 1081ms
DTS dist/index.d.ts  1.28 KB
DTS dist/index.d.cts 1.28 KB
npm notice
npm notice package: cachemeshx@0.1.0
npm notice Tarball Contents
npm notice 49B CHANGELOG.md
npm notice 676B LICENSE
npm notice 580B README.md
npm notice 2.7kB dist/index.cjs
npm notice 4.1kB dist/index.cjs.map
npm notice 1.3kB dist/index.d.cts
npm notice 1.3kB dist/index.d.ts
npm notice 1.7kB dist/index.js
npm notice 4.1kB dist/index.js.map
npm notice 1.7kB package.json
npm notice Tarball Details
npm notice name: cachemeshx
npm notice version: 0.1.0
npm notice filename: cachemeshx-0.1.0.tgz
npm notice package size: 4.2 kB
npm notice unpacked size: 18.3 kB
npm notice shasum: 34a0cdf9ac02fe44bd50e996a3c95fdfb515adbf
npm notice integrity: sha512-t5fKVR7jAZfKs[...]tv29b+eb7hPHA==
npm notice total files: 10
npm notice
npm notice Publishing to https://registry.npmjs.org/ with tag latest and public access
npm error code ENOTFOUND
npm error syscall getaddrinfo
npm error errno ENOTFOUND
npm error network request to https://registry.npmjs.org/cachemeshx failed, reason: getaddrinfo ENOTFOUND registry.npmjs.org
npm error network This is a problem related to network connectivity.
npm error network In most cases you are behind a proxy or have bad network settings.
npm error network
npm error network If you are behind a proxy, please make sure that the
npm error network 'proxy' config is set properly.  See: 'npm help config'
npm error A complete log of this run can be found in: /Users/aftabahmadkhan/.npm/_logs/2026-06-04T06_27_34_915Z-debug-0.log

> cachemeshx@0.1.0 prepublishOnly
> npm run build


> cachemeshx@0.1.0 build
> tsup

CLI Building entry: {"index":"src/index.ts"}
CLI Using tsconfig: tsconfig.json
CLI tsup v8.5.1
CLI Using tsup config: /Users/aftabahmadkhan/Github/Personal/NPM/mern/cachemesh/tsup.config.ts
CLI Target: node18
CLI Cleaning output folder
ESM Build start
CJS Build start
CJS dist/index.cjs     2.68 KB
CJS dist/index.cjs.map 4.03 KB
CJS ⚡️ Build success in 9ms
ESM dist/index.js     1.66 KB
ESM dist/index.js.map 3.98 KB
ESM ⚡️ Build success in 9ms
DTS Build start
DTS ⚡️ Build success in 785ms
DTS dist/index.d.ts  1.28 KB
DTS dist/index.d.cts 1.28 KB
npm notice
npm notice package: cachemeshx@0.1.0
npm notice Tarball Contents
npm notice 49B CHANGELOG.md
npm notice 676B LICENSE
npm notice 580B README.md
npm notice 2.7kB dist/index.cjs
npm notice 4.1kB dist/index.cjs.map
npm notice 1.3kB dist/index.d.cts
npm notice 1.3kB dist/index.d.ts
npm notice 1.7kB dist/index.js
npm notice 4.1kB dist/index.js.map
npm notice 1.7kB package.json
npm notice Tarball Details
npm notice name: cachemeshx
npm notice version: 0.1.0
npm notice filename: cachemeshx-0.1.0.tgz
npm notice package size: 4.2 kB
npm notice unpacked size: 18.3 kB
npm notice shasum: 34a0cdf9ac02fe44bd50e996a3c95fdfb515adbf
npm notice integrity: sha512-t5fKVR7jAZfKs[...]tv29b+eb7hPHA==
npm notice total files: 10
npm notice
npm notice Publishing to https://registry.npmjs.org/ with tag latest and public access
npm error code ENOTFOUND
npm error syscall getaddrinfo
npm error errno ENOTFOUND
npm error network request to https://registry.npmjs.org/cachemeshx failed, reason: getaddrinfo ENOTFOUND registry.npmjs.org
npm error network This is a problem related to network connectivity.
npm error network In most cases you are behind a proxy or have bad network settings.
npm error network
npm error network If you are behind a proxy, please make sure that the
npm error network 'proxy' config is set properly.  See: 'npm help config'
npm error A complete log of this run can be found in: /Users/aftabahmadkhan/.npm/_logs/2026-06-04T06_43_19_630Z-debug-0.log

> cachemeshx@0.1.0 prepublishOnly
> npm run build


> cachemeshx@0.1.0 build
> tsup

CLI Building entry: {"index":"src/index.ts"}
CLI Using tsconfig: tsconfig.json
CLI tsup v8.5.1
CLI Using tsup config: /Users/aftabahmadkhan/Github/Personal/NPM/mern/cachemesh/tsup.config.ts
CLI Target: node18
CLI Cleaning output folder
ESM Build start
CJS Build start
ESM dist/index.js     1.66 KB
ESM dist/index.js.map 3.98 KB
ESM ⚡️ Build success in 8ms
CJS dist/index.cjs     2.68 KB
CJS dist/index.cjs.map 4.03 KB
CJS ⚡️ Build success in 8ms
DTS Build start
DTS ⚡️ Build success in 982ms
DTS dist/index.d.ts  1.28 KB
DTS dist/index.d.cts 1.28 KB
npm notice
npm notice package: cachemeshx@0.1.0
npm notice Tarball Contents
npm notice 49B CHANGELOG.md
npm notice 676B LICENSE
npm notice 580B README.md
npm notice 2.7kB dist/index.cjs
npm notice 4.1kB dist/index.cjs.map
npm notice 1.3kB dist/index.d.cts
npm notice 1.3kB dist/index.d.ts
npm notice 1.7kB dist/index.js
npm notice 4.1kB dist/index.js.map
npm notice 1.7kB package.json
npm notice Tarball Details
npm notice name: cachemeshx
npm notice version: 0.1.0
npm notice filename: cachemeshx-0.1.0.tgz
npm notice package size: 4.2 kB
npm notice unpacked size: 18.3 kB
npm notice shasum: 34a0cdf9ac02fe44bd50e996a3c95fdfb515adbf
npm notice integrity: sha512-t5fKVR7jAZfKs[...]tv29b+eb7hPHA==
npm notice total files: 10
npm notice
npm notice Publishing to https://registry.npmjs.org/ with tag latest and public access
npm error code ENOTFOUND
npm error syscall getaddrinfo
npm error errno ENOTFOUND
npm error network request to https://registry.npmjs.org/cachemeshx failed, reason: getaddrinfo ENOTFOUND registry.npmjs.org
npm error network This is a problem related to network connectivity.
npm error network In most cases you are behind a proxy or have bad network settings.
npm error network
npm error network If you are behind a proxy, please make sure that the
npm error network 'proxy' config is set properly.  See: 'npm help config'
npm error A complete log of this run can be found in: /Users/aftabahmadkhan/.npm/_logs/2026-06-04T06_55_45_150Z-debug-0.log

> cachemeshx@0.1.0 prepublishOnly
> npm run build


> cachemeshx@0.1.0 build
> tsup

CLI Building entry: {"index":"src/index.ts"}
CLI Using tsconfig: tsconfig.json
CLI tsup v8.5.1
CLI Using tsup config: /Users/aftabahmadkhan/Github/Personal/NPM/mern/cachemesh/tsup.config.ts
CLI Target: node18
CLI Cleaning output folder
ESM Build start
CJS Build start
ESM dist/index.js     1.66 KB
ESM dist/index.js.map 3.98 KB
ESM ⚡️ Build success in 8ms
CJS dist/index.cjs     2.68 KB
CJS dist/index.cjs.map 4.03 KB
CJS ⚡️ Build success in 8ms
DTS Build start
DTS ⚡️ Build success in 944ms
DTS dist/index.d.ts  1.28 KB
DTS dist/index.d.cts 1.28 KB
npm notice
npm notice package: cachemeshx@0.1.0
npm notice Tarball Contents
npm notice 49B CHANGELOG.md
npm notice 676B LICENSE
npm notice 580B README.md
npm notice 2.7kB dist/index.cjs
npm notice 4.1kB dist/index.cjs.map
npm notice 1.3kB dist/index.d.cts
npm notice 1.3kB dist/index.d.ts
npm notice 1.7kB dist/index.js
npm notice 4.1kB dist/index.js.map
npm notice 1.7kB package.json
npm notice Tarball Details
npm notice name: cachemeshx
npm notice version: 0.1.0
npm notice filename: cachemeshx-0.1.0.tgz
npm notice package size: 4.2 kB
npm notice unpacked size: 18.3 kB
npm notice shasum: 34a0cdf9ac02fe44bd50e996a3c95fdfb515adbf
npm notice integrity: sha512-t5fKVR7jAZfKs[...]tv29b+eb7hPHA==
npm notice total files: 10
npm notice
npm notice Publishing to https://registry.npmjs.org/ with tag latest and public access
npm error code ENOTFOUND
npm error syscall getaddrinfo
npm error errno ENOTFOUND
npm error network request to https://registry.npmjs.org/cachemeshx failed, reason: getaddrinfo ENOTFOUND registry.npmjs.org
npm error network This is a problem related to network connectivity.
npm error network In most cases you are behind a proxy or have bad network settings.
npm error network
npm error network If you are behind a proxy, please make sure that the
npm error network 'proxy' config is set properly.  See: 'npm help config'
npm error A complete log of this run can be found in: /Users/aftabahmadkhan/.npm/_logs/2026-06-04T07_14_21_638Z-debug-0.log

> cachemeshx@0.1.0 prepublishOnly
> npm run build


> cachemeshx@0.1.0 build
> tsup

CLI Building entry: {"index":"src/index.ts"}
CLI Using tsconfig: tsconfig.json
CLI tsup v8.5.1
CLI Using tsup config: /Users/aftabahmadkhan/Github/Personal/NPM/mern/cachemesh/tsup.config.ts
CLI Target: node18
CLI Cleaning output folder
ESM Build start
CJS Build start
CJS dist/index.cjs     2.68 KB
CJS dist/index.cjs.map 4.03 KB
CJS ⚡️ Build success in 8ms
ESM dist/index.js     1.66 KB
ESM dist/index.js.map 3.98 KB
ESM ⚡️ Build success in 9ms
DTS Build start
DTS ⚡️ Build success in 908ms
DTS dist/index.d.ts  1.28 KB
DTS dist/index.d.cts 1.28 KB
npm notice
npm notice package: cachemeshx@0.1.0
npm notice Tarball Contents
npm notice 49B CHANGELOG.md
npm notice 676B LICENSE
npm notice 580B README.md
npm notice 2.7kB dist/index.cjs
npm notice 4.1kB dist/index.cjs.map
npm notice 1.3kB dist/index.d.cts
npm notice 1.3kB dist/index.d.ts
npm notice 1.7kB dist/index.js
npm notice 4.1kB dist/index.js.map
npm notice 1.7kB package.json
npm notice Tarball Details
npm notice name: cachemeshx
npm notice version: 0.1.0
npm notice filename: cachemeshx-0.1.0.tgz
npm notice package size: 4.2 kB
npm notice unpacked size: 18.3 kB
npm notice shasum: 34a0cdf9ac02fe44bd50e996a3c95fdfb515adbf
npm notice integrity: sha512-t5fKVR7jAZfKs[...]tv29b+eb7hPHA==
npm notice total files: 10
npm notice
npm notice Publishing to https://registry.npmjs.org/ with tag latest and public access
npm error code ENOTFOUND
npm error syscall getaddrinfo
npm error errno ENOTFOUND
npm error network request to https://registry.npmjs.org/cachemeshx failed, reason: getaddrinfo ENOTFOUND registry.npmjs.org
npm error network This is a problem related to network connectivity.
npm error network In most cases you are behind a proxy or have bad network settings.
npm error network
npm error network If you are behind a proxy, please make sure that the
npm error network 'proxy' config is set properly.  See: 'npm help config'
npm error A complete log of this run can be found in: /Users/aftabahmadkhan/.npm/_logs/2026-06-04T07_34_47_415Z-debug-0.log

> cachemeshx@0.1.0 prepublishOnly
> npm run build


> cachemeshx@0.1.0 build
> tsup

CLI Building entry: {"index":"src/index.ts"}
CLI Using tsconfig: tsconfig.json
CLI tsup v8.5.1
CLI Using tsup config: /Users/aftabahmadkhan/Github/Personal/NPM/mern/cachemesh/tsup.config.ts
CLI Target: node18
CLI Cleaning output folder
ESM Build start
CJS Build start
ESM dist/index.js     1.66 KB
ESM dist/index.js.map 3.98 KB
ESM ⚡️ Build success in 10ms
CJS dist/index.cjs     2.68 KB
CJS dist/index.cjs.map 4.03 KB
CJS ⚡️ Build success in 10ms
DTS Build start
DTS ⚡️ Build success in 815ms
DTS dist/index.d.ts  1.28 KB
DTS dist/index.d.cts 1.28 KB
npm notice
npm notice package: cachemeshx@0.1.0
npm notice Tarball Contents
npm notice 49B CHANGELOG.md
npm notice 676B LICENSE
npm notice 580B README.md
npm notice 2.7kB dist/index.cjs
npm notice 4.1kB dist/index.cjs.map
npm notice 1.3kB dist/index.d.cts
npm notice 1.3kB dist/index.d.ts
npm notice 1.7kB dist/index.js
npm notice 4.1kB dist/index.js.map
npm notice 1.7kB package.json
npm notice Tarball Details
npm notice name: cachemeshx
npm notice version: 0.1.0
npm notice filename: cachemeshx-0.1.0.tgz
npm notice package size: 4.2 kB
npm notice unpacked size: 18.3 kB
npm notice shasum: 34a0cdf9ac02fe44bd50e996a3c95fdfb515adbf
npm notice integrity: sha512-t5fKVR7jAZfKs[...]tv29b+eb7hPHA==
npm notice total files: 10
npm notice
npm error You cannot publish over the previously published versions: 0.1.0.
npm error A complete log of this run can be found in: /Users/aftabahmadkhan/.npm/_logs/2026-06-04T08_15_34_087Z-debug-0.log

> duoapi@0.1.0 prepublishOnly
> npm run build


> duoapi@0.1.0 build
> tsup

CLI Building entry: {"index":"src/index.ts"}
CLI Using tsconfig: tsconfig.json
CLI tsup v8.5.1
CLI Using tsup config: /Users/aftabahmadkhan/Github/Personal/NPM/mern/duoapi/tsup.config.ts
CLI Target: node18
CLI Cleaning output folder
ESM Build start
CJS Build start
ESM dist/index.js     431.00 B
ESM dist/index.js.map 1012.00 B
ESM ⚡️ Build success in 8ms
CJS dist/index.cjs     1.43 KB
CJS dist/index.cjs.map 1.03 KB
CJS ⚡️ Build success in 8ms
DTS Build start
DTS ⚡️ Build success in 839ms
DTS dist/index.d.ts  360.00 B
DTS dist/index.d.cts 360.00 B
npm notice
npm notice package: duoapi@0.1.0
npm notice Tarball Contents
npm notice 49B CHANGELOG.md
npm notice 1.1kB LICENSE
npm notice 296B README.md
npm notice 1.5kB dist/index.cjs
npm notice 1.1kB dist/index.cjs.map
npm notice 360B dist/index.d.cts
npm notice 360B dist/index.d.ts
npm notice 431B dist/index.js
npm notice 1.0kB dist/index.js.map
npm notice 1.5kB package.json
npm notice Tarball Details
npm notice name: duoapi
npm notice version: 0.1.0
npm notice filename: duoapi-0.1.0.tgz
npm notice package size: 2.9 kB
npm notice unpacked size: 7.6 kB
npm notice shasum: 706d4ddb588fa44c4144bd23ea13d825a02cdf8f
npm notice integrity: sha512-jASRdo9pGJ9vz[...]rbyiN/0Ol4utg==
npm notice total files: 10
npm notice
npm notice Publishing to https://registry.npmjs.org/ with tag latest and public access
npm error code E403
npm error 403 403 Forbidden - PUT https://registry.npmjs.org/duoapi - Package name too similar to existing package duo-api; try renaming your package to '@mr-aftab-ahmad-khan/duoapi' and publishing with 'npm publish --access=public' instead
npm error 403 In most cases, you or one of your dependencies are requesting
npm error 403 a package version that is forbidden by your security policy, or
npm error 403 on a server you do not have access to.
npm error A complete log of this run can be found in: /Users/aftabahmadkhan/.npm/_logs/2026-06-04T08_30_34_564Z-debug-0.log

> duoapi@0.1.0 prepublishOnly
> npm run build


> duoapi@0.1.0 build
> tsup

CLI Building entry: {"index":"src/index.ts"}
CLI Using tsconfig: tsconfig.json
CLI tsup v8.5.1
CLI Using tsup config: /Users/aftabahmadkhan/Github/Personal/NPM/mern/duoapi/tsup.config.ts
CLI Target: node18
CLI Cleaning output folder
ESM Build start
CJS Build start
CJS dist/index.cjs     1.43 KB
CJS dist/index.cjs.map 1.03 KB
CJS ⚡️ Build success in 9ms
ESM dist/index.js     431.00 B
ESM dist/index.js.map 1012.00 B
ESM ⚡️ Build success in 9ms
DTS Build start
DTS ⚡️ Build success in 785ms
DTS dist/index.d.ts  360.00 B
DTS dist/index.d.cts 360.00 B
npm notice
npm notice package: duoapi@0.1.0
npm notice Tarball Contents
npm notice 49B CHANGELOG.md
npm notice 1.1kB LICENSE
npm notice 296B README.md
npm notice 1.5kB dist/index.cjs
npm notice 1.1kB dist/index.cjs.map
npm notice 360B dist/index.d.cts
npm notice 360B dist/index.d.ts
npm notice 431B dist/index.js
npm notice 1.0kB dist/index.js.map
npm notice 1.5kB package.json
npm notice Tarball Details
npm notice name: duoapi
npm notice version: 0.1.0
npm notice filename: duoapi-0.1.0.tgz
npm notice package size: 2.9 kB
npm notice unpacked size: 7.6 kB
npm notice shasum: 706d4ddb588fa44c4144bd23ea13d825a02cdf8f
npm notice integrity: sha512-jASRdo9pGJ9vz[...]rbyiN/0Ol4utg==
npm notice total files: 10
npm notice
npm notice Publishing to https://registry.npmjs.org/ with tag latest and public access
npm error code E403
npm error 403 403 Forbidden - PUT https://registry.npmjs.org/duoapi - Package name too similar to existing package duo-api; try renaming your package to '@mr-aftab-ahmad-khan/duoapi' and publishing with 'npm publish --access=public' instead
npm error 403 In most cases, you or one of your dependencies are requesting
npm error 403 a package version that is forbidden by your security policy, or
npm error 403 on a server you do not have access to.
npm error A complete log of this run can be found in: /Users/aftabahmadkhan/.npm/_logs/2026-06-04T08_32_10_514Z-debug-0.log

> duoapi@0.1.0 prepublishOnly
> npm run build


> duoapi@0.1.0 build
> tsup

CLI Building entry: {"index":"src/index.ts"}
CLI Using tsconfig: tsconfig.json
CLI tsup v8.5.1
CLI Using tsup config: /Users/aftabahmadkhan/Github/Personal/NPM/mern/duoapi/tsup.config.ts
CLI Target: node18
CLI Cleaning output folder
ESM Build start
CJS Build start
CJS dist/index.cjs     1.43 KB
CJS dist/index.cjs.map 1.03 KB
CJS ⚡️ Build success in 7ms
ESM dist/index.js     431.00 B
ESM dist/index.js.map 1012.00 B
ESM ⚡️ Build success in 7ms
DTS Build start
DTS ⚡️ Build success in 841ms
DTS dist/index.d.ts  360.00 B
DTS dist/index.d.cts 360.00 B
npm notice
npm notice package: duoapi@0.1.0
npm notice Tarball Contents
npm notice 49B CHANGELOG.md
npm notice 1.1kB LICENSE
npm notice 296B README.md
npm notice 1.5kB dist/index.cjs
npm notice 1.1kB dist/index.cjs.map
npm notice 360B dist/index.d.cts
npm notice 360B dist/index.d.ts
npm notice 431B dist/index.js
npm notice 1.0kB dist/index.js.map
npm notice 1.5kB package.json
npm notice Tarball Details
npm notice name: duoapi
npm notice version: 0.1.0
npm notice filename: duoapi-0.1.0.tgz
npm notice package size: 2.9 kB
npm notice unpacked size: 7.6 kB
npm notice shasum: 706d4ddb588fa44c4144bd23ea13d825a02cdf8f
npm notice integrity: sha512-jASRdo9pGJ9vz[...]rbyiN/0Ol4utg==
npm notice total files: 10
npm notice
npm notice Publishing to https://registry.npmjs.org/ with tag latest and public access
npm error code E403
npm error 403 403 Forbidden - PUT https://registry.npmjs.org/duoapi - Package name too similar to existing package duo-api; try renaming your package to '@mr-aftab-ahmad-khan/duoapi' and publishing with 'npm publish --access=public' instead
npm error 403 In most cases, you or one of your dependencies are requesting
npm error 403 a package version that is forbidden by your security policy, or
npm error 403 on a server you do not have access to.
npm error A complete log of this run can be found in: /Users/aftabahmadkhan/.npm/_logs/2026-06-04T08_35_15_482Z-debug-0.log

> duoapi@0.1.0 prepublishOnly
> npm run build


> duoapi@0.1.0 build
> tsup

CLI Building entry: {"index":"src/index.ts"}
CLI Using tsconfig: tsconfig.json
CLI tsup v8.5.1
CLI Using tsup config: /Users/aftabahmadkhan/Github/Personal/NPM/mern/duoapi/tsup.config.ts
CLI Target: node18
CLI Cleaning output folder
ESM Build start
CJS Build start
ESM dist/index.js     431.00 B
ESM dist/index.js.map 1012.00 B
ESM ⚡️ Build success in 9ms
CJS dist/index.cjs     1.43 KB
CJS dist/index.cjs.map 1.03 KB
CJS ⚡️ Build success in 9ms
DTS Build start
DTS ⚡️ Build success in 2006ms
DTS dist/index.d.ts  360.00 B
DTS dist/index.d.cts 360.00 B
npm notice
npm notice package: duoapi@0.1.0
npm notice Tarball Contents
npm notice 49B CHANGELOG.md
npm notice 1.1kB LICENSE
npm notice 296B README.md
npm notice 1.5kB dist/index.cjs
npm notice 1.1kB dist/index.cjs.map
npm notice 360B dist/index.d.cts
npm notice 360B dist/index.d.ts
npm notice 431B dist/index.js
npm notice 1.0kB dist/index.js.map
npm notice 1.5kB package.json
npm notice Tarball Details
npm notice name: duoapi
npm notice version: 0.1.0
npm notice filename: duoapi-0.1.0.tgz
npm notice package size: 2.9 kB
npm notice unpacked size: 7.6 kB
npm notice shasum: 706d4ddb588fa44c4144bd23ea13d825a02cdf8f
npm notice integrity: sha512-jASRdo9pGJ9vz[...]rbyiN/0Ol4utg==
npm notice total files: 10
npm notice
npm notice Publishing to https://registry.npmjs.org/ with tag latest and public access
npm error code E403
npm error 403 403 Forbidden - PUT https://registry.npmjs.org/duoapi - Package name too similar to existing package duo-api; try renaming your package to '@mr-aftab-ahmad-khan/duoapi' and publishing with 'npm publish --access=public' instead
npm error 403 In most cases, you or one of your dependencies are requesting
npm error 403 a package version that is forbidden by your security policy, or
npm error 403 on a server you do not have access to.
npm error A complete log of this run can be found in: /Users/aftabahmadkhan/.npm/_logs/2026-06-04T08_39_49_193Z-debug-0.log

> duoapi@0.1.0 prepublishOnly
> npm run build


> duoapi@0.1.0 build
> tsup

CLI Building entry: {"index":"src/index.ts"}
CLI Using tsconfig: tsconfig.json
CLI tsup v8.5.1
CLI Using tsup config: /Users/aftabahmadkhan/Github/Personal/NPM/mern/duoapi/tsup.config.ts
CLI Target: node18
CLI Cleaning output folder
ESM Build start
CJS Build start
CJS dist/index.cjs     1.43 KB
CJS dist/index.cjs.map 1.03 KB
CJS ⚡️ Build success in 8ms
ESM dist/index.js     431.00 B
ESM dist/index.js.map 1012.00 B
ESM ⚡️ Build success in 8ms
DTS Build start
DTS ⚡️ Build success in 1043ms
DTS dist/index.d.ts  360.00 B
DTS dist/index.d.cts 360.00 B
npm notice
npm notice package: duoapi@0.1.0
npm notice Tarball Contents
npm notice 49B CHANGELOG.md
npm notice 1.1kB LICENSE
npm notice 296B README.md
npm notice 1.5kB dist/index.cjs
npm notice 1.1kB dist/index.cjs.map
npm notice 360B dist/index.d.cts
npm notice 360B dist/index.d.ts
npm notice 431B dist/index.js
npm notice 1.0kB dist/index.js.map
npm notice 1.5kB package.json
npm notice Tarball Details
npm notice name: duoapi
npm notice version: 0.1.0
npm notice filename: duoapi-0.1.0.tgz
npm notice package size: 2.9 kB
npm notice unpacked size: 7.6 kB
npm notice shasum: 706d4ddb588fa44c4144bd23ea13d825a02cdf8f
npm notice integrity: sha512-jASRdo9pGJ9vz[...]rbyiN/0Ol4utg==
npm notice total files: 10
npm notice
npm notice Publishing to https://registry.npmjs.org/ with tag latest and public access
npm error code E403
npm error 403 403 Forbidden - PUT https://registry.npmjs.org/duoapi - Package name too similar to existing package duo-api; try renaming your package to '@mr-aftab-ahmad-khan/duoapi' and publishing with 'npm publish --access=public' instead
npm error 403 In most cases, you or one of your dependencies are requesting
npm error 403 a package version that is forbidden by your security policy, or
npm error 403 on a server you do not have access to.
npm error A complete log of this run can be found in: /Users/aftabahmadkhan/.npm/_logs/2026-06-04T08_45_56_227Z-debug-0.log

> duoapi@0.1.0 prepublishOnly
> npm run build


> duoapi@0.1.0 build
> tsup

CLI Building entry: {"index":"src/index.ts"}
CLI Using tsconfig: tsconfig.json
CLI tsup v8.5.1
CLI Using tsup config: /Users/aftabahmadkhan/Github/Personal/NPM/mern/duoapi/tsup.config.ts
CLI Target: node18
CLI Cleaning output folder
ESM Build start
CJS Build start
CJS dist/index.cjs     1.43 KB
CJS dist/index.cjs.map 1.03 KB
CJS ⚡️ Build success in 7ms
ESM dist/index.js     431.00 B
ESM dist/index.js.map 1012.00 B
ESM ⚡️ Build success in 9ms
DTS Build start
DTS ⚡️ Build success in 864ms
DTS dist/index.d.ts  360.00 B
DTS dist/index.d.cts 360.00 B
npm notice
npm notice package: duoapi@0.1.0
npm notice Tarball Contents
npm notice 49B CHANGELOG.md
npm notice 1.1kB LICENSE
npm notice 296B README.md
npm notice 1.5kB dist/index.cjs
npm notice 1.1kB dist/index.cjs.map
npm notice 360B dist/index.d.cts
npm notice 360B dist/index.d.ts
npm notice 431B dist/index.js
npm notice 1.0kB dist/index.js.map
npm notice 1.5kB package.json
npm notice Tarball Details
npm notice name: duoapi
npm notice version: 0.1.0
npm notice filename: duoapi-0.1.0.tgz
npm notice package size: 2.9 kB
npm notice unpacked size: 7.6 kB
npm notice shasum: 706d4ddb588fa44c4144bd23ea13d825a02cdf8f
npm notice integrity: sha512-jASRdo9pGJ9vz[...]rbyiN/0Ol4utg==
npm notice total files: 10
npm notice
npm notice Publishing to https://registry.npmjs.org/ with tag latest and public access
npm error code E403
npm error 403 403 Forbidden - PUT https://registry.npmjs.org/duoapi - Package name too similar to existing package duo-api; try renaming your package to '@mr-aftab-ahmad-khan/duoapi' and publishing with 'npm publish --access=public' instead
npm error 403 In most cases, you or one of your dependencies are requesting
npm error 403 a package version that is forbidden by your security policy, or
npm error 403 on a server you do not have access to.
npm error A complete log of this run can be found in: /Users/aftabahmadkhan/.npm/_logs/2026-06-04T08_53_31_421Z-debug-0.log
.scripts/publish-daily.sh: line 20:  3375 Terminated: 15          node .scripts/publish-daily-batch.mjs
