
> publish:flutter:daily
> node .scripts/publish-flutter-daily-batch.mjs

Pending: 10 · This run: 10 (limit 10)

dart sdk OK (Flutter 3.44.0 • channel stable • https://github.com/flutter/flutter.git)
pub.dev auth OK (dart pub login)
dart sdk OK (Flutter 3.44.0 • channel stable • https://github.com/flutter/flutter.git)
pub.dev auth OK (dart pub login)
Resolving dependencies...
Downloading packages...
+ async 2.13.1
+ boolean_selector 2.1.2
+ characters 1.4.1
+ clock 1.1.2
+ collection 1.19.1
+ fake_async 1.3.3
+ flutter 0.0.0 from sdk flutter
+ flutter_lints 3.0.2 (6.0.0 available)
+ flutter_test 0.0.0 from sdk flutter
+ leak_tracker 11.0.2
+ leak_tracker_flutter_testing 3.0.10
+ leak_tracker_testing 3.0.2
+ lints 3.0.0 (6.1.0 available)
+ matcher 0.12.19 (0.12.20 available)
+ material_color_utilities 0.13.0
+ meta 1.18.0 (1.18.3 available)
+ path 1.9.1
+ sky_engine 0.0.0 from sdk flutter
+ source_span 1.10.2
+ stack_trace 1.12.1
+ stream_channel 2.1.4
+ string_scanner 1.4.1
+ term_glyph 1.2.2
+ test_api 0.7.11 (0.7.12 available)
+ vector_math 2.2.0 (2.4.0 available)
+ vm_service 15.2.0
Changed 26 dependencies!
6 packages have newer versions incompatible with dependency constraints.
Try `flutter pub outdated` for more information.
Resolving dependencies...
Downloading packages...
+ async 2.13.1
+ boolean_selector 2.1.2
+ characters 1.4.1
+ clock 1.1.2
+ collection 1.19.1
+ fake_async 1.3.3
+ flutter 0.0.0 from sdk flutter
+ flutter_lints 3.0.2 (6.0.0 available)
+ flutter_test 0.0.0 from sdk flutter
+ leak_tracker 11.0.2
+ leak_tracker_flutter_testing 3.0.10
+ leak_tracker_testing 3.0.2
+ lints 3.0.0 (6.1.0 available)
+ matcher 0.12.19 (0.12.20 available)
+ material_color_utilities 0.13.0
+ meta 1.18.0 (1.18.3 available)
+ path 1.9.1
+ sky_engine 0.0.0 from sdk flutter
+ source_span 1.10.2
+ stack_trace 1.12.1
+ stream_channel 2.1.4
+ string_scanner 1.4.1
+ term_glyph 1.2.2
+ test_api 0.7.11 (0.7.12 available)
+ vector_math 2.2.0 (2.4.0 available)
+ vm_service 15.2.0
Changed 26 dependencies!
6 packages have newer versions incompatible with dependency constraints.
Try `flutter pub outdated` for more information.
Resolving dependencies...
Downloading packages...
+ async 2.13.1
+ boolean_selector 2.1.2
+ characters 1.4.1
+ clock 1.1.2
+ collection 1.19.1
+ fake_async 1.3.3
+ flutter 0.0.0 from sdk flutter
+ flutter_lints 3.0.2 (6.0.0 available)
+ flutter_test 0.0.0 from sdk flutter
+ leak_tracker 11.0.2
+ leak_tracker_flutter_testing 3.0.10
+ leak_tracker_testing 3.0.2
+ lints 3.0.0 (6.1.0 available)
+ matcher 0.12.19 (0.12.20 available)
+ material_color_utilities 0.13.0
+ meta 1.18.0 (1.18.3 available)
+ path 1.9.1
+ sky_engine 0.0.0 from sdk flutter
+ source_span 1.10.2
+ stack_trace 1.12.1
+ stream_channel 2.1.4
+ string_scanner 1.4.1
+ term_glyph 1.2.2
+ test_api 0.7.11 (0.7.12 available)
+ vector_math 2.2.0 (2.4.0 available)
+ vm_service 15.2.0
Changed 26 dependencies!
6 packages have newer versions incompatible with dependency constraints.
Try `flutter pub outdated` for more information.
Resolving dependencies...
Downloading packages...
+ async 2.13.1
+ boolean_selector 2.1.2
+ characters 1.4.1
+ clock 1.1.2
+ collection 1.19.1
+ fake_async 1.3.3
+ flutter 0.0.0 from sdk flutter
+ flutter_lints 3.0.2 (6.0.0 available)
+ flutter_test 0.0.0 from sdk flutter
+ leak_tracker 11.0.2
+ leak_tracker_flutter_testing 3.0.10
+ leak_tracker_testing 3.0.2
+ lints 3.0.0 (6.1.0 available)
+ matcher 0.12.19 (0.12.20 available)
+ material_color_utilities 0.13.0
+ meta 1.18.0 (1.18.3 available)
+ path 1.9.1
+ sky_engine 0.0.0 from sdk flutter
+ source_span 1.10.2
+ stack_trace 1.12.1
+ stream_channel 2.1.4
+ string_scanner 1.4.1
+ term_glyph 1.2.2
+ test_api 0.7.11 (0.7.12 available)
+ vector_math 2.2.0 (2.4.0 available)
+ vm_service 15.2.0
Changed 26 dependencies!
6 packages have newer versions incompatible with dependency constraints.
Try `flutter pub outdated` for more information.
Resolving dependencies...
Downloading packages...
+ async 2.13.1
+ boolean_selector 2.1.2
+ characters 1.4.1
+ clock 1.1.2
+ collection 1.19.1
+ fake_async 1.3.3
+ flutter 0.0.0 from sdk flutter
+ flutter_lints 3.0.2 (6.0.0 available)
+ flutter_test 0.0.0 from sdk flutter
+ leak_tracker 11.0.2
+ leak_tracker_flutter_testing 3.0.10
+ leak_tracker_testing 3.0.2
+ lints 3.0.0 (6.1.0 available)
+ matcher 0.12.19 (0.12.20 available)
+ material_color_utilities 0.13.0
+ meta 1.18.0 (1.18.3 available)
+ path 1.9.1
+ sky_engine 0.0.0 from sdk flutter
+ source_span 1.10.2
+ stack_trace 1.12.1
+ stream_channel 2.1.4
+ string_scanner 1.4.1
+ term_glyph 1.2.2
+ test_api 0.7.11 (0.7.12 available)
+ vector_math 2.2.0 (2.4.0 available)
+ vm_service 15.2.0
Changed 26 dependencies!
6 packages have newer versions incompatible with dependency constraints.
Try `flutter pub outdated` for more information.
Resolving dependencies...
Downloading packages...
+ async 2.13.1
+ boolean_selector 2.1.2
+ characters 1.4.1
+ clock 1.1.2
+ collection 1.19.1
+ fake_async 1.3.3
+ flutter 0.0.0 from sdk flutter
+ flutter_lints 3.0.2 (6.0.0 available)
+ flutter_test 0.0.0 from sdk flutter
+ leak_tracker 11.0.2
+ leak_tracker_flutter_testing 3.0.10
+ leak_tracker_testing 3.0.2
+ lints 3.0.0 (6.1.0 available)
+ matcher 0.12.19 (0.12.20 available)
+ material_color_utilities 0.13.0
+ meta 1.18.0 (1.18.3 available)
+ path 1.9.1
+ sky_engine 0.0.0 from sdk flutter
+ source_span 1.10.2
+ stack_trace 1.12.1
+ stream_channel 2.1.4
+ string_scanner 1.4.1
+ term_glyph 1.2.2
+ test_api 0.7.11 (0.7.12 available)
+ vector_math 2.2.0 (2.4.0 available)
+ vm_service 15.2.0
Changed 26 dependencies!
6 packages have newer versions incompatible with dependency constraints.
Try `flutter pub outdated` for more information.
Resolving dependencies...
Downloading packages...
+ async 2.13.1
+ boolean_selector 2.1.2
+ characters 1.4.1
+ clock 1.1.2
+ collection 1.19.1
+ fake_async 1.3.3
+ flutter 0.0.0 from sdk flutter
+ flutter_lints 3.0.2 (6.0.0 available)
+ flutter_test 0.0.0 from sdk flutter
+ leak_tracker 11.0.2
+ leak_tracker_flutter_testing 3.0.10
+ leak_tracker_testing 3.0.2
+ lints 3.0.0 (6.1.0 available)
+ matcher 0.12.19 (0.12.20 available)
+ material_color_utilities 0.13.0
+ meta 1.18.0 (1.18.3 available)
+ path 1.9.1
+ sky_engine 0.0.0 from sdk flutter
+ source_span 1.10.2
+ stack_trace 1.12.1
+ stream_channel 2.1.4
+ string_scanner 1.4.1
+ term_glyph 1.2.2
+ test_api 0.7.11 (0.7.12 available)
+ vector_math 2.2.0 (2.4.0 available)
+ vm_service 15.2.0
Changed 26 dependencies!
6 packages have newer versions incompatible with dependency constraints.
Try `flutter pub outdated` for more information.
Resolving dependencies...
Downloading packages...
+ async 2.13.1
+ boolean_selector 2.1.2
+ characters 1.4.1
+ clock 1.1.2
+ collection 1.19.1
+ fake_async 1.3.3
+ flutter 0.0.0 from sdk flutter
+ flutter_lints 3.0.2 (6.0.0 available)
+ flutter_test 0.0.0 from sdk flutter
+ leak_tracker 11.0.2
+ leak_tracker_flutter_testing 3.0.10
+ leak_tracker_testing 3.0.2
+ lints 3.0.0 (6.1.0 available)
+ matcher 0.12.19 (0.12.20 available)
+ material_color_utilities 0.13.0
+ meta 1.18.0 (1.18.3 available)
+ path 1.9.1
+ sky_engine 0.0.0 from sdk flutter
+ source_span 1.10.2
+ stack_trace 1.12.1
+ stream_channel 2.1.4
+ string_scanner 1.4.1
+ term_glyph 1.2.2
+ test_api 0.7.11 (0.7.12 available)
+ vector_math 2.2.0 (2.4.0 available)
+ vm_service 15.2.0
Changed 26 dependencies!
6 packages have newer versions incompatible with dependency constraints.
Try `flutter pub outdated` for more information.
Resolving dependencies...
Downloading packages...
+ async 2.13.1
+ boolean_selector 2.1.2
+ characters 1.4.1
+ clock 1.1.2
+ collection 1.19.1
+ fake_async 1.3.3
+ flutter 0.0.0 from sdk flutter
+ flutter_lints 3.0.2 (6.0.0 available)
+ flutter_test 0.0.0 from sdk flutter
+ leak_tracker 11.0.2
+ leak_tracker_flutter_testing 3.0.10
+ leak_tracker_testing 3.0.2
+ lints 3.0.0 (6.1.0 available)
+ matcher 0.12.19 (0.12.20 available)
+ material_color_utilities 0.13.0
+ meta 1.18.0 (1.18.3 available)
+ path 1.9.1
+ sky_engine 0.0.0 from sdk flutter
+ source_span 1.10.2
+ stack_trace 1.12.1
+ stream_channel 2.1.4
+ string_scanner 1.4.1
+ term_glyph 1.2.2
+ test_api 0.7.11 (0.7.12 available)
+ vector_math 2.2.0 (2.4.0 available)
+ vm_service 15.2.0
Changed 26 dependencies!
6 packages have newer versions incompatible with dependency constraints.
Try `flutter pub outdated` for more information.
Resolving dependencies...
Downloading packages...
  flutter_lints 3.0.2 (6.0.0 available)
  lints 3.0.0 (6.1.0 available)
  matcher 0.12.19 (0.12.20 available)
  meta 1.18.0 (1.18.3 available)
  test_api 0.7.11 (0.7.12 available)
  vector_math 2.2.0 (2.4.0 available)
Got dependencies!
6 packages have newer versions incompatible with dependency constraints.
Try `flutter pub outdated` for more information.
