
> publish:daily
> node .scripts/publish-daily-batch.mjs

Pending: 90 · This run: 20 (limit 20)

npm auth OK (mr-aftab-ahmad-khan)
npm auth OK (mr-aftab-ahmad-khan)

> backendforgex@0.1.0 build
> tsup

CLI Building entry: {"index":"src/index.ts","cli":"src/cli.ts"}
CLI Using tsconfig: tsconfig.json
CLI tsup v8.5.1
CLI Using tsup config: /Users/aftabahmadkhan/Github/Personal/NPM/mern/backendforge/tsup.config.ts
CLI Target: node18
CLI Cleaning output folder
ESM Build start
CJS Build start
CJS dist/cli.cjs       3.08 KB
CJS dist/index.cjs     2.92 KB
CJS dist/cli.cjs.map   3.48 KB
CJS dist/index.cjs.map 2.47 KB
CJS ⚡️ Build success in 11ms
ESM dist/chunk-CGYPKMSG.js     1.22 KB
ESM dist/index.js              118.00 B
ESM dist/cli.js                594.00 B
ESM dist/chunk-CGYPKMSG.js.map 2.41 KB
ESM dist/index.js.map          71.00 B
ESM dist/cli.js.map            1.08 KB
ESM ⚡️ Build success in 11ms
DTS Build start
DTS ⚡️ Build success in 744ms
DTS dist/index.d.ts  305.00 B
DTS dist/index.d.cts 305.00 B

> cacheflow@0.1.0 build
> tsup

CLI Building entry: {"index":"src/index.ts"}
CLI Using tsconfig: tsconfig.json
CLI tsup v8.5.1
CLI Using tsup config: /Users/aftabahmadkhan/Github/Personal/NPM/mern/cacheflow/tsup.config.ts
CLI Target: node18
CLI Cleaning output folder
ESM Build start
CJS Build start
CJS dist/index.cjs     2.13 KB
CJS dist/index.cjs.map 2.20 KB
CJS ⚡️ Build success in 15ms
ESM dist/index.js     1.12 KB
ESM dist/index.js.map 2.15 KB
ESM ⚡️ Build success in 16ms
DTS Build start
DTS ⚡️ Build success in 612ms
DTS dist/index.d.ts  557.00 B
DTS dist/index.d.cts 557.00 B

> cachemesh@0.1.0 build
> tsup

CLI Building entry: {"index":"src/index.ts"}
CLI Using tsconfig: tsconfig.json
CLI tsup v8.5.1
CLI Using tsup config: /Users/aftabahmadkhan/Github/Personal/NPM/mern/cachemesh/tsup.config.ts
CLI Target: node18
CLI Cleaning output folder
ESM Build start
CJS Build start
ESM dist/index.js     1.66 KB
ESM dist/index.js.map 3.98 KB
ESM ⚡️ Build success in 16ms
CJS dist/index.cjs     2.68 KB
CJS dist/index.cjs.map 4.03 KB
CJS ⚡️ Build success in 17ms
DTS Build start
DTS ⚡️ Build success in 653ms
DTS dist/index.d.ts  1.28 KB
DTS dist/index.d.cts 1.28 KB

> dbflow@0.1.0 build
> tsup

CLI Building entry: {"index":"src/index.ts"}
CLI Using tsconfig: tsconfig.json
CLI tsup v8.5.1
CLI Using tsup config: /Users/aftabahmadkhan/Github/Personal/NPM/mern/dbflow/tsup.config.ts
CLI Target: node18
CLI Cleaning output folder
ESM Build start
CJS Build start
ESM dist/index.js     119.00 B
ESM dist/index.js.map 373.00 B
ESM ⚡️ Build success in 14ms
CJS dist/index.cjs     1.10 KB
CJS dist/index.cjs.map 417.00 B
CJS ⚡️ Build success in 14ms
DTS Build start
DTS ⚡️ Build success in 674ms
DTS dist/index.d.ts  277.00 B
DTS dist/index.d.cts 277.00 B

> duoapi@0.1.0 build
> tsup

CLI Building entry: {"index":"src/index.ts"}
CLI Using tsconfig: tsconfig.json
CLI tsup v8.5.1
CLI Using tsup config: /Users/aftabahmadkhan/Github/Personal/NPM/mern/duoapi/tsup.config.ts
CLI Target: node18
CLI Cleaning output folder
ESM Build start
CJS Build start
CJS dist/index.cjs     1.43 KB
CJS dist/index.cjs.map 1.03 KB
CJS ⚡️ Build success in 10ms
ESM dist/index.js     431.00 B
ESM dist/index.js.map 1012.00 B
ESM ⚡️ Build success in 10ms
DTS Build start
DTS ⚡️ Build success in 857ms
DTS dist/index.d.ts  360.00 B
DTS dist/index.d.cts 360.00 B

> envguard@0.1.3 build
> tsup

CLI Building entry: {"index":"src/index.ts","cli":"src/cli.ts"}
CLI Using tsconfig: tsconfig.json
CLI tsup v8.5.1
CLI Using tsup config: /Users/aftabahmadkhan/Github/Personal/NPM/mern/envguard/tsup.config.ts
CLI Target: node18
CLI Cleaning output folder
ESM Build start
CJS Build start
ESM dist/index.js              738.00 B
ESM dist/cli.js                2.92 KB
ESM dist/chunk-GO4IMUE6.js     8.41 KB
ESM dist/cli.js.map            5.69 KB
ESM dist/chunk-GO4IMUE6.js.map 16.71 KB
ESM dist/index.js.map          1.32 KB
ESM ⚡️ Build success in 13ms
CJS dist/cli.cjs       6.92 KB
CJS dist/index.cjs     10.19 KB
CJS dist/index.cjs.map 18.07 KB
CJS dist/cli.cjs.map   18.09 KB
CJS ⚡️ Build success in 13ms
DTS Build start
DTS ⚡️ Build success in 1089ms
DTS dist/cli.d.ts    20.00 B
DTS dist/index.d.ts  3.74 KB
DTS dist/cli.d.cts   20.00 B
DTS dist/index.d.cts 3.74 KB

> eventmeshx@0.1.0 build
> tsup

CLI Building entry: {"index":"src/index.ts"}
CLI Using tsconfig: tsconfig.json
CLI tsup v8.5.1
CLI Using tsup config: /Users/aftabahmadkhan/Github/Personal/NPM/mern/eventmesh/tsup.config.ts
CLI Target: node18
CLI Cleaning output folder
ESM Build start
CJS Build start
CJS dist/index.cjs     1.63 KB
CJS dist/index.cjs.map 1.29 KB
CJS ⚡️ Build success in 8ms
ESM dist/index.js     606.00 B
ESM dist/index.js.map 1.24 KB
ESM ⚡️ Build success in 9ms
DTS Build start
DTS ⚡️ Build success in 572ms
DTS dist/index.d.ts  418.00 B
DTS dist/index.d.cts 418.00 B

> flagmesh@0.1.0 build
> tsup

CLI Building entry: {"index":"src/index.ts"}
CLI Using tsconfig: tsconfig.json
CLI tsup v8.5.1
CLI Using tsup config: /Users/aftabahmadkhan/Github/Personal/NPM/mern/flagmesh/tsup.config.ts
CLI Target: node18
CLI Cleaning output folder
ESM Build start
CJS Build start
ESM dist/index.js     1.45 KB
ESM dist/index.js.map 3.22 KB
ESM ⚡️ Build success in 7ms
CJS dist/index.cjs     2.54 KB
CJS dist/index.cjs.map 3.28 KB
CJS ⚡️ Build success in 8ms
DTS Build start
DTS ⚡️ Build success in 650ms
DTS dist/index.d.ts  837.00 B
DTS dist/index.d.cts 837.00 B

> formbridge@0.1.0 build
> tsup

CLI Building entry: {"index":"src/index.ts"}
CLI Using tsconfig: tsconfig.json
CLI tsup v8.5.1
CLI Using tsup config: /Users/aftabahmadkhan/Github/Personal/NPM/mern/formbridge/tsup.config.ts
CLI Target: node18
CLI Cleaning output folder
ESM Build start
CJS Build start
ESM dist/index.js     1.14 KB
ESM dist/index.js.map 2.61 KB
ESM ⚡️ Build success in 9ms
CJS dist/index.cjs     2.12 KB
CJS dist/index.cjs.map 2.66 KB
CJS ⚡️ Build success in 9ms
DTS Build start
DTS ⚡️ Build success in 630ms
DTS dist/index.d.ts  712.00 B
DTS dist/index.d.cts 712.00 B

> fusionstack@0.1.0 build
> tsup

CLI Building entry: {"index":"src/index.ts"}
CLI Using tsconfig: tsconfig.json
CLI tsup v8.5.1
CLI Using tsup config: /Users/aftabahmadkhan/Github/Personal/NPM/mern/fusionstack/tsup.config.ts
CLI Target: node18
CLI Cleaning output folder
ESM Build start
CJS Build start
CJS dist/index.cjs     1.48 KB
CJS dist/index.cjs.map 1.07 KB
CJS ⚡️ Build success in 8ms
ESM dist/index.js     441.00 B
ESM dist/index.js.map 1.02 KB
ESM ⚡️ Build success in 8ms
DTS Build start
DTS ⚡️ Build success in 642ms
DTS dist/index.d.ts  453.00 B
DTS dist/index.d.cts 453.00 B

> graphstackx@0.1.0 build
> tsup

CLI Building entry: {"index":"src/index.ts","cli":"src/cli.ts"}
CLI Using tsconfig: tsconfig.json
CLI tsup v8.5.1
CLI Using tsup config: /Users/aftabahmadkhan/Github/Personal/NPM/mern/graphstack/tsup.config.ts
CLI Target: node18
CLI Cleaning output folder
ESM Build start
CJS Build start
CJS dist/index.cjs     1.10 KB
CJS dist/cli.cjs       2.15 KB
CJS dist/cli.cjs.map   1.73 KB
CJS dist/index.cjs.map 227.00 B
CJS ⚡️ Build success in 12ms
ESM dist/index.js     115.00 B
ESM dist/cli.js       867.00 B
ESM dist/index.js.map 183.00 B
ESM dist/cli.js.map   1.70 KB
ESM ⚡️ Build success in 14ms
DTS Build start
DTS ⚡️ Build success in 595ms
DTS dist/index.d.ts  79.00 B
DTS dist/index.d.cts 79.00 B

> guardpress@0.1.0 build
> tsup

CLI Building entry: {"index":"src/index.ts"}
CLI Using tsconfig: tsconfig.json
CLI tsup v8.5.1
CLI Using tsup config: /Users/aftabahmadkhan/Github/Personal/NPM/mern/guardpress/tsup.config.ts
CLI Target: node18
CLI Cleaning output folder
ESM Build start
CJS Build start
CJS dist/index.cjs     1.40 KB
CJS dist/index.cjs.map 920.00 B
CJS ⚡️ Build success in 9ms
ESM dist/index.js     399.00 B
ESM dist/index.js.map 871.00 B
ESM ⚡️ Build success in 9ms
DTS Build start
DTS ⚡️ Build success in 603ms
DTS dist/index.d.ts  302.00 B
DTS dist/index.d.cts 302.00 B

> heapguard@0.1.0 build
> tsup

CLI Building entry: {"index":"src/index.ts"}
CLI Using tsconfig: tsconfig.json
CLI tsup v8.5.1
CLI Using tsup config: /Users/aftabahmadkhan/Github/Personal/NPM/mern/heapguard/tsup.config.ts
CLI Target: node18
CLI Cleaning output folder
ESM Build start
CJS Build start
ESM dist/index.js     904.00 B
ESM dist/index.js.map 2.17 KB
ESM ⚡️ Build success in 11ms
CJS dist/index.cjs     2.60 KB
CJS dist/index.cjs.map 2.23 KB
CJS ⚡️ Build success in 11ms
DTS Build start
DTS ⚡️ Build success in 591ms
DTS dist/index.d.ts  864.00 B
DTS dist/index.d.cts 864.00 B

> hookmesh@0.1.0 build
> tsup

CLI Building entry: {"index":"src/index.ts"}
CLI Using tsconfig: tsconfig.json
CLI tsup v8.5.1
CLI Using tsup config: /Users/aftabahmadkhan/Github/Personal/NPM/mern/hookmesh/tsup.config.ts
CLI Target: node18
CLI Cleaning output folder
ESM Build start
CJS Build start
CJS dist/index.cjs     3.90 KB
CJS dist/index.cjs.map 4.90 KB
CJS ⚡️ Build success in 8ms
ESM dist/index.js     2.12 KB
ESM dist/index.js.map 4.81 KB
ESM ⚡️ Build success in 9ms
DTS Build start
DTS ⚡️ Build success in 665ms
DTS dist/index.d.ts  1.41 KB
DTS dist/index.d.cts 1.41 KB

> hookretryx@0.1.0 build
> tsup

CLI Building entry: {"index":"src/index.ts"}
CLI Using tsconfig: tsconfig.json
CLI tsup v8.5.1
CLI Using tsup config: /Users/aftabahmadkhan/Github/Personal/NPM/mern/hookretry/tsup.config.ts
CLI Target: node18
CLI Cleaning output folder
ESM Build start
CJS Build start
ESM dist/index.js     413.00 B
ESM dist/index.js.map 849.00 B
ESM ⚡️ Build success in 29ms
CJS dist/index.cjs     1.41 KB
CJS dist/index.cjs.map 898.00 B
CJS ⚡️ Build success in 29ms
DTS Build start
DTS ⚡️ Build success in 606ms
DTS dist/index.d.ts  322.00 B
DTS dist/index.d.cts 322.00 B

> injectflow@0.1.0 build
> tsup

CLI Building entry: {"index":"src/index.ts"}
CLI Using tsconfig: tsconfig.json
CLI tsup v8.5.1
CLI Using tsup config: /Users/aftabahmadkhan/Github/Personal/NPM/mern/injectflow/tsup.config.ts
CLI Target: node18
CLI Cleaning output folder
ESM Build start
CJS Build start
CJS dist/index.cjs     1.91 KB
CJS dist/index.cjs.map 1.80 KB
CJS ⚡️ Build success in 8ms
ESM dist/index.js     897.00 B
ESM dist/index.js.map 1.75 KB
ESM ⚡️ Build success in 8ms
DTS Build start
DTS ⚡️ Build success in 616ms
DTS dist/index.d.ts  518.00 B
DTS dist/index.d.cts 518.00 B

> jobforge@0.1.0 build
> tsup

CLI Building entry: {"index":"src/index.ts"}
CLI Using tsconfig: tsconfig.json
CLI tsup v8.5.1
CLI Using tsup config: /Users/aftabahmadkhan/Github/Personal/NPM/mern/jobforge/tsup.config.ts
CLI Target: node18
CLI Cleaning output folder
ESM Build start
CJS Build start
ESM dist/index.js     1.77 KB
ESM dist/index.js.map 4.16 KB
ESM ⚡️ Build success in 10ms
CJS dist/index.cjs     2.78 KB
CJS dist/index.cjs.map 4.21 KB
CJS ⚡️ Build success in 9ms
DTS Build start
DTS ⚡️ Build success in 611ms
DTS dist/index.d.ts  851.00 B
DTS dist/index.d.cts 851.00 B

> lesscode@0.1.0 build
> tsup

CLI Building entry: {"index":"src/index.ts","cli":"src/cli.ts"}
CLI Using tsconfig: tsconfig.json
CLI tsup v8.5.1
CLI Using tsup config: /Users/aftabahmadkhan/Github/Personal/NPM/mern/lesscode/tsup.config.ts
CLI Target: node18
CLI Cleaning output folder
ESM Build start
CJS Build start
ESM dist/index.js     109.00 B
ESM dist/cli.js       1.09 KB
ESM dist/index.js.map 180.00 B
ESM dist/cli.js.map   1.98 KB
ESM ⚡️ Build success in 9ms
CJS dist/index.cjs     1.08 KB
CJS dist/cli.cjs       2.42 KB
CJS dist/index.cjs.map 224.00 B
CJS dist/cli.cjs.map   2.03 KB
CJS ⚡️ Build success in 9ms
DTS Build start
DTS ⚡️ Build success in 584ms
DTS dist/index.d.ts  73.00 B
DTS dist/index.d.cts 73.00 B

> lockmesh@0.1.0 build
> tsup

CLI Building entry: {"index":"src/index.ts"}
CLI Using tsconfig: tsconfig.json
CLI tsup v8.5.1
CLI Using tsup config: /Users/aftabahmadkhan/Github/Personal/NPM/mern/lockmesh/tsup.config.ts
CLI Target: node18
CLI Cleaning output folder
ESM Build start
CJS Build start
CJS dist/index.cjs     1.48 KB
CJS dist/index.cjs.map 910.00 B
CJS ⚡️ Build success in 9ms
ESM dist/index.js     483.00 B
ESM dist/index.js.map 861.00 B
ESM ⚡️ Build success in 9ms
DTS Build start
DTS ⚡️ Build success in 622ms
DTS dist/index.d.ts  197.00 B
DTS dist/index.d.cts 197.00 B

> logicforge@0.1.0 build
> tsup

CLI Building entry: {"index":"src/index.ts"}
CLI Using tsconfig: tsconfig.json
CLI tsup v8.5.1
CLI Using tsup config: /Users/aftabahmadkhan/Github/Personal/NPM/mern/logicforge/tsup.config.ts
CLI Target: node18
CLI Cleaning output folder
ESM Build start
CJS Build start
CJS dist/index.cjs     1.90 KB
CJS dist/index.cjs.map 1.84 KB
CJS ⚡️ Build success in 7ms
ESM dist/index.js     870.00 B
ESM dist/index.js.map 1.80 KB
ESM ⚡️ Build success in 7ms
DTS Build start
DTS ⚡️ Build success in 576ms
DTS dist/index.d.ts  497.00 B
DTS dist/index.d.cts 497.00 B

> cacheflow@0.1.0 prepublishOnly
> npm run build


> cacheflow@0.1.0 build
> tsup

CLI Building entry: {"index":"src/index.ts"}
CLI Using tsconfig: tsconfig.json
CLI tsup v8.5.1
CLI Using tsup config: /Users/aftabahmadkhan/Github/Personal/NPM/mern/cacheflow/tsup.config.ts
CLI Target: node18
CLI Cleaning output folder
ESM Build start
CJS Build start
ESM dist/index.js     1.12 KB
ESM dist/index.js.map 2.15 KB
ESM ⚡️ Build success in 9ms
CJS dist/index.cjs     2.13 KB
CJS dist/index.cjs.map 2.20 KB
CJS ⚡️ Build success in 9ms
DTS Build start
DTS ⚡️ Build success in 694ms
DTS dist/index.d.ts  557.00 B
DTS dist/index.d.cts 557.00 B
