
> publish:daily
> node .scripts/publish-daily-batch.mjs

Pending: 90 · This run: 20 (limit 20)

npm auth OK (mr-aftab-ahmad-khan)
npm auth OK (mr-aftab-ahmad-khan)

> backendforge@0.1.0 build
> tsup

CLI Building entry: {"index":"src/index.ts","cli":"src/cli.ts"}
CLI Using tsconfig: tsconfig.json
CLI tsup v8.5.1
CLI Using tsup config: /Users/aftabahmadkhan/Github/Personal/NPM/mern/backendforge/tsup.config.ts
CLI Target: node18
CLI Cleaning output folder
ESM Build start
CJS Build start
ESM dist/cli.js                594.00 B
ESM dist/chunk-CGYPKMSG.js     1.22 KB
ESM dist/index.js              118.00 B
ESM dist/cli.js.map            1.08 KB
ESM dist/chunk-CGYPKMSG.js.map 2.41 KB
ESM dist/index.js.map          71.00 B
ESM ⚡️ Build success in 10ms
CJS dist/cli.cjs       3.08 KB
CJS dist/index.cjs     2.92 KB
CJS dist/cli.cjs.map   3.48 KB
CJS dist/index.cjs.map 2.47 KB
CJS ⚡️ Build success in 10ms
DTS Build start
DTS ⚡️ Build success in 701ms
DTS dist/index.d.ts  305.00 B
DTS dist/index.d.cts 305.00 B

> cacheflow@0.1.0 build
> tsup

CLI Building entry: {"index":"src/index.ts"}
CLI Using tsconfig: tsconfig.json
CLI tsup v8.5.1
CLI Using tsup config: /Users/aftabahmadkhan/Github/Personal/NPM/mern/cacheflow/tsup.config.ts
CLI Target: node18
CLI Cleaning output folder
ESM Build start
CJS Build start
CJS dist/index.cjs     2.13 KB
CJS dist/index.cjs.map 2.20 KB
CJS ⚡️ Build success in 8ms
ESM dist/index.js     1.12 KB
ESM dist/index.js.map 2.15 KB
ESM ⚡️ Build success in 8ms
DTS Build start
DTS ⚡️ Build success in 593ms
DTS dist/index.d.ts  557.00 B
DTS dist/index.d.cts 557.00 B

> cachemesh@0.1.0 build
> tsup

CLI Building entry: {"index":"src/index.ts"}
CLI Using tsconfig: tsconfig.json
CLI tsup v8.5.1
CLI Using tsup config: /Users/aftabahmadkhan/Github/Personal/NPM/mern/cachemesh/tsup.config.ts
CLI Target: node18
CLI Cleaning output folder
ESM Build start
CJS Build start
ESM dist/index.js     1.66 KB
ESM dist/index.js.map 3.98 KB
ESM ⚡️ Build success in 7ms
CJS dist/index.cjs     2.68 KB
CJS dist/index.cjs.map 4.03 KB
CJS ⚡️ Build success in 7ms
DTS Build start
DTS ⚡️ Build success in 644ms
DTS dist/index.d.ts  1.28 KB
DTS dist/index.d.cts 1.28 KB

> dbflow@0.1.0 build
> tsup

CLI Building entry: {"index":"src/index.ts"}
CLI Using tsconfig: tsconfig.json
CLI tsup v8.5.1
CLI Using tsup config: /Users/aftabahmadkhan/Github/Personal/NPM/mern/dbflow/tsup.config.ts
CLI Target: node18
CLI Cleaning output folder
ESM Build start
CJS Build start
ESM dist/index.js     119.00 B
ESM dist/index.js.map 373.00 B
ESM ⚡️ Build success in 7ms
CJS dist/index.cjs     1.10 KB
CJS dist/index.cjs.map 417.00 B
CJS ⚡️ Build success in 7ms
DTS Build start
DTS ⚡️ Build success in 576ms
DTS dist/index.d.ts  277.00 B
DTS dist/index.d.cts 277.00 B

> duoapi@0.1.0 build
> tsup

CLI Building entry: {"index":"src/index.ts"}
CLI Using tsconfig: tsconfig.json
CLI tsup v8.5.1
CLI Using tsup config: /Users/aftabahmadkhan/Github/Personal/NPM/mern/duoapi/tsup.config.ts
CLI Target: node18
CLI Cleaning output folder
ESM Build start
CJS Build start
ESM dist/index.js     431.00 B
ESM dist/index.js.map 1012.00 B
ESM ⚡️ Build success in 7ms
CJS dist/index.cjs     1.43 KB
CJS dist/index.cjs.map 1.03 KB
CJS ⚡️ Build success in 8ms
DTS Build start
DTS ⚡️ Build success in 704ms
DTS dist/index.d.ts  360.00 B
DTS dist/index.d.cts 360.00 B

> envguard@0.1.3 build
> tsup

CLI Building entry: {"index":"src/index.ts","cli":"src/cli.ts"}
CLI Using tsconfig: tsconfig.json
CLI tsup v8.5.1
CLI Using tsup config: /Users/aftabahmadkhan/Github/Personal/NPM/mern/envguard/tsup.config.ts
CLI Target: node18
CLI Cleaning output folder
ESM Build start
CJS Build start
ESM dist/index.js              738.00 B
ESM dist/cli.js                2.92 KB
ESM dist/chunk-GO4IMUE6.js     8.41 KB
ESM dist/index.js.map          1.32 KB
ESM dist/cli.js.map            5.69 KB
ESM dist/chunk-GO4IMUE6.js.map 16.71 KB
ESM ⚡️ Build success in 12ms
CJS dist/index.cjs     10.19 KB
CJS dist/cli.cjs       6.92 KB
CJS dist/index.cjs.map 18.07 KB
CJS dist/cli.cjs.map   18.09 KB
CJS ⚡️ Build success in 13ms
DTS Build start
DTS ⚡️ Build success in 1064ms
DTS dist/cli.d.ts    20.00 B
DTS dist/index.d.ts  3.74 KB
DTS dist/cli.d.cts   20.00 B
DTS dist/index.d.cts 3.74 KB

> eventmeshx@0.1.0 build
> tsup

CLI Building entry: {"index":"src/index.ts"}
CLI Using tsconfig: tsconfig.json
CLI tsup v8.5.1
CLI Using tsup config: /Users/aftabahmadkhan/Github/Personal/NPM/mern/eventmesh/tsup.config.ts
CLI Target: node18
CLI Cleaning output folder
ESM Build start
CJS Build start
CJS dist/index.cjs     1.63 KB
CJS dist/index.cjs.map 1.29 KB
CJS ⚡️ Build success in 8ms
ESM dist/index.js     606.00 B
ESM dist/index.js.map 1.24 KB
ESM ⚡️ Build success in 8ms
DTS Build start
DTS ⚡️ Build success in 569ms
DTS dist/index.d.ts  418.00 B
DTS dist/index.d.cts 418.00 B

> flagmesh@0.1.0 build
> tsup

CLI Building entry: {"index":"src/index.ts"}
CLI Using tsconfig: tsconfig.json
CLI tsup v8.5.1
CLI Using tsup config: /Users/aftabahmadkhan/Github/Personal/NPM/mern/flagmesh/tsup.config.ts
CLI Target: node18
CLI Cleaning output folder
ESM Build start
CJS Build start
CJS dist/index.cjs     2.54 KB
CJS dist/index.cjs.map 3.28 KB
CJS ⚡️ Build success in 8ms
ESM dist/index.js     1.45 KB
ESM dist/index.js.map 3.22 KB
ESM ⚡️ Build success in 8ms
DTS Build start
DTS ⚡️ Build success in 593ms
DTS dist/index.d.ts  837.00 B
DTS dist/index.d.cts 837.00 B

> formbridge@0.1.0 build
> tsup

CLI Building entry: {"index":"src/index.ts"}
CLI Using tsconfig: tsconfig.json
CLI tsup v8.5.1
CLI Using tsup config: /Users/aftabahmadkhan/Github/Personal/NPM/mern/formbridge/tsup.config.ts
CLI Target: node18
CLI Cleaning output folder
ESM Build start
CJS Build start
CJS dist/index.cjs     2.12 KB
CJS dist/index.cjs.map 2.66 KB
CJS ⚡️ Build success in 7ms
ESM dist/index.js     1.14 KB
ESM dist/index.js.map 2.61 KB
ESM ⚡️ Build success in 7ms
DTS Build start
DTS ⚡️ Build success in 718ms
DTS dist/index.d.ts  712.00 B
DTS dist/index.d.cts 712.00 B

> fusionstack@0.1.0 build
> tsup

CLI Building entry: {"index":"src/index.ts"}
CLI Using tsconfig: tsconfig.json
CLI tsup v8.5.1
CLI Using tsup config: /Users/aftabahmadkhan/Github/Personal/NPM/mern/fusionstack/tsup.config.ts
CLI Target: node18
CLI Cleaning output folder
ESM Build start
CJS Build start
CJS dist/index.cjs     1.48 KB
CJS dist/index.cjs.map 1.07 KB
CJS ⚡️ Build success in 9ms
ESM dist/index.js     441.00 B
ESM dist/index.js.map 1.02 KB
ESM ⚡️ Build success in 10ms
DTS Build start
DTS ⚡️ Build success in 679ms
DTS dist/index.d.ts  453.00 B
DTS dist/index.d.cts 453.00 B

> graphstackx@0.1.0 build
> tsup

CLI Building entry: {"index":"src/index.ts","cli":"src/cli.ts"}
CLI Using tsconfig: tsconfig.json
CLI tsup v8.5.1
CLI Using tsup config: /Users/aftabahmadkhan/Github/Personal/NPM/mern/graphstack/tsup.config.ts
CLI Target: node18
CLI Cleaning output folder
ESM Build start
CJS Build start
CJS dist/index.cjs     1.10 KB
CJS dist/cli.cjs       2.15 KB
CJS dist/cli.cjs.map   1.73 KB
CJS dist/index.cjs.map 227.00 B
CJS ⚡️ Build success in 9ms
ESM dist/cli.js       867.00 B
ESM dist/index.js     115.00 B
ESM dist/cli.js.map   1.70 KB
ESM dist/index.js.map 183.00 B
ESM ⚡️ Build success in 9ms
DTS Build start
DTS ⚡️ Build success in 563ms
DTS dist/index.d.ts  79.00 B
DTS dist/index.d.cts 79.00 B

> guardpress@0.1.0 build
> tsup

CLI Building entry: {"index":"src/index.ts"}
CLI Using tsconfig: tsconfig.json
CLI tsup v8.5.1
CLI Using tsup config: /Users/aftabahmadkhan/Github/Personal/NPM/mern/guardpress/tsup.config.ts
CLI Target: node18
CLI Cleaning output folder
ESM Build start
CJS Build start
ESM dist/index.js     399.00 B
ESM dist/index.js.map 871.00 B
ESM ⚡️ Build success in 8ms
CJS dist/index.cjs     1.40 KB
CJS dist/index.cjs.map 920.00 B
CJS ⚡️ Build success in 8ms
DTS Build start
DTS ⚡️ Build success in 618ms
DTS dist/index.d.ts  302.00 B
DTS dist/index.d.cts 302.00 B

> heapguard@0.1.0 build
> tsup

CLI Building entry: {"index":"src/index.ts"}
CLI Using tsconfig: tsconfig.json
CLI tsup v8.5.1
CLI Using tsup config: /Users/aftabahmadkhan/Github/Personal/NPM/mern/heapguard/tsup.config.ts
CLI Target: node18
CLI Cleaning output folder
ESM Build start
CJS Build start
ESM dist/index.js     904.00 B
ESM dist/index.js.map 2.17 KB
ESM ⚡️ Build success in 12ms
CJS dist/index.cjs     2.60 KB
CJS dist/index.cjs.map 2.23 KB
CJS ⚡️ Build success in 11ms
DTS Build start
DTS ⚡️ Build success in 586ms
DTS dist/index.d.ts  864.00 B
DTS dist/index.d.cts 864.00 B

> hookmesh@0.1.0 build
> tsup

CLI Building entry: {"index":"src/index.ts"}
CLI Using tsconfig: tsconfig.json
CLI tsup v8.5.1
CLI Using tsup config: /Users/aftabahmadkhan/Github/Personal/NPM/mern/hookmesh/tsup.config.ts
CLI Target: node18
CLI Cleaning output folder
ESM Build start
CJS Build start
ESM dist/index.js     2.12 KB
ESM dist/index.js.map 4.81 KB
ESM ⚡️ Build success in 11ms
CJS dist/index.cjs     3.90 KB
CJS dist/index.cjs.map 4.90 KB
CJS ⚡️ Build success in 11ms
DTS Build start
DTS ⚡️ Build success in 639ms
DTS dist/index.d.ts  1.41 KB
DTS dist/index.d.cts 1.41 KB

> hookretryx@0.1.0 build
> tsup

CLI Building entry: {"index":"src/index.ts"}
CLI Using tsconfig: tsconfig.json
CLI tsup v8.5.1
CLI Using tsup config: /Users/aftabahmadkhan/Github/Personal/NPM/mern/hookretry/tsup.config.ts
CLI Target: node18
CLI Cleaning output folder
ESM Build start
CJS Build start
ESM dist/index.js     413.00 B
ESM dist/index.js.map 849.00 B
ESM ⚡️ Build success in 7ms
CJS dist/index.cjs     1.41 KB
CJS dist/index.cjs.map 898.00 B
CJS ⚡️ Build success in 7ms
DTS Build start
DTS ⚡️ Build success in 594ms
DTS dist/index.d.ts  322.00 B
DTS dist/index.d.cts 322.00 B

> injectflow@0.1.0 build
> tsup

CLI Building entry: {"index":"src/index.ts"}
CLI Using tsconfig: tsconfig.json
CLI tsup v8.5.1
CLI Using tsup config: /Users/aftabahmadkhan/Github/Personal/NPM/mern/injectflow/tsup.config.ts
CLI Target: node18
CLI Cleaning output folder
ESM Build start
CJS Build start
ESM dist/index.js     897.00 B
ESM dist/index.js.map 1.75 KB
ESM ⚡️ Build success in 8ms
CJS dist/index.cjs     1.91 KB
CJS dist/index.cjs.map 1.80 KB
CJS ⚡️ Build success in 8ms
DTS Build start
DTS ⚡️ Build success in 579ms
DTS dist/index.d.ts  518.00 B
DTS dist/index.d.cts 518.00 B

> jobforge@0.1.0 build
> tsup

CLI Building entry: {"index":"src/index.ts"}
CLI Using tsconfig: tsconfig.json
CLI tsup v8.5.1
CLI Using tsup config: /Users/aftabahmadkhan/Github/Personal/NPM/mern/jobforge/tsup.config.ts
CLI Target: node18
CLI Cleaning output folder
ESM Build start
CJS Build start
CJS dist/index.cjs     2.78 KB
CJS dist/index.cjs.map 4.21 KB
CJS ⚡️ Build success in 8ms
ESM dist/index.js     1.77 KB
ESM dist/index.js.map 4.16 KB
ESM ⚡️ Build success in 8ms
DTS Build start
DTS ⚡️ Build success in 596ms
DTS dist/index.d.ts  851.00 B
DTS dist/index.d.cts 851.00 B

> lesscode@0.1.0 build
> tsup

CLI Building entry: {"index":"src/index.ts","cli":"src/cli.ts"}
CLI Using tsconfig: tsconfig.json
CLI tsup v8.5.1
CLI Using tsup config: /Users/aftabahmadkhan/Github/Personal/NPM/mern/lesscode/tsup.config.ts
CLI Target: node18
CLI Cleaning output folder
ESM Build start
CJS Build start
CJS dist/index.cjs     1.08 KB
CJS dist/cli.cjs       2.42 KB
CJS dist/cli.cjs.map   2.03 KB
CJS dist/index.cjs.map 224.00 B
CJS ⚡️ Build success in 10ms
ESM dist/index.js     109.00 B
ESM dist/cli.js       1.09 KB
ESM dist/index.js.map 180.00 B
ESM dist/cli.js.map   1.98 KB
ESM ⚡️ Build success in 10ms
DTS Build start
DTS ⚡️ Build success in 603ms
DTS dist/index.d.ts  73.00 B
DTS dist/index.d.cts 73.00 B

> lockmesh@0.1.0 build
> tsup

CLI Building entry: {"index":"src/index.ts"}
CLI Using tsconfig: tsconfig.json
CLI tsup v8.5.1
CLI Using tsup config: /Users/aftabahmadkhan/Github/Personal/NPM/mern/lockmesh/tsup.config.ts
CLI Target: node18
CLI Cleaning output folder
ESM Build start
CJS Build start
ESM dist/index.js     483.00 B
ESM dist/index.js.map 861.00 B
ESM ⚡️ Build success in 7ms
CJS dist/index.cjs     1.48 KB
CJS dist/index.cjs.map 910.00 B
CJS ⚡️ Build success in 7ms
DTS Build start
DTS ⚡️ Build success in 614ms
DTS dist/index.d.ts  197.00 B
DTS dist/index.d.cts 197.00 B

> logicforge@0.1.0 build
> tsup

CLI Building entry: {"index":"src/index.ts"}
CLI Using tsconfig: tsconfig.json
CLI tsup v8.5.1
CLI Using tsup config: /Users/aftabahmadkhan/Github/Personal/NPM/mern/logicforge/tsup.config.ts
CLI Target: node18
CLI Cleaning output folder
ESM Build start
CJS Build start
ESM dist/index.js     870.00 B
ESM dist/index.js.map 1.80 KB
ESM ⚡️ Build success in 8ms
CJS dist/index.cjs     1.90 KB
CJS dist/index.cjs.map 1.84 KB
CJS ⚡️ Build success in 9ms
DTS Build start
DTS ⚡️ Build success in 591ms
DTS dist/index.d.ts  497.00 B
DTS dist/index.d.cts 497.00 B

> backendforge@0.1.0 prepublishOnly
> npm run build


> backendforge@0.1.0 build
> tsup

CLI Building entry: {"index":"src/index.ts","cli":"src/cli.ts"}
CLI Using tsconfig: tsconfig.json
CLI tsup v8.5.1
CLI Using tsup config: /Users/aftabahmadkhan/Github/Personal/NPM/mern/backendforge/tsup.config.ts
CLI Target: node18
CLI Cleaning output folder
ESM Build start
CJS Build start
CJS dist/cli.cjs       3.08 KB
CJS dist/index.cjs     2.92 KB
CJS dist/index.cjs.map 2.47 KB
CJS dist/cli.cjs.map   3.48 KB
CJS ⚡️ Build success in 9ms
ESM dist/cli.js                594.00 B
ESM dist/chunk-CGYPKMSG.js     1.22 KB
ESM dist/index.js              118.00 B
ESM dist/cli.js.map            1.08 KB
ESM dist/index.js.map          71.00 B
ESM dist/chunk-CGYPKMSG.js.map 2.41 KB
ESM ⚡️ Build success in 9ms
DTS Build start
DTS ⚡️ Build success in 591ms
DTS dist/index.d.ts  305.00 B
DTS dist/index.d.cts 305.00 B
npm notice
npm notice 📦  backendforge@0.1.0
npm notice Tarball Contents
npm notice 49B CHANGELOG.md
npm notice 1.1kB LICENSE
npm notice 783B README.md
npm notice 47B backendforge.cjs
npm notice 1.2kB dist/chunk-CGYPKMSG.js
npm notice 2.5kB dist/chunk-CGYPKMSG.js.map
npm notice 3.2kB dist/cli.cjs
npm notice 3.6kB dist/cli.cjs.map
npm notice 594B dist/cli.js
npm notice 1.1kB dist/cli.js.map
npm notice 3.0kB dist/index.cjs
npm notice 2.5kB dist/index.cjs.map
npm notice 305B dist/index.d.cts
npm notice 305B dist/index.d.ts
npm notice 118B dist/index.js
npm notice 71B dist/index.js.map
npm notice 1.6kB package.json
npm notice Tarball Details
npm notice name: backendforge
npm notice version: 0.1.0
npm notice filename: backendforge-0.1.0.tgz
npm notice package size: 5.1 kB
npm notice unpacked size: 22.0 kB
npm notice shasum: c80a5c9fcb56f636921b105043b7e135c8f422db
npm notice integrity: sha512-SoSdTWKXKwU3k[...]4VfDKKcF9mIrA==
npm notice total files: 17
npm notice
npm notice Publishing to https://registry.npmjs.org/ with tag latest and public access
npm error code E403
npm error 403 403 Forbidden - PUT https://registry.npmjs.org/backendforge - Package name too similar to existing package backend-forge; try renaming your package to '@mr-aftab-ahmad-khan/backendforge' and publishing with 'npm publish --access=public' instead
npm error 403 In most cases, you or one of your dependencies are requesting
npm error 403 a package version that is forbidden by your security policy, or
npm error 403 on a server you do not have access to.
npm error A complete log of this run can be found in: /Users/aftabahmadkhan/.npm/_logs/2026-06-02T23_37_55_915Z-debug-0.log

> backendforge@0.1.0 prepublishOnly
> npm run build


> backendforge@0.1.0 build
> tsup

CLI Building entry: {"index":"src/index.ts","cli":"src/cli.ts"}
CLI Using tsconfig: tsconfig.json
CLI tsup v8.5.1
CLI Using tsup config: /Users/aftabahmadkhan/Github/Personal/NPM/mern/backendforge/tsup.config.ts
CLI Target: node18
CLI Cleaning output folder
ESM Build start
CJS Build start
ESM dist/index.js              118.00 B
ESM dist/chunk-CGYPKMSG.js     1.22 KB
ESM dist/cli.js                594.00 B
ESM dist/index.js.map          71.00 B
ESM dist/chunk-CGYPKMSG.js.map 2.41 KB
ESM dist/cli.js.map            1.08 KB
ESM ⚡️ Build success in 12ms
CJS dist/cli.cjs       3.08 KB
CJS dist/index.cjs     2.92 KB
CJS dist/cli.cjs.map   3.48 KB
CJS dist/index.cjs.map 2.47 KB
CJS ⚡️ Build success in 12ms
DTS Build start
DTS ⚡️ Build success in 669ms
DTS dist/index.d.ts  305.00 B
DTS dist/index.d.cts 305.00 B
npm notice
npm notice 📦  backendforge@0.1.0
npm notice Tarball Contents
npm notice 49B CHANGELOG.md
npm notice 1.1kB LICENSE
npm notice 783B README.md
npm notice 47B backendforge.cjs
npm notice 1.2kB dist/chunk-CGYPKMSG.js
npm notice 2.5kB dist/chunk-CGYPKMSG.js.map
npm notice 3.2kB dist/cli.cjs
npm notice 3.6kB dist/cli.cjs.map
npm notice 594B dist/cli.js
npm notice 1.1kB dist/cli.js.map
npm notice 3.0kB dist/index.cjs
npm notice 2.5kB dist/index.cjs.map
npm notice 305B dist/index.d.cts
npm notice 305B dist/index.d.ts
npm notice 118B dist/index.js
npm notice 71B dist/index.js.map
npm notice 1.6kB package.json
npm notice Tarball Details
npm notice name: backendforge
npm notice version: 0.1.0
npm notice filename: backendforge-0.1.0.tgz
npm notice package size: 5.1 kB
npm notice unpacked size: 22.0 kB
npm notice shasum: c80a5c9fcb56f636921b105043b7e135c8f422db
npm notice integrity: sha512-SoSdTWKXKwU3k[...]4VfDKKcF9mIrA==
npm notice total files: 17
npm notice
npm notice Publishing to https://registry.npmjs.org/ with tag latest and public access
npm error code E403
npm error 403 403 Forbidden - PUT https://registry.npmjs.org/backendforge - Package name too similar to existing package backend-forge; try renaming your package to '@mr-aftab-ahmad-khan/backendforge' and publishing with 'npm publish --access=public' instead
npm error 403 In most cases, you or one of your dependencies are requesting
npm error 403 a package version that is forbidden by your security policy, or
npm error 403 on a server you do not have access to.
npm error A complete log of this run can be found in: /Users/aftabahmadkhan/.npm/_logs/2026-06-02T23_39_30_144Z-debug-0.log

> backendforge@0.1.0 prepublishOnly
> npm run build


> backendforge@0.1.0 build
> tsup

CLI Building entry: {"index":"src/index.ts","cli":"src/cli.ts"}
CLI Using tsconfig: tsconfig.json
CLI tsup v8.5.1
CLI Using tsup config: /Users/aftabahmadkhan/Github/Personal/NPM/mern/backendforge/tsup.config.ts
CLI Target: node18
CLI Cleaning output folder
ESM Build start
CJS Build start
CJS dist/index.cjs     2.92 KB
CJS dist/cli.cjs       3.08 KB
CJS dist/cli.cjs.map   3.48 KB
CJS dist/index.cjs.map 2.47 KB
CJS ⚡️ Build success in 10ms
ESM dist/index.js              118.00 B
ESM dist/chunk-CGYPKMSG.js     1.22 KB
ESM dist/cli.js                594.00 B
ESM dist/index.js.map          71.00 B
ESM dist/cli.js.map            1.08 KB
ESM dist/chunk-CGYPKMSG.js.map 2.41 KB
ESM ⚡️ Build success in 10ms
DTS Build start
DTS ⚡️ Build success in 770ms
DTS dist/index.d.ts  305.00 B
DTS dist/index.d.cts 305.00 B
npm notice
npm notice 📦  backendforge@0.1.0
npm notice Tarball Contents
npm notice 49B CHANGELOG.md
npm notice 1.1kB LICENSE
npm notice 783B README.md
npm notice 47B backendforge.cjs
npm notice 1.2kB dist/chunk-CGYPKMSG.js
npm notice 2.5kB dist/chunk-CGYPKMSG.js.map
npm notice 3.2kB dist/cli.cjs
npm notice 3.6kB dist/cli.cjs.map
npm notice 594B dist/cli.js
npm notice 1.1kB dist/cli.js.map
npm notice 3.0kB dist/index.cjs
npm notice 2.5kB dist/index.cjs.map
npm notice 305B dist/index.d.cts
npm notice 305B dist/index.d.ts
npm notice 118B dist/index.js
npm notice 71B dist/index.js.map
npm notice 1.6kB package.json
npm notice Tarball Details
npm notice name: backendforge
npm notice version: 0.1.0
npm notice filename: backendforge-0.1.0.tgz
npm notice package size: 5.1 kB
npm notice unpacked size: 22.0 kB
npm notice shasum: c80a5c9fcb56f636921b105043b7e135c8f422db
npm notice integrity: sha512-SoSdTWKXKwU3k[...]4VfDKKcF9mIrA==
npm notice total files: 17
npm notice
npm notice Publishing to https://registry.npmjs.org/ with tag latest and public access
npm error code E403
npm error 403 403 Forbidden - PUT https://registry.npmjs.org/backendforge - Package name too similar to existing package backend-forge; try renaming your package to '@mr-aftab-ahmad-khan/backendforge' and publishing with 'npm publish --access=public' instead
npm error 403 In most cases, you or one of your dependencies are requesting
npm error 403 a package version that is forbidden by your security policy, or
npm error 403 on a server you do not have access to.
npm error A complete log of this run can be found in: /Users/aftabahmadkhan/.npm/_logs/2026-06-02T23_42_33_730Z-debug-0.log

> backendforgex@0.1.0 prepublishOnly
> npm run build


> backendforgex@0.1.0 build
> tsup

CLI Building entry: {"index":"src/index.ts","cli":"src/cli.ts"}
CLI Using tsconfig: tsconfig.json
CLI tsup v8.5.1
CLI Using tsup config: /Users/aftabahmadkhan/Github/Personal/NPM/mern/backendforge/tsup.config.ts
CLI Target: node18
CLI Cleaning output folder
ESM Build start
CJS Build start
CJS dist/cli.cjs       3.08 KB
CJS dist/index.cjs     2.92 KB
CJS dist/index.cjs.map 2.47 KB
CJS dist/cli.cjs.map   3.48 KB
CJS ⚡️ Build success in 10ms
ESM dist/cli.js                594.00 B
ESM dist/chunk-CGYPKMSG.js     1.22 KB
ESM dist/index.js              118.00 B
ESM dist/cli.js.map            1.08 KB
ESM dist/chunk-CGYPKMSG.js.map 2.41 KB
ESM dist/index.js.map          71.00 B
ESM ⚡️ Build success in 10ms
DTS Build start
DTS ⚡️ Build success in 754ms
DTS dist/index.d.ts  305.00 B
DTS dist/index.d.cts 305.00 B
npm notice
npm notice 📦  backendforgex@0.1.0
npm notice Tarball Contents
npm notice 49B CHANGELOG.md
npm notice 1.1kB LICENSE
npm notice 783B README.md
npm notice 47B backendforge.cjs
npm notice 1.2kB dist/chunk-CGYPKMSG.js
npm notice 2.5kB dist/chunk-CGYPKMSG.js.map
npm notice 3.2kB dist/cli.cjs
npm notice 3.6kB dist/cli.cjs.map
npm notice 594B dist/cli.js
npm notice 1.1kB dist/cli.js.map
npm notice 3.0kB dist/index.cjs
npm notice 2.5kB dist/index.cjs.map
npm notice 305B dist/index.d.cts
npm notice 305B dist/index.d.ts
npm notice 118B dist/index.js
npm notice 71B dist/index.js.map
npm notice 1.6kB package.json
npm notice Tarball Details
npm notice name: backendforgex
npm notice version: 0.1.0
npm notice filename: backendforgex-0.1.0.tgz
npm notice package size: 5.1 kB
npm notice unpacked size: 22.0 kB
npm notice shasum: 14c6171766cb0fb6080a28a2c49c088bb9131cb3
npm notice integrity: sha512-nCsaDakRR7lO/[...]H5Lcls/ZO1V7w==
npm notice total files: 17
npm notice
npm error You cannot publish over the previously published versions: 0.1.0.
npm error A complete log of this run can be found in: /Users/aftabahmadkhan/.npm/_logs/2026-06-02T23_47_07_575Z-debug-0.log

> cacheflow@0.1.0 prepublishOnly
> npm run build


> cacheflow@0.1.0 build
> tsup

CLI Building entry: {"index":"src/index.ts"}
CLI Using tsconfig: tsconfig.json
CLI tsup v8.5.1
CLI Using tsup config: /Users/aftabahmadkhan/Github/Personal/NPM/mern/cacheflow/tsup.config.ts
CLI Target: node18
CLI Cleaning output folder
ESM Build start
CJS Build start
CJS dist/index.cjs     2.13 KB
CJS dist/index.cjs.map 2.20 KB
CJS ⚡️ Build success in 8ms
ESM dist/index.js     1.12 KB
ESM dist/index.js.map 2.15 KB
ESM ⚡️ Build success in 8ms
DTS Build start
DTS ⚡️ Build success in 648ms
DTS dist/index.d.ts  557.00 B
DTS dist/index.d.cts 557.00 B
