=== pub.dev publish scheduled run 2026-06-12T23:15:21+05:00 ===
Using Flutter: /Users/aftabahmadkhan/.flutter-sdk/bin/flutter
Flutter 3.44.0 • channel stable • https://github.com/flutter/flutter.git
  patched app_flow_orchestrator
  patched auto_localization_kit
  patched auto_state_sync
  patched flutter_api_weaver
  patched flutter_asset_sync
  patched flutter_build_shrinker
  patched flutter_clean_arch_bot
  patched flutter_db_scaffold
  patched flutter_device_lab
  patched flutter_env_forge
  patched flutter_firelink
  patched flutter_icon_smith
  patched flutter_monorepo_chief
  patched flutter_perf_doctor
  patched flutter_pub_cleaner
  patched flutter_release_pilot
  patched flutter_route_genius
  patched flutter_screen_forge
  patched flutter_state_smith
  patched flutter_super_table
  patched flutter_test_factory
  patched flutter_ui_cloner
  patched flutter_widget_map
  patched flutter_zero_setup
  patched motion_builder
  patched responsive_magic_ui
  patched secure_vault_lite
  patched smart_form_x
  patched smart_theme_engine
  patched widget_studio

30 pubspec.yaml file(s) ready for pub.dev.
Pending: 30 · This run: 15 (limit 15)

dart sdk OK (Flutter 3.44.0 • channel stable • https://github.com/flutter/flutter.git)
pub.dev auth OK (dart pub login)
dart sdk OK (Flutter 3.44.0 • channel stable • https://github.com/flutter/flutter.git)
pub.dev auth OK (dart pub login)
Resolving dependencies...
Downloading packages...
  flutter_lints 3.0.2 (6.0.0 available)
  lints 3.0.0 (6.1.0 available)
  matcher 0.12.19 (0.12.20 available)
  meta 1.18.0 (1.18.3 available)
  test_api 0.7.11 (0.7.12 available)
  vector_math 2.2.0 (2.4.0 available)
Got dependencies!
6 packages have newer versions incompatible with dependency constraints.
Try `flutter pub outdated` for more information.
Resolving dependencies...
Downloading packages...
  flutter_lints 3.0.2 (6.0.0 available)
  lints 3.0.0 (6.1.0 available)
  matcher 0.12.19 (0.12.20 available)
  meta 1.18.0 (1.18.3 available)
  test_api 0.7.11 (0.7.12 available)
  vector_math 2.2.0 (2.4.0 available)
Got dependencies!
6 packages have newer versions incompatible with dependency constraints.
Try `flutter pub outdated` for more information.
Resolving dependencies...
Downloading packages...
  flutter_lints 3.0.2 (6.0.0 available)
  lints 3.0.0 (6.1.0 available)
  matcher 0.12.19 (0.12.20 available)
  meta 1.18.0 (1.18.3 available)
  test_api 0.7.11 (0.7.12 available)
  vector_math 2.2.0 (2.4.0 available)
Got dependencies!
6 packages have newer versions incompatible with dependency constraints.
Try `flutter pub outdated` for more information.
Resolving dependencies...
Downloading packages...
  flutter_lints 3.0.2 (6.0.0 available)
  lints 3.0.0 (6.1.0 available)
  matcher 0.12.19 (0.12.20 available)
  meta 1.18.0 (1.18.3 available)
  test_api 0.7.11 (0.7.12 available)
  vector_math 2.2.0 (2.4.0 available)
Got dependencies!
6 packages have newer versions incompatible with dependency constraints.
Try `flutter pub outdated` for more information.
Resolving dependencies...
Downloading packages...
  flutter_lints 3.0.2 (6.0.0 available)
  lints 3.0.0 (6.1.0 available)
  matcher 0.12.19 (0.12.20 available)
  meta 1.18.0 (1.18.3 available)
  test_api 0.7.11 (0.7.12 available)
  vector_math 2.2.0 (2.4.0 available)
Got dependencies!
6 packages have newer versions incompatible with dependency constraints.
Try `flutter pub outdated` for more information.
Resolving dependencies...
Downloading packages...
  flutter_lints 3.0.2 (6.0.0 available)
  lints 3.0.0 (6.1.0 available)
  matcher 0.12.19 (0.12.20 available)
  meta 1.18.0 (1.18.3 available)
  test_api 0.7.11 (0.7.12 available)
  vector_math 2.2.0 (2.4.0 available)
Got dependencies!
6 packages have newer versions incompatible with dependency constraints.
Try `flutter pub outdated` for more information.
Resolving dependencies...
Downloading packages...
  flutter_lints 3.0.2 (6.0.0 available)
  lints 3.0.0 (6.1.0 available)
  matcher 0.12.19 (0.12.20 available)
  meta 1.18.0 (1.18.3 available)
  test_api 0.7.11 (0.7.12 available)
  vector_math 2.2.0 (2.4.0 available)
Got dependencies!
6 packages have newer versions incompatible with dependency constraints.
Try `flutter pub outdated` for more information.
Resolving dependencies...
Downloading packages...
  flutter_lints 3.0.2 (6.0.0 available)
  lints 3.0.0 (6.1.0 available)
  matcher 0.12.19 (0.12.20 available)
  meta 1.18.0 (1.18.3 available)
  test_api 0.7.11 (0.7.12 available)
  vector_math 2.2.0 (2.4.0 available)
Got dependencies!
6 packages have newer versions incompatible with dependency constraints.
Try `flutter pub outdated` for more information.
Resolving dependencies...
Downloading packages...
  flutter_lints 3.0.2 (6.0.0 available)
  lints 3.0.0 (6.1.0 available)
  matcher 0.12.19 (0.12.20 available)
  meta 1.18.0 (1.18.3 available)
  test_api 0.7.11 (0.7.12 available)
  vector_math 2.2.0 (2.4.0 available)
Got dependencies!
6 packages have newer versions incompatible with dependency constraints.
Try `flutter pub outdated` for more information.
Resolving dependencies...
Downloading packages...
  flutter_lints 3.0.2 (6.0.0 available)
  lints 3.0.0 (6.1.0 available)
  matcher 0.12.19 (0.12.20 available)
  meta 1.18.0 (1.18.3 available)
  test_api 0.7.11 (0.7.12 available)
  vector_math 2.2.0 (2.4.0 available)
Got dependencies!
6 packages have newer versions incompatible with dependency constraints.
Try `flutter pub outdated` for more information.
Resolving dependencies...
Downloading packages...
  flutter_lints 3.0.2 (6.0.0 available)
  lints 3.0.0 (6.1.0 available)
  matcher 0.12.19 (0.12.20 available)
  meta 1.18.0 (1.18.3 available)
  test_api 0.7.11 (0.7.12 available)
  vector_math 2.2.0 (2.4.0 available)
Got dependencies!
6 packages have newer versions incompatible with dependency constraints.
Try `flutter pub outdated` for more information.
Resolving dependencies...
Downloading packages...
  flutter_lints 3.0.2 (6.0.0 available)
  lints 3.0.0 (6.1.0 available)
  matcher 0.12.19 (0.12.20 available)
  meta 1.18.0 (1.18.3 available)
  test_api 0.7.11 (0.7.12 available)
  vector_math 2.2.0 (2.4.0 available)
Got dependencies!
6 packages have newer versions incompatible with dependency constraints.
Try `flutter pub outdated` for more information.
Resolving dependencies...
Downloading packages...
  flutter_lints 3.0.2 (6.0.0 available)
  lints 3.0.0 (6.1.0 available)
  matcher 0.12.19 (0.12.20 available)
  meta 1.18.0 (1.18.3 available)
  test_api 0.7.11 (0.7.12 available)
  vector_math 2.2.0 (2.4.0 available)
Got dependencies!
6 packages have newer versions incompatible with dependency constraints.
Try `flutter pub outdated` for more information.
Resolving dependencies...
Downloading packages...
  flutter_lints 3.0.2 (6.0.0 available)
  lints 3.0.0 (6.1.0 available)
  matcher 0.12.19 (0.12.20 available)
  meta 1.18.0 (1.18.3 available)
  test_api 0.7.11 (0.7.12 available)
  vector_math 2.2.0 (2.4.0 available)
Got dependencies!
6 packages have newer versions incompatible with dependency constraints.
Try `flutter pub outdated` for more information.
Resolving dependencies...
Downloading packages...
  flutter_lints 3.0.2 (6.0.0 available)
  lints 3.0.0 (6.1.0 available)
  matcher 0.12.19 (0.12.20 available)
  meta 1.18.0 (1.18.3 available)
  test_api 0.7.11 (0.7.12 available)
  vector_math 2.2.0 (2.4.0 available)
Got dependencies!
6 packages have newer versions incompatible with dependency constraints.
Try `flutter pub outdated` for more information.
Resolving dependencies...
Downloading packages...
  flutter_lints 3.0.2 (6.0.0 available)
  lints 3.0.0 (6.1.0 available)
  matcher 0.12.19 (0.12.20 available)
  meta 1.18.0 (1.18.3 available)
  test_api 0.7.11 (0.7.12 available)
  vector_math 2.2.0 (2.4.0 available)
Got dependencies!
6 packages have newer versions incompatible with dependency constraints.
Try `dart pub outdated` for more information.
Publishing app_flow_orchestrator 0.1.0 to https://pub.dev:
├── CHANGELOG.md (<1 KB)
├── LICENSE (1 KB)
├── README.md (<1 KB)
├── analysis_options.yaml (<1 KB)
├── lib
│   └── app_flow_orchestrator.dart (<1 KB)
├── package-topics.json (<1 KB)
├── pubspec.yaml (<1 KB)
└── test
    └── app_flow_orchestrator_test.dart (<1 KB)

Total compressed archive size: 1 KB.
Validating package...
Got socket error trying to find package app_flow_orchestrator at https://pub.dev.
Resolving dependencies...
Downloading packages...
  flutter_lints 3.0.2 (6.0.0 available)
  lints 3.0.0 (6.1.0 available)
  matcher 0.12.19 (0.12.20 available)
  meta 1.18.0 (1.18.3 available)
  test_api 0.7.11 (0.7.12 available)
  vector_math 2.2.0 (2.4.0 available)
Got dependencies!
6 packages have newer versions incompatible with dependency constraints.
Try `dart pub outdated` for more information.
Publishing auto_localization_kit 0.1.0 to https://pub.dev:
├── CHANGELOG.md (<1 KB)
├── LICENSE (1 KB)
├── README.md (<1 KB)
├── analysis_options.yaml (<1 KB)
├── lib
│   └── auto_localization_kit.dart (<1 KB)
├── package-topics.json (<1 KB)
├── pubspec.yaml (<1 KB)
└── test
    └── auto_localization_kit_test.dart (<1 KB)

Total compressed archive size: 1 KB.
Validating package...
Got socket error trying to find package auto_localization_kit at https://pub.dev.
Resolving dependencies...
Downloading packages...
  flutter_lints 3.0.2 (6.0.0 available)
  lints 3.0.0 (6.1.0 available)
  matcher 0.12.19 (0.12.20 available)
  meta 1.18.0 (1.18.3 available)
  test_api 0.7.11 (0.7.12 available)
  vector_math 2.2.0 (2.4.0 available)
Got dependencies!
6 packages have newer versions incompatible with dependency constraints.
Try `dart pub outdated` for more information.
Publishing auto_state_sync 0.1.0 to https://pub.dev:
├── CHANGELOG.md (<1 KB)
├── LICENSE (1 KB)
├── README.md (<1 KB)
├── analysis_options.yaml (<1 KB)
├── lib
│   └── auto_state_sync.dart (<1 KB)
├── package-topics.json (<1 KB)
├── pubspec.yaml (<1 KB)
└── test
    └── auto_state_sync_test.dart (<1 KB)

Total compressed archive size: 1 KB.
Validating package...
Got socket error trying to find package auto_state_sync at https://pub.dev.
Resolving dependencies...
Downloading packages...
  flutter_lints 3.0.2 (6.0.0 available)
  lints 3.0.0 (6.1.0 available)
  matcher 0.12.19 (0.12.20 available)
  meta 1.18.0 (1.18.3 available)
  test_api 0.7.11 (0.7.12 available)
  vector_math 2.2.0 (2.4.0 available)
Got dependencies!
6 packages have newer versions incompatible with dependency constraints.
Try `dart pub outdated` for more information.
Publishing flutter_api_weaver 0.1.0 to https://pub.dev:
├── CHANGELOG.md (<1 KB)
├── LICENSE (1 KB)
├── README.md (<1 KB)
├── analysis_options.yaml (<1 KB)
├── lib
│   └── flutter_api_weaver.dart (<1 KB)
├── package-topics.json (<1 KB)
├── pubspec.yaml (<1 KB)
└── test
    └── flutter_api_weaver_test.dart (<1 KB)

Total compressed archive size: 1 KB.
Validating package...
Got socket error trying to find package flutter_api_weaver at https://pub.dev.
Resolving dependencies...
Downloading packages...
  flutter_lints 3.0.2 (6.0.0 available)
  lints 3.0.0 (6.1.0 available)
  matcher 0.12.19 (0.12.20 available)
  meta 1.18.0 (1.18.3 available)
  test_api 0.7.11 (0.7.12 available)
  vector_math 2.2.0 (2.4.0 available)
Got dependencies!
6 packages have newer versions incompatible with dependency constraints.
Try `dart pub outdated` for more information.
Publishing flutter_asset_sync 0.1.0 to https://pub.dev:
├── CHANGELOG.md (<1 KB)
├── LICENSE (1 KB)
├── README.md (<1 KB)
├── analysis_options.yaml (<1 KB)
├── lib
│   └── flutter_asset_sync.dart (<1 KB)
├── package-topics.json (<1 KB)
├── pubspec.yaml (<1 KB)
└── test
    └── flutter_asset_sync_test.dart (<1 KB)

Total compressed archive size: 1 KB.
Validating package...
Got socket error trying to find package flutter_asset_sync at https://pub.dev.
Resolving dependencies...
Downloading packages...
  flutter_lints 3.0.2 (6.0.0 available)
  lints 3.0.0 (6.1.0 available)
  matcher 0.12.19 (0.12.20 available)
  meta 1.18.0 (1.18.3 available)
  test_api 0.7.11 (0.7.12 available)
  vector_math 2.2.0 (2.4.0 available)
Got dependencies!
6 packages have newer versions incompatible with dependency constraints.
Try `dart pub outdated` for more information.
Publishing flutter_build_shrinker 0.1.0 to https://pub.dev:
├── CHANGELOG.md (<1 KB)
├── LICENSE (1 KB)
├── README.md (<1 KB)
├── analysis_options.yaml (<1 KB)
├── lib
│   └── flutter_build_shrinker.dart (<1 KB)
├── package-topics.json (<1 KB)
├── pubspec.yaml (<1 KB)
└── test
    └── flutter_build_shrinker_test.dart (<1 KB)

Total compressed archive size: 1 KB.
Validating package...
Got socket error trying to find package flutter_build_shrinker at https://pub.dev.
Resolving dependencies...
Downloading packages...
  flutter_lints 3.0.2 (6.0.0 available)
  lints 3.0.0 (6.1.0 available)
  matcher 0.12.19 (0.12.20 available)
  meta 1.18.0 (1.18.3 available)
  test_api 0.7.11 (0.7.12 available)
  vector_math 2.2.0 (2.4.0 available)
Got dependencies!
6 packages have newer versions incompatible with dependency constraints.
Try `dart pub outdated` for more information.
Publishing flutter_clean_arch_bot 0.1.0 to https://pub.dev:
├── CHANGELOG.md (<1 KB)
├── LICENSE (1 KB)
├── README.md (<1 KB)
├── analysis_options.yaml (<1 KB)
├── lib
│   └── flutter_clean_arch_bot.dart (<1 KB)
├── package-topics.json (<1 KB)
├── pubspec.yaml (<1 KB)
└── test
    └── flutter_clean_arch_bot_test.dart (<1 KB)

Total compressed archive size: 1 KB.
Validating package...
Got socket error trying to find package flutter_clean_arch_bot at https://pub.dev.
Resolving dependencies...
Downloading packages...
  flutter_lints 3.0.2 (6.0.0 available)
  lints 3.0.0 (6.1.0 available)
  matcher 0.12.19 (0.12.20 available)
  meta 1.18.0 (1.18.3 available)
  test_api 0.7.11 (0.7.12 available)
  vector_math 2.2.0 (2.4.0 available)
Got dependencies!
6 packages have newer versions incompatible with dependency constraints.
Try `dart pub outdated` for more information.
Publishing flutter_db_scaffold 0.1.0 to https://pub.dev:
├── CHANGELOG.md (<1 KB)
├── LICENSE (1 KB)
├── README.md (<1 KB)
├── analysis_options.yaml (<1 KB)
├── lib
│   └── flutter_db_scaffold.dart (<1 KB)
├── package-topics.json (<1 KB)
├── pubspec.yaml (<1 KB)
└── test
    └── flutter_db_scaffold_test.dart (<1 KB)

Total compressed archive size: 1 KB.
Validating package...
Got socket error trying to find package flutter_db_scaffold at https://pub.dev.
Resolving dependencies...
Downloading packages...
  flutter_lints 3.0.2 (6.0.0 available)
  lints 3.0.0 (6.1.0 available)
  matcher 0.12.19 (0.12.20 available)
  meta 1.18.0 (1.18.3 available)
  test_api 0.7.11 (0.7.12 available)
  vector_math 2.2.0 (2.4.0 available)
Got dependencies!
6 packages have newer versions incompatible with dependency constraints.
Try `dart pub outdated` for more information.
Publishing flutter_device_lab 0.1.0 to https://pub.dev:
├── CHANGELOG.md (<1 KB)
├── LICENSE (1 KB)
├── README.md (<1 KB)
├── analysis_options.yaml (<1 KB)
├── lib
│   └── flutter_device_lab.dart (<1 KB)
├── package-topics.json (<1 KB)
├── pubspec.yaml (<1 KB)
└── test
    └── flutter_device_lab_test.dart (<1 KB)

Total compressed archive size: 1 KB.
Validating package...
Got socket error trying to find package flutter_device_lab at https://pub.dev.
Resolving dependencies...
Downloading packages...
  flutter_lints 3.0.2 (6.0.0 available)
  lints 3.0.0 (6.1.0 available)
  matcher 0.12.19 (0.12.20 available)
  meta 1.18.0 (1.18.3 available)
  test_api 0.7.11 (0.7.12 available)
  vector_math 2.2.0 (2.4.0 available)
Got dependencies!
6 packages have newer versions incompatible with dependency constraints.
Try `dart pub outdated` for more information.
Publishing flutter_env_forge 0.1.0 to https://pub.dev:
├── CHANGELOG.md (<1 KB)
├── LICENSE (1 KB)
├── README.md (<1 KB)
├── analysis_options.yaml (<1 KB)
├── lib
│   └── flutter_env_forge.dart (<1 KB)
├── package-topics.json (<1 KB)
├── pubspec.yaml (<1 KB)
└── test
    └── flutter_env_forge_test.dart (<1 KB)

Total compressed archive size: 1 KB.
Validating package...
Got socket error trying to find package flutter_env_forge at https://pub.dev.
Resolving dependencies...
Downloading packages...
  flutter_lints 3.0.2 (6.0.0 available)
  lints 3.0.0 (6.1.0 available)
  matcher 0.12.19 (0.12.20 available)
  meta 1.18.0 (1.18.3 available)
  test_api 0.7.11 (0.7.12 available)
  vector_math 2.2.0 (2.4.0 available)
Got dependencies!
6 packages have newer versions incompatible with dependency constraints.
Try `dart pub outdated` for more information.
Publishing flutter_firelink 0.1.0 to https://pub.dev:
├── CHANGELOG.md (<1 KB)
├── LICENSE (1 KB)
├── README.md (<1 KB)
├── analysis_options.yaml (<1 KB)
├── lib
│   └── flutter_firelink.dart (<1 KB)
├── package-topics.json (<1 KB)
├── pubspec.yaml (<1 KB)
└── test
    └── flutter_firelink_test.dart (<1 KB)

Total compressed archive size: 1 KB.
Validating package...
Got socket error trying to find package flutter_firelink at https://pub.dev.
Resolving dependencies...
Downloading packages...
  flutter_lints 3.0.2 (6.0.0 available)
  lints 3.0.0 (6.1.0 available)
  matcher 0.12.19 (0.12.20 available)
  meta 1.18.0 (1.18.3 available)
  test_api 0.7.11 (0.7.12 available)
  vector_math 2.2.0 (2.4.0 available)
Got dependencies!
6 packages have newer versions incompatible with dependency constraints.
Try `dart pub outdated` for more information.
Publishing flutter_icon_smith 0.1.0 to https://pub.dev:
├── CHANGELOG.md (<1 KB)
├── LICENSE (1 KB)
├── README.md (<1 KB)
├── analysis_options.yaml (<1 KB)
├── lib
│   └── flutter_icon_smith.dart (<1 KB)
├── package-topics.json (<1 KB)
├── pubspec.yaml (<1 KB)
└── test
    └── flutter_icon_smith_test.dart (<1 KB)

Total compressed archive size: 1 KB.
Validating package...
Got socket error trying to find package flutter_icon_smith at https://pub.dev.
Resolving dependencies...
Downloading packages...
  flutter_lints 3.0.2 (6.0.0 available)
  lints 3.0.0 (6.1.0 available)
  matcher 0.12.19 (0.12.20 available)
  meta 1.18.0 (1.18.3 available)
  test_api 0.7.11 (0.7.12 available)
  vector_math 2.2.0 (2.4.0 available)
Got dependencies!
6 packages have newer versions incompatible with dependency constraints.
Try `dart pub outdated` for more information.
Publishing flutter_monorepo_chief 0.1.0 to https://pub.dev:
├── CHANGELOG.md (<1 KB)
├── LICENSE (1 KB)
├── README.md (<1 KB)
├── analysis_options.yaml (<1 KB)
├── lib
│   └── flutter_monorepo_chief.dart (<1 KB)
├── package-topics.json (<1 KB)
├── pubspec.yaml (<1 KB)
└── test
    └── flutter_monorepo_chief_test.dart (<1 KB)

Total compressed archive size: 1 KB.
Validating package...
Got socket error trying to find package flutter_monorepo_chief at https://pub.dev.
Resolving dependencies...
Downloading packages...
  flutter_lints 3.0.2 (6.0.0 available)
  lints 3.0.0 (6.1.0 available)
  matcher 0.12.19 (0.12.20 available)
  meta 1.18.0 (1.18.3 available)
  test_api 0.7.11 (0.7.12 available)
  vector_math 2.2.0 (2.4.0 available)
Got dependencies!
6 packages have newer versions incompatible with dependency constraints.
Try `dart pub outdated` for more information.
Publishing flutter_perf_doctor 0.1.0 to https://pub.dev:
├── CHANGELOG.md (<1 KB)
├── LICENSE (1 KB)
├── README.md (<1 KB)
├── analysis_options.yaml (<1 KB)
├── lib
│   └── flutter_perf_doctor.dart (<1 KB)
├── package-topics.json (<1 KB)
├── pubspec.yaml (<1 KB)
└── test
    └── flutter_perf_doctor_test.dart (<1 KB)

Total compressed archive size: 1 KB.
Validating package...
Got socket error trying to find package flutter_perf_doctor at https://pub.dev.
Resolving dependencies...
Downloading packages...
  flutter_lints 3.0.2 (6.0.0 available)
  lints 3.0.0 (6.1.0 available)
  matcher 0.12.19 (0.12.20 available)
  meta 1.18.0 (1.18.3 available)
  test_api 0.7.11 (0.7.12 available)
  vector_math 2.2.0 (2.4.0 available)
Got dependencies!
6 packages have newer versions incompatible with dependency constraints.
Try `dart pub outdated` for more information.
Publishing flutter_pub_cleaner 0.1.0 to https://pub.dev:
├── CHANGELOG.md (<1 KB)
├── LICENSE (1 KB)
├── README.md (<1 KB)
├── analysis_options.yaml (<1 KB)
├── lib
│   └── flutter_pub_cleaner.dart (<1 KB)
├── package-topics.json (<1 KB)
├── pubspec.yaml (<1 KB)
└── test
    └── flutter_pub_cleaner_test.dart (<1 KB)

Total compressed archive size: 1 KB.
Validating package...
Got socket error trying to find package flutter_pub_cleaner at https://pub.dev.
