=== pub.dev publish scheduled run 2026-05-26T23:08:51+05:00 ===
Using Flutter: /Users/aftabahmadkhan/.flutter-sdk/bin/flutter
Building flutter tool...
Resolving dependencies...
Got socket error trying to find package archive at https://pub.dev.
Error: Unable to 'pub upgrade' flutter tool. Retrying in five seconds... (9 tries left)
Resolving dependencies...
Got socket error trying to find package code_builder at https://pub.dev.
Error: Unable to 'pub upgrade' flutter tool. Retrying in five seconds... (8 tries left)
Resolving dependencies...
Got socket error trying to find package completion at https://pub.dev.
Error: Unable to 'pub upgrade' flutter tool. Retrying in five seconds... (7 tries left)
Resolving dependencies...
Got socket error trying to find package dwds at https://pub.dev.
Error: Unable to 'pub upgrade' flutter tool. Retrying in five seconds... (6 tries left)
Resolving dependencies...
Got socket error trying to find package dwds at https://pub.dev.
Error: Unable to 'pub upgrade' flutter tool. Retrying in five seconds... (5 tries left)
Resolving dependencies...
Got socket error trying to find package analyzer at https://pub.dev.
Error: Unable to 'pub upgrade' flutter tool. Retrying in five seconds... (4 tries left)
Resolving dependencies...
Got socket error trying to find package args at https://pub.dev.
Error: Unable to 'pub upgrade' flutter tool. Retrying in five seconds... (3 tries left)
Resolving dependencies...
Got socket error trying to find package collection at https://pub.dev.
Error: Unable to 'pub upgrade' flutter tool. Retrying in five seconds... (2 tries left)
Resolving dependencies...
Got socket error trying to find package dwds at https://pub.dev.
Error: Unable to 'pub upgrade' flutter tool. Retrying in five seconds... (1 tries left)
Command 'pub upgrade' still failed after 10 tries, giving up.
