Using Flutter: /Users/aftabahmadkhan/.flutter-sdk/bin/flutter
Flutter 3.44.0 • channel stable • https://github.com/flutter/flutter.git
  patched app_flow_orchestrator
  patched auto_localization_kit
  patched auto_state_sync
  patched flutter_api_weaver
  patched flutter_asset_sync
  patched flutter_build_shrinker
  patched flutter_clean_arch_bot
  patched flutter_db_scaffold
  patched flutter_device_lab
  patched flutter_env_forge
  patched flutter_firelink
  patched flutter_icon_smith
  patched flutter_monorepo_chief
  patched flutter_perf_doctor
  patched flutter_pub_cleaner
  patched flutter_release_pilot
  patched flutter_route_genius
  patched flutter_screen_forge
  patched flutter_state_smith
  patched flutter_super_table
  patched flutter_test_factory
  patched flutter_ui_cloner
  patched flutter_widget_map
  patched flutter_zero_setup
  patched motion_builder
  patched responsive_magic_ui
  patched secure_vault_lite
  patched smart_form_x
  patched smart_theme_engine
  patched widget_studio

30 pubspec.yaml file(s) ready for pub.dev.
Pending: 30 · This run: 15 (limit 15)

dart sdk OK (Flutter 3.44.0 • channel stable • https://github.com/flutter/flutter.git)
pub.dev auth OK (dart pub login)
dart sdk OK (Flutter 3.44.0 • channel stable • https://github.com/flutter/flutter.git)
pub.dev auth OK (dart pub login)
[1/10] Material Fonts                                               5.9s
[2/10] Gradle Wrapper                                              540ms
[3/10] Flutter SDK
  ├─ [1/5] sky_engine                                               4.8s
  ├─ [2/5] flutter_gpu                                             256ms
  ├─ [3/5] flutter_patched_sdk                                     14.8s
  ├─ [4/5] flutter_patched_sdk_product                             12.0s
  └─ [5/5] darwin-arm64                                            76.8s
[4/10] iOS USB Artifact: libimobiledevice                          815ms
[5/10] iOS USB Artifact: libusbmuxd                                568ms
[6/10] iOS USB Artifact: libplist                                  615ms
[7/10] iOS USB Artifact: openssl                                    9.8s
[8/10] iOS USB Artifact: libimobiledeviceglue                      615ms
[9/10] iOS USB Artifact: ios-deploy                                600ms
[10/10] darwin-arm64/font-subset                                 2,357ms
Resolving dependencies...
Downloading packages...
+ async 2.13.1
+ boolean_selector 2.1.2
+ characters 1.4.1
+ clock 1.1.2
+ collection 1.19.1
+ fake_async 1.3.3
+ flutter 0.0.0 from sdk flutter
+ flutter_lints 3.0.2 (6.0.0 available)
+ flutter_test 0.0.0 from sdk flutter
+ leak_tracker 11.0.2
+ leak_tracker_flutter_testing 3.0.10
+ leak_tracker_testing 3.0.2
+ lints 3.0.0 (6.1.0 available)
+ matcher 0.12.19 (0.12.20 available)
+ material_color_utilities 0.13.0
+ meta 1.18.0 (1.18.2 available)
+ path 1.9.1
+ sky_engine 0.0.0 from sdk flutter
+ source_span 1.10.2
+ stack_trace 1.12.1
+ stream_channel 2.1.4
+ string_scanner 1.4.1
+ term_glyph 1.2.2
+ test_api 0.7.11 (0.7.12 available)
+ vector_math 2.2.0 (2.3.0 available)
+ vm_service 15.2.0
Changed 26 dependencies!
6 packages have newer versions incompatible with dependency constraints.
Try `flutter pub outdated` for more information.
Resolving dependencies...
Downloading packages...
+ async 2.13.1
+ boolean_selector 2.1.2
+ characters 1.4.1
+ clock 1.1.2
+ collection 1.19.1
+ fake_async 1.3.3
+ flutter 0.0.0 from sdk flutter
+ flutter_lints 3.0.2 (6.0.0 available)
+ flutter_test 0.0.0 from sdk flutter
+ leak_tracker 11.0.2
+ leak_tracker_flutter_testing 3.0.10
+ leak_tracker_testing 3.0.2
+ lints 3.0.0 (6.1.0 available)
+ matcher 0.12.19 (0.12.20 available)
+ material_color_utilities 0.13.0
+ meta 1.18.0 (1.18.2 available)
+ path 1.9.1
+ sky_engine 0.0.0 from sdk flutter
+ source_span 1.10.2
+ stack_trace 1.12.1
+ stream_channel 2.1.4
+ string_scanner 1.4.1
+ term_glyph 1.2.2
+ test_api 0.7.11 (0.7.12 available)
+ vector_math 2.2.0 (2.3.0 available)
+ vm_service 15.2.0
Changed 26 dependencies!
6 packages have newer versions incompatible with dependency constraints.
Try `flutter pub outdated` for more information.
Resolving dependencies...
Downloading packages...
+ async 2.13.1
+ boolean_selector 2.1.2
+ characters 1.4.1
+ clock 1.1.2
+ collection 1.19.1
+ fake_async 1.3.3
+ flutter 0.0.0 from sdk flutter
+ flutter_lints 3.0.2 (6.0.0 available)
+ flutter_test 0.0.0 from sdk flutter
+ leak_tracker 11.0.2
+ leak_tracker_flutter_testing 3.0.10
+ leak_tracker_testing 3.0.2
+ lints 3.0.0 (6.1.0 available)
+ matcher 0.12.19 (0.12.20 available)
+ material_color_utilities 0.13.0
+ meta 1.18.0 (1.18.2 available)
+ path 1.9.1
+ sky_engine 0.0.0 from sdk flutter
+ source_span 1.10.2
+ stack_trace 1.12.1
+ stream_channel 2.1.4
+ string_scanner 1.4.1
+ term_glyph 1.2.2
+ test_api 0.7.11 (0.7.12 available)
+ vector_math 2.2.0 (2.3.0 available)
+ vm_service 15.2.0
Changed 26 dependencies!
6 packages have newer versions incompatible with dependency constraints.
Try `flutter pub outdated` for more information.
Resolving dependencies...
Downloading packages...
+ async 2.13.1
+ boolean_selector 2.1.2
+ characters 1.4.1
+ clock 1.1.2
+ collection 1.19.1
+ fake_async 1.3.3
+ flutter 0.0.0 from sdk flutter
+ flutter_lints 3.0.2 (6.0.0 available)
+ flutter_test 0.0.0 from sdk flutter
+ leak_tracker 11.0.2
+ leak_tracker_flutter_testing 3.0.10
+ leak_tracker_testing 3.0.2
+ lints 3.0.0 (6.1.0 available)
+ matcher 0.12.19 (0.12.20 available)
+ material_color_utilities 0.13.0
+ meta 1.18.0 (1.18.2 available)
+ path 1.9.1
+ sky_engine 0.0.0 from sdk flutter
+ source_span 1.10.2
+ stack_trace 1.12.1
+ stream_channel 2.1.4
+ string_scanner 1.4.1
+ term_glyph 1.2.2
+ test_api 0.7.11 (0.7.12 available)
+ vector_math 2.2.0 (2.3.0 available)
+ vm_service 15.2.0
Changed 26 dependencies!
6 packages have newer versions incompatible with dependency constraints.
Try `flutter pub outdated` for more information.
Resolving dependencies...
Downloading packages...
+ async 2.13.1
+ boolean_selector 2.1.2
+ characters 1.4.1
+ clock 1.1.2
+ collection 1.19.1
+ fake_async 1.3.3
+ flutter 0.0.0 from sdk flutter
+ flutter_lints 3.0.2 (6.0.0 available)
+ flutter_test 0.0.0 from sdk flutter
+ leak_tracker 11.0.2
+ leak_tracker_flutter_testing 3.0.10
+ leak_tracker_testing 3.0.2
+ lints 3.0.0 (6.1.0 available)
+ matcher 0.12.19 (0.12.20 available)
+ material_color_utilities 0.13.0
+ meta 1.18.0 (1.18.2 available)
+ path 1.9.1
+ sky_engine 0.0.0 from sdk flutter
+ source_span 1.10.2
+ stack_trace 1.12.1
+ stream_channel 2.1.4
+ string_scanner 1.4.1
+ term_glyph 1.2.2
+ test_api 0.7.11 (0.7.12 available)
+ vector_math 2.2.0 (2.3.0 available)
+ vm_service 15.2.0
Changed 26 dependencies!
6 packages have newer versions incompatible with dependency constraints.
Try `flutter pub outdated` for more information.
Resolving dependencies...
Downloading packages...
+ async 2.13.1
+ boolean_selector 2.1.2
+ characters 1.4.1
+ clock 1.1.2
+ collection 1.19.1
+ fake_async 1.3.3
+ flutter 0.0.0 from sdk flutter
+ flutter_lints 3.0.2 (6.0.0 available)
+ flutter_test 0.0.0 from sdk flutter
+ leak_tracker 11.0.2
+ leak_tracker_flutter_testing 3.0.10
+ leak_tracker_testing 3.0.2
+ lints 3.0.0 (6.1.0 available)
+ matcher 0.12.19 (0.12.20 available)
+ material_color_utilities 0.13.0
+ meta 1.18.0 (1.18.2 available)
+ path 1.9.1
+ sky_engine 0.0.0 from sdk flutter
+ source_span 1.10.2
+ stack_trace 1.12.1
+ stream_channel 2.1.4
+ string_scanner 1.4.1
+ term_glyph 1.2.2
+ test_api 0.7.11 (0.7.12 available)
+ vector_math 2.2.0 (2.3.0 available)
+ vm_service 15.2.0
Changed 26 dependencies!
6 packages have newer versions incompatible with dependency constraints.
Try `flutter pub outdated` for more information.
Resolving dependencies...
Downloading packages...
+ async 2.13.1
+ boolean_selector 2.1.2
+ characters 1.4.1
+ clock 1.1.2
+ collection 1.19.1
+ fake_async 1.3.3
+ flutter 0.0.0 from sdk flutter
+ flutter_lints 3.0.2 (6.0.0 available)
+ flutter_test 0.0.0 from sdk flutter
+ leak_tracker 11.0.2
+ leak_tracker_flutter_testing 3.0.10
+ leak_tracker_testing 3.0.2
+ lints 3.0.0 (6.1.0 available)
+ matcher 0.12.19 (0.12.20 available)
+ material_color_utilities 0.13.0
+ meta 1.18.0 (1.18.2 available)
+ path 1.9.1
+ sky_engine 0.0.0 from sdk flutter
+ source_span 1.10.2
+ stack_trace 1.12.1
+ stream_channel 2.1.4
+ string_scanner 1.4.1
+ term_glyph 1.2.2
+ test_api 0.7.11 (0.7.12 available)
+ vector_math 2.2.0 (2.3.0 available)
+ vm_service 15.2.0
Changed 26 dependencies!
6 packages have newer versions incompatible with dependency constraints.
Try `flutter pub outdated` for more information.
Resolving dependencies...
Downloading packages...
+ async 2.13.1
+ boolean_selector 2.1.2
+ characters 1.4.1
+ clock 1.1.2
+ collection 1.19.1
+ fake_async 1.3.3
+ flutter 0.0.0 from sdk flutter
+ flutter_lints 3.0.2 (6.0.0 available)
+ flutter_test 0.0.0 from sdk flutter
+ leak_tracker 11.0.2
+ leak_tracker_flutter_testing 3.0.10
+ leak_tracker_testing 3.0.2
+ lints 3.0.0 (6.1.0 available)
+ matcher 0.12.19 (0.12.20 available)
+ material_color_utilities 0.13.0
+ meta 1.18.0 (1.18.2 available)
+ path 1.9.1
+ sky_engine 0.0.0 from sdk flutter
+ source_span 1.10.2
+ stack_trace 1.12.1
+ stream_channel 2.1.4
+ string_scanner 1.4.1
+ term_glyph 1.2.2
+ test_api 0.7.11 (0.7.12 available)
+ vector_math 2.2.0 (2.3.0 available)
+ vm_service 15.2.0
Changed 26 dependencies!
6 packages have newer versions incompatible with dependency constraints.
Try `flutter pub outdated` for more information.
Resolving dependencies...
Downloading packages...
+ async 2.13.1
+ boolean_selector 2.1.2
+ characters 1.4.1
+ clock 1.1.2
+ collection 1.19.1
+ fake_async 1.3.3
+ flutter 0.0.0 from sdk flutter
+ flutter_lints 3.0.2 (6.0.0 available)
+ flutter_test 0.0.0 from sdk flutter
+ leak_tracker 11.0.2
+ leak_tracker_flutter_testing 3.0.10
+ leak_tracker_testing 3.0.2
+ lints 3.0.0 (6.1.0 available)
+ matcher 0.12.19 (0.12.20 available)
+ material_color_utilities 0.13.0
+ meta 1.18.0 (1.18.2 available)
+ path 1.9.1
+ sky_engine 0.0.0 from sdk flutter
+ source_span 1.10.2
+ stack_trace 1.12.1
+ stream_channel 2.1.4
+ string_scanner 1.4.1
+ term_glyph 1.2.2
+ test_api 0.7.11 (0.7.12 available)
+ vector_math 2.2.0 (2.3.0 available)
+ vm_service 15.2.0
Changed 26 dependencies!
6 packages have newer versions incompatible with dependency constraints.
Try `flutter pub outdated` for more information.
Resolving dependencies...
Downloading packages...
+ async 2.13.1
+ boolean_selector 2.1.2
+ characters 1.4.1
+ clock 1.1.2
+ collection 1.19.1
+ fake_async 1.3.3
+ flutter 0.0.0 from sdk flutter
+ flutter_lints 3.0.2 (6.0.0 available)
+ flutter_test 0.0.0 from sdk flutter
+ leak_tracker 11.0.2
+ leak_tracker_flutter_testing 3.0.10
+ leak_tracker_testing 3.0.2
+ lints 3.0.0 (6.1.0 available)
+ matcher 0.12.19 (0.12.20 available)
+ material_color_utilities 0.13.0
+ meta 1.18.0 (1.18.2 available)
+ path 1.9.1
+ sky_engine 0.0.0 from sdk flutter
+ source_span 1.10.2
+ stack_trace 1.12.1
+ stream_channel 2.1.4
+ string_scanner 1.4.1
+ term_glyph 1.2.2
+ test_api 0.7.11 (0.7.12 available)
+ vector_math 2.2.0 (2.3.0 available)
+ vm_service 15.2.0
Changed 26 dependencies!
6 packages have newer versions incompatible with dependency constraints.
Try `flutter pub outdated` for more information.
Resolving dependencies...
Downloading packages...
+ async 2.13.1
+ boolean_selector 2.1.2
+ characters 1.4.1
+ clock 1.1.2
+ collection 1.19.1
+ fake_async 1.3.3
+ flutter 0.0.0 from sdk flutter
+ flutter_lints 3.0.2 (6.0.0 available)
+ flutter_test 0.0.0 from sdk flutter
+ leak_tracker 11.0.2
+ leak_tracker_flutter_testing 3.0.10
+ leak_tracker_testing 3.0.2
+ lints 3.0.0 (6.1.0 available)
+ matcher 0.12.19 (0.12.20 available)
+ material_color_utilities 0.13.0
+ meta 1.18.0 (1.18.2 available)
+ path 1.9.1
+ sky_engine 0.0.0 from sdk flutter
+ source_span 1.10.2
+ stack_trace 1.12.1
+ stream_channel 2.1.4
+ string_scanner 1.4.1
+ term_glyph 1.2.2
+ test_api 0.7.11 (0.7.12 available)
+ vector_math 2.2.0 (2.3.0 available)
+ vm_service 15.2.0
Changed 26 dependencies!
6 packages have newer versions incompatible with dependency constraints.
Try `flutter pub outdated` for more information.
Resolving dependencies...
Downloading packages...
+ async 2.13.1
+ boolean_selector 2.1.2
+ characters 1.4.1
+ clock 1.1.2
+ collection 1.19.1
+ fake_async 1.3.3
+ flutter 0.0.0 from sdk flutter
+ flutter_lints 3.0.2 (6.0.0 available)
+ flutter_test 0.0.0 from sdk flutter
+ leak_tracker 11.0.2
+ leak_tracker_flutter_testing 3.0.10
+ leak_tracker_testing 3.0.2
+ lints 3.0.0 (6.1.0 available)
+ matcher 0.12.19 (0.12.20 available)
+ material_color_utilities 0.13.0
+ meta 1.18.0 (1.18.2 available)
+ path 1.9.1
+ sky_engine 0.0.0 from sdk flutter
+ source_span 1.10.2
+ stack_trace 1.12.1
+ stream_channel 2.1.4
+ string_scanner 1.4.1
+ term_glyph 1.2.2
+ test_api 0.7.11 (0.7.12 available)
+ vector_math 2.2.0 (2.3.0 available)
+ vm_service 15.2.0
Changed 26 dependencies!
6 packages have newer versions incompatible with dependency constraints.
Try `flutter pub outdated` for more information.
Resolving dependencies...
Downloading packages...
+ async 2.13.1
+ boolean_selector 2.1.2
+ characters 1.4.1
+ clock 1.1.2
+ collection 1.19.1
+ fake_async 1.3.3
+ flutter 0.0.0 from sdk flutter
+ flutter_lints 3.0.2 (6.0.0 available)
+ flutter_test 0.0.0 from sdk flutter
+ leak_tracker 11.0.2
+ leak_tracker_flutter_testing 3.0.10
+ leak_tracker_testing 3.0.2
+ lints 3.0.0 (6.1.0 available)
+ matcher 0.12.19 (0.12.20 available)
+ material_color_utilities 0.13.0
+ meta 1.18.0 (1.18.2 available)
+ path 1.9.1
+ sky_engine 0.0.0 from sdk flutter
+ source_span 1.10.2
+ stack_trace 1.12.1
+ stream_channel 2.1.4
+ string_scanner 1.4.1
+ term_glyph 1.2.2
+ test_api 0.7.11 (0.7.12 available)
+ vector_math 2.2.0 (2.3.0 available)
+ vm_service 15.2.0
Changed 26 dependencies!
6 packages have newer versions incompatible with dependency constraints.
Try `flutter pub outdated` for more information.
Resolving dependencies...
Downloading packages...
+ async 2.13.1
+ boolean_selector 2.1.2
+ characters 1.4.1
+ clock 1.1.2
+ collection 1.19.1
+ fake_async 1.3.3
+ flutter 0.0.0 from sdk flutter
+ flutter_lints 3.0.2 (6.0.0 available)
+ flutter_test 0.0.0 from sdk flutter
+ leak_tracker 11.0.2
+ leak_tracker_flutter_testing 3.0.10
+ leak_tracker_testing 3.0.2
+ lints 3.0.0 (6.1.0 available)
+ matcher 0.12.19 (0.12.20 available)
+ material_color_utilities 0.13.0
+ meta 1.18.0 (1.18.2 available)
+ path 1.9.1
+ sky_engine 0.0.0 from sdk flutter
+ source_span 1.10.2
+ stack_trace 1.12.1
+ stream_channel 2.1.4
+ string_scanner 1.4.1
+ term_glyph 1.2.2
+ test_api 0.7.11 (0.7.12 available)
+ vector_math 2.2.0 (2.3.0 available)
+ vm_service 15.2.0
Changed 26 dependencies!
6 packages have newer versions incompatible with dependency constraints.
Try `flutter pub outdated` for more information.
Resolving dependencies...
Downloading packages...
+ async 2.13.1
+ boolean_selector 2.1.2
+ characters 1.4.1
+ clock 1.1.2
+ collection 1.19.1
+ fake_async 1.3.3
+ flutter 0.0.0 from sdk flutter
+ flutter_lints 3.0.2 (6.0.0 available)
+ flutter_test 0.0.0 from sdk flutter
+ leak_tracker 11.0.2
+ leak_tracker_flutter_testing 3.0.10
+ leak_tracker_testing 3.0.2
+ lints 3.0.0 (6.1.0 available)
+ matcher 0.12.19 (0.12.20 available)
+ material_color_utilities 0.13.0
+ meta 1.18.0 (1.18.2 available)
+ path 1.9.1
+ sky_engine 0.0.0 from sdk flutter
+ source_span 1.10.2
+ stack_trace 1.12.1
+ stream_channel 2.1.4
+ string_scanner 1.4.1
+ term_glyph 1.2.2
+ test_api 0.7.11 (0.7.12 available)
+ vector_math 2.2.0 (2.3.0 available)
+ vm_service 15.2.0
Changed 26 dependencies!
6 packages have newer versions incompatible with dependency constraints.
Try `flutter pub outdated` for more information.
Resolving dependencies...
Downloading packages...
  flutter_lints 3.0.2 (6.0.0 available)
  lints 3.0.0 (6.1.0 available)
  matcher 0.12.19 (0.12.20 available)
  meta 1.18.0 (1.18.2 available)
  test_api 0.7.11 (0.7.12 available)
  vector_math 2.2.0 (2.3.0 available)
Got dependencies!
6 packages have newer versions incompatible with dependency constraints.
Try `dart pub outdated` for more information.
Publishing app_flow_orchestrator 0.1.0 to https://pub.dev:
├── CHANGELOG.md (<1 KB)
├── LICENSE (1 KB)
├── README.md (<1 KB)
├── analysis_options.yaml (<1 KB)
├── lib
│   └── app_flow_orchestrator.dart (<1 KB)
├── package-topics.json (<1 KB)
├── pubspec.yaml (<1 KB)
└── test
    └── app_flow_orchestrator_test.dart (<1 KB)

Total compressed archive size: 1 KB.
Validating package...
Uploading...
Message from server: `pubspec.yaml` has invalid `topics`: at most 5 topics are allowed.
