create NPM-Packages-Modules/apidocsmith
https://github.com/NPM-Packages-Modules/apidocsmith
To https://github.com/NPM-Packages-Modules/apidocsmith.git
 * [new branch]      main -> main
branch 'main' set up to track 'origin/main'.
OK [1/20] react-native/apidocsmith -> NPM-Packages-Modules/apidocsmith
create NPM-Packages-Modules/apiflowx
https://github.com/NPM-Packages-Modules/apiflowx
To https://github.com/NPM-Packages-Modules/apiflowx.git
 * [new branch]      main -> main
branch 'main' set up to track 'origin/main'.
OK [2/20] react-native/apiflowx -> NPM-Packages-Modules/apiflowx
To https://github.com/NPM-Packages-Modules/authmesh.git
   981eac7..1587c93  main -> main
branch 'main' set up to track 'origin/main'.
OK [3/20] react-native/authmesh -> NPM-Packages-Modules/authmesh
create NPM-Packages-Modules/cachepilot
https://github.com/NPM-Packages-Modules/cachepilot
To https://github.com/NPM-Packages-Modules/cachepilot.git
 * [new branch]      main -> main
branch 'main' set up to track 'origin/main'.
OK [4/20] react-native/cachepilot -> NPM-Packages-Modules/cachepilot
create NPM-Packages-Modules/cronpilot
https://github.com/NPM-Packages-Modules/cronpilot
To https://github.com/NPM-Packages-Modules/cronpilot.git
 * [new branch]      main -> main
branch 'main' set up to track 'origin/main'.
OK [5/20] react-native/cronpilot -> NPM-Packages-Modules/cronpilot
To https://github.com/NPM-Packages-Modules/datamorph.git
   2b5451f..ab0434a  main -> main
branch 'main' set up to track 'origin/main'.
OK [6/20] react-native/datamorph -> NPM-Packages-Modules/datamorph
create NPM-Packages-Modules/deploysense
https://github.com/NPM-Packages-Modules/deploysense
To https://github.com/NPM-Packages-Modules/deploysense.git
 * [new branch]      main -> main
branch 'main' set up to track 'origin/main'.
OK [7/20] react-native/deploysense -> NPM-Packages-Modules/deploysense
create NPM-Packages-Modules/envsyncer
https://github.com/NPM-Packages-Modules/envsyncer
To https://github.com/NPM-Packages-Modules/envsyncer.git
 * [new branch]      main -> main
branch 'main' set up to track 'origin/main'.
OK [8/20] react-native/envsyncer -> NPM-Packages-Modules/envsyncer
create NPM-Packages-Modules/eventbridgex
https://github.com/NPM-Packages-Modules/eventbridgex
To https://github.com/NPM-Packages-Modules/eventbridgex.git
 * [new branch]      main -> main
branch 'main' set up to track 'origin/main'.
OK [9/20] react-native/eventbridgex -> NPM-Packages-Modules/eventbridgex
To https://github.com/NPM-Packages-Modules/logmesh.git
   a11b597..c9db72f  main -> main
branch 'main' set up to track 'origin/main'.
OK [10/20] react-native/logmesh -> NPM-Packages-Modules/logmesh
create NPM-Packages-Modules/mongoforge
https://github.com/NPM-Packages-Modules/mongoforge
To https://github.com/NPM-Packages-Modules/mongoforge.git
 * [new branch]      main -> main
branch 'main' set up to track 'origin/main'.
OK [11/20] react-native/mongoforge -> NPM-Packages-Modules/mongoforge
create NPM-Packages-Modules/querygenie
https://github.com/NPM-Packages-Modules/querygenie
To https://github.com/NPM-Packages-Modules/querygenie.git
 * [new branch]      main -> main
branch 'main' set up to track 'origin/main'.
OK [12/20] react-native/querygenie -> NPM-Packages-Modules/querygenie
create NPM-Packages-Modules/retryflow
https://github.com/NPM-Packages-Modules/retryflow
To https://github.com/NPM-Packages-Modules/retryflow.git
 * [new branch]      main -> main
branch 'main' set up to track 'origin/main'.
OK [13/20] react-native/retryflow -> NPM-Packages-Modules/retryflow
create NPM-Packages-Modules/routeforge
https://github.com/NPM-Packages-Modules/routeforge
To https://github.com/NPM-Packages-Modules/routeforge.git
 * [new branch]      main -> main
branch 'main' set up to track 'origin/main'.
OK [14/20] react-native/routeforge -> NPM-Packages-Modules/routeforge
To https://github.com/NPM-Packages-Modules/schemashift.git
   5a30445..f3dca0e  main -> main
branch 'main' set up to track 'origin/main'.
OK [15/20] react-native/schemashift -> NPM-Packages-Modules/schemashift
create NPM-Packages-Modules/secureflow
https://github.com/NPM-Packages-Modules/secureflow
To https://github.com/NPM-Packages-Modules/secureflow.git
 * [new branch]      main -> main
branch 'main' set up to track 'origin/main'.
OK [16/20] react-native/secureflow -> NPM-Packages-Modules/secureflow
To https://github.com/NPM-Packages-Modules/servbridge.git
   38f4f00..0887615  main -> main
branch 'main' set up to track 'origin/main'.
OK [17/20] react-native/servbridge -> NPM-Packages-Modules/servbridge
create NPM-Packages-Modules/servqueue
https://github.com/NPM-Packages-Modules/servqueue
To https://github.com/NPM-Packages-Modules/servqueue.git
 * [new branch]      main -> main
branch 'main' set up to track 'origin/main'.
OK [18/20] react-native/servqueue -> NPM-Packages-Modules/servqueue
create NPM-Packages-Modules/socketmesh
https://github.com/NPM-Packages-Modules/socketmesh
To https://github.com/NPM-Packages-Modules/socketmesh.git
 * [new branch]      main -> main
branch 'main' set up to track 'origin/main'.
OK [19/20] react-native/socketmesh -> NPM-Packages-Modules/socketmesh
create NPM-Packages-Modules/stacktracex
https://github.com/NPM-Packages-Modules/stacktracex
To https://github.com/NPM-Packages-Modules/stacktracex.git
 * [new branch]      main -> main
branch 'main' set up to track 'origin/main'.
OK [20/20] react-native/stacktracex -> NPM-Packages-Modules/stacktracex
